INFO    -  MERMAID2  - Initialization arguments: {'theme': 'default', 'themeVariables': {'primaryColor': '#5448C8', 'primaryTextColor': '#ffffff', 'primaryBorderColor': '#5448C8', 'lineColor': '#6366f1', 'sectionBkgColor': '#f8fafc', 'altSectionBkgColor': '#f1f5f9', 'gridColor': '#e2e8f0', 'secondaryColor': '#00BCD4', 'tertiaryColor': '#f3f4f6'}}
INFO    -  MERMAID2  - Using javascript library (10.6.1):
   https://unpkg.com/mermaid@10.6.1/dist/mermaid.esm.min.mjs
INFO    -  Cleaning site directory
INFO    -  Building documentation to directory: /home/deepak/DStudio/site
INFO    -  The following pages exist in the docs directory, but are not included in the "nav" configuration:
  - pattern-library/pattern-template-v2.md
  - pattern-library/visual-asset-creation-plan.md
  - pattern-library/visual-assets/RENDERING_INSTRUCTIONS.md
  - pattern-library/visual-assets/pattern-selection-matrix.md
  - patterns/index.md
  - patterns/pattern-antipatterns-guide.md
  - patterns/pattern-combination-recipes.md
  - patterns/pattern-comparison-tool.md
  - patterns/pattern-decision-matrix.md
  - patterns/pattern-implementation-roadmap.md
  - patterns/pattern-migration-guides.md
  - patterns/pattern-relationship-map.md
  - patterns/pattern-synthesis-guide.md
  - patterns/pattern-template-v2.md
  - patterns/visual-asset-creation-plan.md
  - patterns/architecture/index.md
  - patterns/architecture/ambassador.md
  - patterns/architecture/anti-corruption-layer.md
  - patterns/architecture/backends-for-frontends.md
  - patterns/architecture/cap-theorem.md
  - patterns/architecture/cell-based.md
  - patterns/architecture/choreography.md
  - patterns/architecture/event-driven.md
  - patterns/architecture/event-streaming.md
  - patterns/architecture/graphql-federation.md
  - patterns/architecture/kappa-architecture.md
  - patterns/architecture/lambda-architecture.md
  - patterns/architecture/serverless-faas.md
  - patterns/architecture/shared-nothing.md
  - patterns/architecture/sidecar.md
  - patterns/architecture/strangler-fig.md
  - patterns/architecture/valet-key.md
  - patterns/communication/index.md
  - patterns/communication/api-gateway.md
  - patterns/communication/grpc.md
  - patterns/communication/publish-subscribe.md
  - patterns/communication/request-reply.md
  - patterns/communication/service-discovery.md
  - patterns/communication/service-mesh.md
  - patterns/communication/service-registry.md
  - patterns/communication/websocket.md
  - patterns/coordination/index.md
  - patterns/coordination/actor-model.md
  - patterns/coordination/cas.md
  - patterns/coordination/clock-sync.md
  - patterns/coordination/consensus.md
  - patterns/coordination/distributed-lock.md
  - patterns/coordination/distributed-queue.md
  - patterns/coordination/emergent-leader.md
  - patterns/coordination/generation-clock.md
  - patterns/coordination/hlc.md
  - patterns/coordination/leader-election.md
  - patterns/coordination/leader-follower.md
  - patterns/coordination/lease.md
  - patterns/coordination/logical-clocks.md
  - patterns/coordination/low-high-water-marks.md
  - patterns/coordination/state-watch.md
  - patterns/data-management/index.md
  - patterns/data-management/bloom-filter.md
  - patterns/data-management/cdc.md
  - patterns/data-management/consistent-hashing.md
  - patterns/data-management/cqrs.md
  - patterns/data-management/crdt.md
  - patterns/data-management/data-lake.md
  - patterns/data-management/deduplication.md
  - patterns/data-management/delta-sync.md
  - patterns/data-management/distributed-storage.md
  - patterns/data-management/event-sourcing.md
  - patterns/data-management/eventual-consistency.md
  - patterns/data-management/lsm-tree.md
  - patterns/data-management/materialized-view.md
  - patterns/data-management/merkle-trees.md
  - patterns/data-management/outbox.md
  - patterns/data-management/polyglot-persistence.md
  - patterns/data-management/read-repair.md
  - patterns/data-management/saga.md
  - patterns/data-management/segmented-log.md
  - patterns/data-management/shared-database.md
  - patterns/data-management/tunable-consistency.md
  - patterns/data-management/write-ahead-log.md
  - patterns/resilience/index.md
  - patterns/resilience/bulkhead.md
  - patterns/resilience/circuit-breaker.md
  - patterns/resilience/failover.md
  - patterns/resilience/fault-tolerance.md
  - patterns/resilience/graceful-degradation.md
  - patterns/resilience/health-check.md
  - patterns/resilience/heartbeat.md
  - patterns/resilience/load-shedding.md
  - patterns/resilience/retry-backoff.md
  - patterns/resilience/split-brain.md
  - patterns/resilience/timeout.md
  - patterns/scaling/index.md
  - patterns/scaling/analytics-scale.md
  - patterns/scaling/auto-scaling.md
  - patterns/scaling/backpressure.md
  - patterns/scaling/caching-strategies.md
  - patterns/scaling/chunking.md
  - patterns/scaling/edge-computing.md
  - patterns/scaling/geo-distribution.md
  - patterns/scaling/geo-replication.md
  - patterns/scaling/id-generation-scale.md
  - patterns/scaling/load-balancing.md
  - patterns/scaling/multi-region.md
  - patterns/scaling/priority-queue.md
  - patterns/scaling/queues-streaming.md
  - patterns/scaling/rate-limiting.md
  - patterns/scaling/request-batching.md
  - patterns/scaling/scatter-gather.md
  - patterns/scaling/sharding.md
  - patterns/scaling/tile-caching.md
  - patterns/scaling/url-normalization.md
  - patterns/visual-assets/RENDERING_INSTRUCTIONS.md
  - patterns/visual-assets/pattern-selection-matrix.md
INFO    -  Doc file 'architects-handbook/index.md' contains an unrecognized relative link 'implementation-playbooks/monolith-decomposition/', it was left as is.
INFO    -  Doc file 'architects-handbook/index.md' contains an unrecognized relative link 'implementation-playbooks/zero-downtime/', it was left as is.
INFO    -  Doc file 'architects-handbook/index.md' contains an unrecognized relative link 'implementation-playbooks/global-expansion/', it was left as is.
WARNING -  Doc file 'architects-handbook/index.md' contains a link '../../tools/latency-calculator.md', but the target '../tools/latency-calculator.md' is not found among documentation files.
INFO    -  Doc file 'architects-handbook/index.md' contains an unrecognized relative link 'implementation-playbooks/pattern-selection-wizard/', it was left as is.
INFO    -  Doc file 'architects-handbook/index.md' contains an unrecognized relative link 'implementation-playbooks/migration-checklist/', it was left as is.
INFO    -  Doc file 'architects-handbook/index.md' contains an unrecognized relative link 'implementation-playbooks/monolith-to-microservices/', it was left as is.
INFO    -  Doc file 'architects-handbook/index.md' contains an unrecognized relative link 'implementation-playbooks/global-expansion/', it was left as is.
INFO    -  Doc file 'architects-handbook/index.md' contains an unrecognized relative link 'implementation-playbooks/zero-downtime/', it was left as is.
WARNING -  Doc file 'architects-handbook/case-studies/databases/index.md' contains a link 'amazon-aurora.md.md', but the target 'architects-handbook/case-studies/databases/amazon-aurora.md.md' is not found among documentation files.
WARNING -  Doc file 'architects-handbook/case-studies/databases/index.md' contains a link 'key-value-store.md.md', but the target 'architects-handbook/case-studies/databases/key-value-store.md.md' is not found among documentation files.
WARNING -  Doc file 'architects-handbook/case-studies/databases/amazon-aurora.md' contains a link 'index.md.md', but the target 'architects-handbook/case-studies/databases/index.md.md' is not found among documentation files.
WARNING -  Doc file 'architects-handbook/case-studies/databases/amazon-dynamo.md' contains a link '../pattern-library/resilience/circuit-breaker.md', but the target 'architects-handbook/case-studies/pattern-library/resilience/circuit-breaker.md' is not found among documentation files.
WARNING -  Doc file 'architects-handbook/case-studies/databases/amazon-dynamo.md' contains a link '../pattern-library/resilience/circuit-breaker.md', but the target 'architects-handbook/case-studies/pattern-library/resilience/circuit-breaker.md' is not found among documentation files.
WARNING -  Doc file 'architects-handbook/case-studies/databases/amazon-dynamo.md' contains a link '../pattern-library/data-management/consistent-hashing.md', but the target 'architects-handbook/case-studies/pattern-library/data-management/consistent-hashing.md' is not found among documentation files.
WARNING -  Doc file 'architects-handbook/case-studies/databases/amazon-dynamo.md' contains a link '../pattern-library/data-management/consistent-hashing.md', but the target 'architects-handbook/case-studies/pattern-library/data-management/consistent-hashing.md' is not found among documentation files.
WARNING -  Doc file 'architects-handbook/case-studies/databases/amazon-dynamo.md' contains a link '../pattern-library/coordination/consensus.md', but the target 'architects-handbook/case-studies/pattern-library/coordination/consensus.md' is not found among documentation files.
WARNING -  Doc file 'architects-handbook/case-studies/databases/amazon-dynamo.md' contains a link '../pattern-library/coordination/consensus.md', but the target 'architects-handbook/case-studies/pattern-library/coordination/consensus.md' is not found among documentation files.
WARNING -  Doc file 'architects-handbook/case-studies/databases/amazon-dynamo.md' contains a link '../pattern-library/data-management/read-repair.md', but the target 'architects-handbook/case-studies/pattern-library/data-management/read-repair.md' is not found among documentation files.
WARNING -  Doc file 'architects-handbook/case-studies/databases/amazon-dynamo.md' contains a link '../pattern-library/data-management/read-repair.md', but the target 'architects-handbook/case-studies/pattern-library/data-management/read-repair.md' is not found among documentation files.
WARNING -  Doc file 'architects-handbook/case-studies/databases/amazon-dynamo.md' contains a link '../pattern-library/data-management/consistent-hashing.md', but the target 'architects-handbook/case-studies/pattern-library/data-management/consistent-hashing.md' is not found among documentation files.
WARNING -  Doc file 'architects-handbook/case-studies/databases/amazon-dynamo.md' contains a link '../pattern-library/coordination/logical-clocks.md', but the target 'architects-handbook/case-studies/pattern-library/coordination/logical-clocks.md' is not found among documentation files.
WARNING -  Doc file 'architects-handbook/case-studies/databases/amazon-dynamo.md' contains a link '../pattern-library/data-management/merkle-trees.md', but the target 'architects-handbook/case-studies/pattern-library/data-management/merkle-trees.md' is not found among documentation files.
WARNING -  Doc file 'architects-handbook/case-studies/databases/amazon-dynamo.md' contains a link '../pattern-library/coordination/consensus.md', but the target 'architects-handbook/case-studies/pattern-library/coordination/consensus.md' is not found among documentation files.
INFO    -  Doc file 'architects-handbook/case-studies/databases/amazon-dynamo.md' contains an unrecognized relative link '../cassandra/', it was left as is. Did you mean 'cassandra.md'?
INFO    -  Doc file 'architects-handbook/case-studies/databases/amazon-dynamo.md' contains an unrecognized relative link '../redis/', it was left as is.
INFO    -  Doc file 'architects-handbook/case-studies/databases/amazon-dynamo.md' contains an unrecognized relative link '../google-spanner/', it was left as is. Did you mean 'google-spanner.md'?
WARNING -  Doc file 'architects-handbook/case-studies/databases/cassandra.md' contains a link 'data-management/consistent-hashing.md', but the target 'architects-handbook/case-studies/databases/data-management/consistent-hashing.md' is not found among documentation files.
WARNING -  Doc file 'architects-handbook/case-studies/databases/cassandra.md' contains a link '../pattern-library/communication/publish-subscribe.md', but the target 'architects-handbook/case-studies/pattern-library/communication/publish-subscribe.md' is not found among documentation files.
WARNING -  Doc file 'architects-handbook/case-studies/databases/cassandra.md' contains a link '../pattern-library/data-management/merkle-trees.md', but the target 'architects-handbook/case-studies/pattern-library/data-management/merkle-trees.md' is not found among documentation files.
WARNING -  Doc file 'architects-handbook/case-studies/databases/cassandra.md' contains a link '../pattern-library/coordination/logical-clocks.md', but the target 'architects-handbook/case-studies/pattern-library/coordination/logical-clocks.md' is not found among documentation files.
WARNING -  Doc file 'architects-handbook/case-studies/databases/cassandra.md' contains a link '../pattern-library/data-management/lsm-tree.md', but the target 'architects-handbook/case-studies/pattern-library/data-management/lsm-tree.md' is not found among documentation files.
WARNING -  Doc file 'architects-handbook/case-studies/databases/cassandra.md' contains a link '../pattern-library/data-management/bloom-filter.md', but the target 'architects-handbook/case-studies/pattern-library/data-management/bloom-filter.md' is not found among documentation files.
INFO    -  Doc file 'architects-handbook/case-studies/databases/cassandra.md' contains an unrecognized relative link 'amazon-dynamo', it was left as is. Did you mean 'amazon-dynamo.md'?
INFO    -  Doc file 'architects-handbook/case-studies/databases/cassandra.md' contains an unrecognized relative link 'netflix-chaos', it was left as is.
INFO    -  Doc file 'architects-handbook/case-studies/databases/cassandra.md' contains an unrecognized relative link 'chat-system', it was left as is.
WARNING -  Doc file 'architects-handbook/case-studies/databases/cassandra.md' contains a link 'scylladb.md', but the target 'architects-handbook/case-studies/databases/scylladb.md' is not found among documentation files.
WARNING -  Doc file 'architects-handbook/case-studies/databases/cassandra.md' contains a link '../pattern-library/data-management/polyglot-persistence.md', but the target 'architects-handbook/case-studies/pattern-library/data-management/polyglot-persistence.md' is not found among documentation files.
WARNING -  Doc file 'architects-handbook/case-studies/databases/cassandra.md' contains a link '../pattern-library/coordination/generation-clock.md', but the target 'architects-handbook/case-studies/pattern-library/coordination/generation-clock.md' is not found among documentation files.
WARNING -  Doc file 'architects-handbook/case-studies/databases/cassandra.md' contains a link '../pattern-library/scaling/multi-region.md', but the target 'architects-handbook/case-studies/pattern-library/scaling/multi-region.md' is not found among documentation files.
WARNING -  Doc file 'architects-handbook/case-studies/databases/cassandra.md' contains a link '../pattern-library/data-management/lsm-tree.md', but the target 'architects-handbook/case-studies/pattern-library/data-management/lsm-tree.md' is not found among documentation files.
WARNING -  Doc file 'architects-handbook/case-studies/databases/etcd.md' contains a link '../pattern-library/coordination/consensus.md', but the target 'architects-handbook/case-studies/pattern-library/coordination/consensus.md' is not found among documentation files.
WARNING -  Doc file 'architects-handbook/case-studies/databases/etcd.md' contains a link '../pattern-library/coordination/leader-election.md', but the target 'architects-handbook/case-studies/pattern-library/coordination/leader-election.md' is not found among documentation files.
WARNING -  Doc file 'architects-handbook/case-studies/databases/etcd.md' contains a link '../pattern-library/coordination/distributed-lock.md', but the target 'architects-handbook/case-studies/pattern-library/coordination/distributed-lock.md' is not found among documentation files.
INFO    -  Doc file 'architects-handbook/case-studies/databases/etcd.md' contains an unrecognized relative link '../patterns/service-discovery', it was left as is.
WARNING -  Doc file 'architects-handbook/case-studies/databases/etcd.md' contains a link 'zookeeper.md.md', but the target 'architects-handbook/case-studies/databases/zookeeper.md.md' is not found among documentation files.
WARNING -  Doc file 'architects-handbook/case-studies/databases/key-value-store.md' contains a link '../pattern-library/data-management/consistent-hashing.md', but the target 'architects-handbook/case-studies/pattern-library/data-management/consistent-hashing.md' is not found among documentation files.
WARNING -  Doc file 'architects-handbook/case-studies/databases/key-value-store.md' contains a link '../pattern-library/data-management/crdt.md', but the target 'architects-handbook/case-studies/pattern-library/data-management/crdt.md' is not found among documentation files.
INFO    -  Doc file 'architects-handbook/case-studies/databases/key-value-store.md' contains an unrecognized relative link 'amazon-dynamo', it was left as is. Did you mean 'amazon-dynamo.md'?
INFO    -  Doc file 'architects-handbook/case-studies/databases/key-value-store.md' contains an unrecognized relative link 'google-spanner', it was left as is. Did you mean 'google-spanner.md'?
WARNING -  Doc file 'architects-handbook/case-studies/databases/key-value-store.md' contains a link 'redis.md', but the target 'architects-handbook/case-studies/databases/redis.md' is not found among documentation files.
WARNING -  Doc file 'architects-handbook/case-studies/databases/key-value-store.md' contains a link '../pattern-library/scaling/caching-strategies.md', but the target 'architects-handbook/case-studies/pattern-library/scaling/caching-strategies.md' is not found among documentation files.
WARNING -  Doc file 'architects-handbook/case-studies/databases/key-value-store.md' contains a link '../pattern-library/data-management/lsm-tree.md', but the target 'architects-handbook/case-studies/pattern-library/data-management/lsm-tree.md' is not found among documentation files.
WARNING -  Doc file 'architects-handbook/case-studies/databases/key-value-store.md' contains a link '../pattern-library/coordination/consensus.md', but the target 'architects-handbook/case-studies/pattern-library/coordination/consensus.md' is not found among documentation files.
WARNING -  Doc file 'architects-handbook/case-studies/databases/key-value-store.md' contains a link '../pattern-library/coordination/logical-clocks.md', but the target 'architects-handbook/case-studies/pattern-library/coordination/logical-clocks.md' is not found among documentation files.
WARNING -  Doc file 'architects-handbook/case-studies/databases/memcached.md' contains a link '../pattern-library/data-management/consistent-hashing.md', but the target 'architects-handbook/case-studies/pattern-library/data-management/consistent-hashing.md' is not found among documentation files.
INFO    -  Doc file 'architects-handbook/case-studies/databases/memcached.md' contains an unrecognized relative link '../patterns/caching-strategies', it was left as is.
WARNING -  Doc file 'architects-handbook/case-studies/databases/memcached.md' contains a link 'facebook-memcached.md.md', but the target 'architects-handbook/case-studies/databases/facebook-memcached.md.md' is not found among documentation files.
WARNING -  Doc file 'architects-handbook/case-studies/databases/memcached.md' contains a link '../pattern-library/resilience/circuit-breaker.md', but the target 'architects-handbook/case-studies/pattern-library/resilience/circuit-breaker.md' is not found among documentation files.
WARNING -  Doc file 'architects-handbook/case-studies/databases/mongodb.md' contains a link '../pattern-library/scaling/sharding.md', but the target 'architects-handbook/case-studies/pattern-library/scaling/sharding.md' is not found among documentation files.
WARNING -  Doc file 'architects-handbook/case-studies/databases/mongodb.md' contains a link '../pattern-library/data-management/eventual-consistency.md', but the target 'architects-handbook/case-studies/pattern-library/data-management/eventual-consistency.md' is not found among documentation files.
WARNING -  Doc file 'architects-handbook/case-studies/databases/mongodb.md' contains a link '../pattern-library/architecture/cap-theorem.md', but the target 'architects-handbook/case-studies/pattern-library/architecture/cap-theorem.md' is not found among documentation files.
WARNING -  Doc file 'architects-handbook/case-studies/databases/mongodb.md' contains a link '../pattern-library/scaling/scatter-gather.md', but the target 'architects-handbook/case-studies/pattern-library/scaling/scatter-gather.md' is not found among documentation files.
WARNING -  Doc file 'architects-handbook/case-studies/databases/mongodb.md' contains a link '../pattern-library/data-management/cdc.md', but the target 'architects-handbook/case-studies/pattern-library/data-management/cdc.md' is not found among documentation files.
WARNING -  Doc file 'architects-handbook/case-studies/databases/redis-architecture.md' contains a link '../pattern-library/scaling/caching-strategies.md', but the target 'architects-handbook/case-studies/pattern-library/scaling/caching-strategies.md' is not found among documentation files.
WARNING -  Doc file 'architects-handbook/case-studies/databases/redis-architecture.md' contains a link '../pattern-library/scaling/caching-strategies.md', but the target 'architects-handbook/case-studies/pattern-library/scaling/caching-strategies.md' is not found among documentation files.
WARNING -  Doc file 'architects-handbook/case-studies/databases/redis-architecture.md' contains a link '../pattern-library/coordination/leader-follower.md', but the target 'architects-handbook/case-studies/pattern-library/coordination/leader-follower.md' is not found among documentation files.
WARNING -  Doc file 'architects-handbook/case-studies/databases/redis-architecture.md' contains a link '../pattern-library/data-management/consistent-hashing.md', but the target 'architects-handbook/case-studies/pattern-library/data-management/consistent-hashing.md' is not found among documentation files.
WARNING -  Doc file 'architects-handbook/case-studies/databases/redis-architecture.md' contains a link '../pattern-library/scaling/caching-strategies.md', but the target 'architects-handbook/case-studies/pattern-library/scaling/caching-strategies.md' is not found among documentation files.
WARNING -  Doc file 'architects-handbook/case-studies/databases/redis-architecture.md' contains a link '../pattern-library/coordination/leader-follower.md', but the target 'architects-handbook/case-studies/pattern-library/coordination/leader-follower.md' is not found among documentation files.
WARNING -  Doc file 'architects-handbook/case-studies/databases/redis-architecture.md' contains a link '../pattern-library/data-management/consistent-hashing.md', but the target 'architects-handbook/case-studies/pattern-library/data-management/consistent-hashing.md' is not found among documentation files.
WARNING -  Doc file 'architects-handbook/case-studies/databases/vault.md' contains a link 'index.md.md', but the target 'architects-handbook/case-studies/databases/index.md.md' is not found among documentation files.
WARNING -  Doc file 'architects-handbook/case-studies/databases/zookeeper.md' contains a link '../pattern-library/coordination/consensus.md', but the target 'architects-handbook/case-studies/pattern-library/coordination/consensus.md' is not found among documentation files.
WARNING -  Doc file 'architects-handbook/case-studies/databases/zookeeper.md' contains a link '../pattern-library/coordination/leader-election.md', but the target 'architects-handbook/case-studies/pattern-library/coordination/leader-election.md' is not found among documentation files.
WARNING -  Doc file 'architects-handbook/case-studies/databases/zookeeper.md' contains a link '../pattern-library/communication/service-discovery.md', but the target 'architects-handbook/case-studies/pattern-library/communication/service-discovery.md' is not found among documentation files.
WARNING -  Doc file 'architects-handbook/case-studies/databases/zookeeper.md' contains a link '../pattern-library/coordination/distributed-lock.md', but the target 'architects-handbook/case-studies/pattern-library/coordination/distributed-lock.md' is not found among documentation files.
WARNING -  Doc file 'architects-handbook/case-studies/elite-engineering/index.md' contains a link 'amazon-dynamodb-evolution.md.md', but the target 'architects-handbook/case-studies/elite-engineering/amazon-dynamodb-evolution.md.md' is not found among documentation files.
WARNING -  Doc file 'architects-handbook/case-studies/elite-engineering/index.md' contains a link 'discord-voice-infrastructure.md.md', but the target 'architects-handbook/case-studies/elite-engineering/discord-voice-infrastructure.md.md' is not found among documentation files.
WARNING -  Doc file 'architects-handbook/case-studies/elite-engineering/index.md' contains a link 'stripe-api-excellence.md.md', but the target 'architects-handbook/case-studies/elite-engineering/stripe-api-excellence.md.md' is not found among documentation files.
WARNING -  Doc file 'architects-handbook/case-studies/elite-engineering/netflix-chaos-engineering.md' contains a link '../pattern-library/resilience/circuit-breaker.md', but the target 'architects-handbook/case-studies/pattern-library/resilience/circuit-breaker.md' is not found among documentation files.
WARNING -  Doc file 'architects-handbook/case-studies/elite-engineering/netflix-chaos-engineering.md' contains a link '../pattern-library/resilience/bulkhead.md', but the target 'architects-handbook/case-studies/pattern-library/resilience/bulkhead.md' is not found among documentation files.
WARNING -  Doc file 'architects-handbook/case-studies/elite-engineering/netflix-chaos-engineering.md' contains a link '../pattern-library/resilience/timeout.md', but the target 'architects-handbook/case-studies/pattern-library/resilience/timeout.md' is not found among documentation files.
WARNING -  Doc file 'architects-handbook/case-studies/elite-engineering/netflix-chaos-engineering.md' contains a link '../pattern-library/resilience/retry-backoff.md', but the target 'architects-handbook/case-studies/pattern-library/resilience/retry-backoff.md' is not found among documentation files.
WARNING -  Doc file 'architects-handbook/case-studies/elite-engineering/netflix-chaos-engineering.md' contains a link '../pattern-library/communication/service-mesh.md', but the target 'architects-handbook/case-studies/pattern-library/communication/service-mesh.md' is not found among documentation files.
WARNING -  Doc file 'architects-handbook/case-studies/elite-engineering/netflix-chaos-engineering.md' contains a link '../pattern-library/communication/api-gateway.md', but the target 'architects-handbook/case-studies/pattern-library/communication/api-gateway.md' is not found among documentation files.
WARNING -  Doc file 'architects-handbook/case-studies/elite-engineering/netflix-chaos-engineering.md' contains a link '../pattern-library/scaling/load-balancing.md', but the target 'architects-handbook/case-studies/pattern-library/scaling/load-balancing.md' is not found among documentation files.
WARNING -  Doc file 'architects-handbook/case-studies/elite-engineering/netflix-chaos-engineering.md' contains a link '../pattern-library/resilience/health-check.md', but the target 'architects-handbook/case-studies/pattern-library/resilience/health-check.md' is not found among documentation files.
WARNING -  Doc file 'architects-handbook/case-studies/elite-engineering/netflix-chaos-engineering.md' contains a link '../pattern-library/resilience/graceful-degradation.md', but the target 'architects-handbook/case-studies/pattern-library/resilience/graceful-degradation.md' is not found among documentation files.
WARNING -  Doc file 'architects-handbook/case-studies/elite-engineering/netflix-chaos-engineering.md' contains a link '../pattern-library/scaling/auto-scaling.md', but the target 'architects-handbook/case-studies/pattern-library/scaling/auto-scaling.md' is not found among documentation files.
WARNING -  Doc file 'architects-handbook/case-studies/elite-engineering/netflix-chaos-engineering.md' contains a link '../pattern-library/resilience/circuit-breaker.md', but the target 'architects-handbook/case-studies/pattern-library/resilience/circuit-breaker.md' is not found among documentation files.
WARNING -  Doc file 'architects-handbook/case-studies/elite-engineering/netflix-chaos.md' contains a link 'index.md.md', but the target 'architects-handbook/case-studies/elite-engineering/index.md.md' is not found among documentation files.
WARNING -  Doc file 'architects-handbook/case-studies/financial-commerce/ecommerce-platform.md' contains a link 'amazon-dynamo.md', but the target 'architects-handbook/case-studies/financial-commerce/amazon-dynamo.md' is not found among documentation files.
WARNING -  Doc file 'architects-handbook/case-studies/financial-commerce/ecommerce-platform.md' contains a link 'stock-exchange.md.md', but the target 'architects-handbook/case-studies/financial-commerce/stock-exchange.md.md' is not found among documentation files.
WARNING -  Doc file 'architects-handbook/case-studies/financial-commerce/payment-system.md' contains a link '../pattern-library/data-management/saga.md', but the target 'architects-handbook/case-studies/pattern-library/data-management/saga.md' is not found among documentation files.
WARNING -  Doc file 'architects-handbook/case-studies/financial-commerce/payment-system.md' contains a link '../pattern-library/data-management/event-sourcing.md', but the target 'architects-handbook/case-studies/pattern-library/data-management/event-sourcing.md' is not found among documentation files.
INFO    -  Doc file 'architects-handbook/case-studies/financial-commerce/payment-system.md' contains an unrecognized relative link '../patterns/#idempotency', it was left as is.
INFO    -  Doc file 'architects-handbook/case-studies/financial-commerce/payment-system.md' contains an unrecognized relative link '../patterns/#double-entry-ledger', it was left as is.
WARNING -  Doc file 'architects-handbook/case-studies/financial-commerce/payment-system.md' contains a link '../pattern-library/data-management/saga.md', but the target 'architects-handbook/case-studies/pattern-library/data-management/saga.md' is not found among documentation files.
INFO    -  Doc file 'architects-handbook/case-studies/financial-commerce/payment-system.md' contains an unrecognized relative link '../patterns/#idempotency-pattern', it was left as is.
INFO    -  Doc file 'architects-handbook/case-studies/financial-commerce/payment-system.md' contains an unrecognized relative link '../patterns/#double-entry-ledger-pattern', it was left as is.
INFO    -  Doc file 'architects-handbook/case-studies/financial-commerce/payment-system.md' contains an unrecognized relative link '../patterns/event-sourcing', it was left as is.
INFO    -  Doc file 'architects-handbook/case-studies/financial-commerce/payment-system.md' contains an unrecognized relative link '../patterns/saga-pattern', it was left as is.
INFO    -  Doc file 'architects-handbook/case-studies/financial-commerce/payment-system.md' contains an unrecognized relative link '../patterns/idempotency', it was left as is.
INFO    -  Doc file 'architects-handbook/case-studies/financial-commerce/payment-system.md' contains an unrecognized relative link '../patterns/double-entry-ledger', it was left as is.
INFO    -  Doc file 'architects-handbook/case-studies/financial-commerce/payment-system.md' contains an unrecognized relative link '../patterns/cqrs', it was left as is.
INFO    -  Doc file 'architects-handbook/case-studies/financial-commerce/payment-system.md' contains an unrecognized relative link '../patterns/sharding', it was left as is.
INFO    -  Doc file 'architects-handbook/case-studies/financial-commerce/payment-system.md' contains an unrecognized relative link '../patterns/multi-region', it was left as is.
INFO    -  Doc file 'architects-handbook/case-studies/financial-commerce/payment-system.md' contains an unrecognized relative link '../../excellence/implementation-guides/financial-systems', it was left as is.
INFO    -  Doc file 'architects-handbook/case-studies/financial-commerce/payment-system.md' contains an unrecognized relative link '../../excellence/implementation-guides/regulatory-compliance', it was left as is.
INFO    -  Doc file 'architects-handbook/case-studies/financial-commerce/payment-system.md' contains an unrecognized relative link '../../excellence/implementation-guides/zero-data-loss', it was left as is.
WARNING -  Doc file 'architects-handbook/case-studies/financial-commerce/payment-system.md' contains a link 'blockchain.md', but the target 'architects-handbook/case-studies/financial-commerce/blockchain.md' is not found among documentation files.
WARNING -  Doc file 'architects-handbook/case-studies/financial-commerce/payment-system.md' contains a link 'payment-system.md.md', but the target 'architects-handbook/case-studies/financial-commerce/payment-system.md.md' is not found among documentation files.
INFO    -  Doc file 'architects-handbook/case-studies/financial-commerce/payment-system.md' contains an unrecognized relative link '../patterns/event-sourcing#financial-systems', it was left as is.
INFO    -  Doc file 'architects-handbook/case-studies/financial-commerce/payment-system.md' contains an unrecognized relative link '../patterns/saga-pattern#payment-processing', it was left as is.
INFO    -  Doc file 'architects-handbook/case-studies/financial-commerce/payment-system.md' contains an unrecognized relative link '../patterns/idempotency#payment-systems', it was left as is.
INFO    -  Doc file 'architects-handbook/case-studies/financial-commerce/payment-system.md' contains an unrecognized relative link '../../excellence/journeys/payment-system-journey', it was left as is.
INFO    -  Doc file 'architects-handbook/case-studies/financial-commerce/payment-system.md' contains an unrecognized relative link '../../excellence/journeys/payment-modernization', it was left as is.
INFO    -  Doc file 'architects-handbook/case-studies/financial-commerce/payment-system.md' contains an unrecognized relative link '../../excellence/journeys/payment-scaling', it was left as is.
WARNING -  Doc file 'architects-handbook/case-studies/financial-commerce/paypal-payments.md' contains a link '../pattern-library/data-management/saga.md', but the target 'architects-handbook/case-studies/pattern-library/data-management/saga.md' is not found among documentation files.
WARNING -  Doc file 'architects-handbook/case-studies/financial-commerce/paypal-payments.md' contains a link '../pattern-library/data-management/event-sourcing.md', but the target 'architects-handbook/case-studies/pattern-library/data-management/event-sourcing.md' is not found among documentation files.
WARNING -  Doc file 'architects-handbook/case-studies/financial-commerce/paypal-payments.md' contains a link '../pattern-library/resilience/circuit-breaker.md', but the target 'architects-handbook/case-studies/pattern-library/resilience/circuit-breaker.md' is not found among documentation files.
WARNING -  Doc file 'architects-handbook/case-studies/financial-commerce/paypal-payments.md' contains a link '../pattern-library/data-management/saga.md', but the target 'architects-handbook/case-studies/pattern-library/data-management/saga.md' is not found among documentation files.
WARNING -  Doc file 'architects-handbook/case-studies/financial-commerce/paypal-payments.md' contains a link '../pattern-library/data-management/event-sourcing.md', but the target 'architects-handbook/case-studies/pattern-library/data-management/event-sourcing.md' is not found among documentation files.
WARNING -  Doc file 'architects-handbook/case-studies/financial-commerce/paypal-payments.md' contains a link '../pattern-library/resilience/circuit-breaker.md', but the target 'architects-handbook/case-studies/pattern-library/resilience/circuit-breaker.md' is not found among documentation files.
WARNING -  Doc file 'architects-handbook/case-studies/financial-commerce/paypal-payments.md' contains a link '../pattern-library/data-management/outbox.md', but the target 'architects-handbook/case-studies/pattern-library/data-management/outbox.md' is not found among documentation files.
WARNING -  Doc file 'architects-handbook/case-studies/financial-commerce/paypal-payments.md' contains a link '../pattern-library/resilience/bulkhead.md', but the target 'architects-handbook/case-studies/pattern-library/resilience/bulkhead.md' is not found among documentation files.
WARNING -  Doc file 'architects-handbook/case-studies/financial-commerce/paypal-payments.md' contains a link '../pattern-library/resilience/retry-backoff.md', but the target 'architects-handbook/case-studies/pattern-library/resilience/retry-backoff.md' is not found among documentation files.
WARNING -  Doc file 'architects-handbook/case-studies/financial-commerce/paypal-payments.md' contains a link '../../quantitative-analysis/littles-law.md.md', but the target 'architects-handbook/quantitative-analysis/littles-law.md.md' is not found among documentation files.
WARNING -  Doc file 'architects-handbook/case-studies/financial-commerce/paypal-payments.md' contains a link '../../quantitative-analysis/queueing-models.md.md', but the target 'architects-handbook/quantitative-analysis/queueing-models.md.md' is not found among documentation files.
WARNING -  Doc file 'architects-handbook/case-studies/financial-commerce/paypal-payments.md' contains a link '../../quantitative-analysis/consistency-models.md.md', but the target 'architects-handbook/quantitative-analysis/consistency-models.md.md' is not found among documentation files.
WARNING -  Doc file 'architects-handbook/case-studies/financial-commerce/paypal-payments.md' contains a link '../reference/security.md', but the target 'architects-handbook/case-studies/reference/security.md' is not found among documentation files.
WARNING -  Doc file 'architects-handbook/case-studies/financial-commerce/paypal-payments.md' contains a link 'amazon-dynamo.md', but the target 'architects-handbook/case-studies/financial-commerce/amazon-dynamo.md' is not found among documentation files.
WARNING -  Doc file 'architects-handbook/case-studies/financial-commerce/paypal-payments.md' contains a link 'uber-location.md', but the target 'architects-handbook/case-studies/financial-commerce/uber-location.md' is not found among documentation files.
WARNING -  Doc file 'architects-handbook/case-studies/financial-commerce/paypal-payments.md' contains a link 'rate-limiter.md', but the target 'architects-handbook/case-studies/financial-commerce/rate-limiter.md' is not found among documentation files.
WARNING -  Doc file 'architects-handbook/case-studies/financial-commerce/paypal-payments.md' contains a link 'data-management/consistent-hashing.md', but the target 'architects-handbook/case-studies/financial-commerce/data-management/consistent-hashing.md' is not found among documentation files.
WARNING -  Doc file 'architects-handbook/case-studies/financial-commerce/paypal-payments.md' contains a link 'spotify-recommendations.md.md', but the target 'architects-handbook/case-studies/financial-commerce/spotify-recommendations.md.md' is not found among documentation files.
WARNING -  Doc file 'architects-handbook/case-studies/financial-commerce/shopify-flash-sales.md' contains a link '../pattern-library/scaling/queues-streaming.md', but the target 'architects-handbook/case-studies/pattern-library/scaling/queues-streaming.md' is not found among documentation files.
WARNING -  Doc file 'architects-handbook/case-studies/financial-commerce/shopify-flash-sales.md' contains a link '../pattern-library/scaling/auto-scaling.md', but the target 'architects-handbook/case-studies/pattern-library/scaling/auto-scaling.md' is not found among documentation files.
WARNING -  Doc file 'architects-handbook/case-studies/financial-commerce/shopify-flash-sales.md' contains a link '../pattern-library/resilience/bulkhead.md', but the target 'architects-handbook/case-studies/pattern-library/resilience/bulkhead.md' is not found among documentation files.
WARNING -  Doc file 'architects-handbook/case-studies/infrastructure/blockchain.md' contains a link 'index.md.md', but the target 'architects-handbook/case-studies/infrastructure/index.md.md' is not found among documentation files.
INFO    -  Doc file 'architects-handbook/case-studies/infrastructure/consistent-hashing.md' contains an unrecognized relative link '../patterns/sharding', it was left as is.
WARNING -  Doc file 'architects-handbook/case-studies/infrastructure/consistent-hashing.md' contains a link '../pattern-library/scaling/sharding.md', but the target 'architects-handbook/case-studies/pattern-library/scaling/sharding.md' is not found among documentation files.
WARNING -  Doc file 'architects-handbook/case-studies/infrastructure/consistent-hashing.md' contains a link '../pattern-library/scaling/load-balancing.md', but the target 'architects-handbook/case-studies/pattern-library/scaling/load-balancing.md' is not found among documentation files.
INFO    -  Doc file 'architects-handbook/case-studies/infrastructure/consistent-hashing.md' contains an unrecognized relative link '../patterns/service-discovery', it was left as is.
WARNING -  Doc file 'architects-handbook/case-studies/infrastructure/consistent-hashing.md' contains a link '../pattern-library/resilience/health-check.md', but the target 'architects-handbook/case-studies/pattern-library/resilience/health-check.md' is not found among documentation files.
WARNING -  Doc file 'architects-handbook/case-studies/infrastructure/consistent-hashing.md' contains a link '../pattern-library/scaling/caching-strategies.md', but the target 'architects-handbook/case-studies/pattern-library/scaling/caching-strategies.md' is not found among documentation files.
WARNING -  Doc file 'architects-handbook/case-studies/infrastructure/consistent-hashing.md' contains a link '../pattern-library/coordination/leader-election.md', but the target 'architects-handbook/case-studies/pattern-library/coordination/leader-election.md' is not found among documentation files.
INFO    -  Doc file 'architects-handbook/case-studies/infrastructure/consistent-hashing.md' contains an unrecognized relative link 'quantitative/littles-law', it was left as is.
INFO    -  Doc file 'architects-handbook/case-studies/infrastructure/consistent-hashing.md' contains an unrecognized relative link 'quantitative/capacity-planning', it was left as is.
INFO    -  Doc file 'architects-handbook/case-studies/infrastructure/consistent-hashing.md' contains an unrecognized relative link 'human-factors/observability-stacks', it was left as is.
INFO    -  Doc file 'architects-handbook/case-studies/infrastructure/consistent-hashing.md' contains an unrecognized relative link 'human-factors/incident-response', it was left as is.
INFO    -  Doc file 'architects-handbook/case-studies/infrastructure/consistent-hashing.md' contains an unrecognized relative link 'human-factors/oncall-culture', it was left as is.
WARNING -  Doc file 'architects-handbook/case-studies/infrastructure/consistent-hashing.md' contains a link 'amazon-dynamo.md', but the target 'architects-handbook/case-studies/infrastructure/amazon-dynamo.md' is not found among documentation files.
WARNING -  Doc file 'architects-handbook/case-studies/infrastructure/consistent-hashing.md' contains a link 'rate-limiter.md', but the target 'architects-handbook/case-studies/infrastructure/rate-limiter.md' is not found among documentation files.
WARNING -  Doc file 'architects-handbook/case-studies/infrastructure/consistent-hashing.md' contains a link 'news-feed.md', but the target 'architects-handbook/case-studies/infrastructure/news-feed.md' is not found among documentation files.
WARNING -  Doc file 'architects-handbook/case-studies/infrastructure/consistent-hashing.md' contains a link 'paypal-payments.md.md', but the target 'architects-handbook/case-studies/infrastructure/paypal-payments.md.md' is not found among documentation files.
INFO    -  Doc file 'architects-handbook/case-studies/infrastructure/kubernetes.md' contains an unrecognized relative link '../patterns/service-discovery', it was left as is.
INFO    -  Doc file 'architects-handbook/case-studies/infrastructure/kubernetes.md' contains an unrecognized relative link '../patterns/health-check', it was left as is.
INFO    -  Doc file 'architects-handbook/case-studies/infrastructure/kubernetes.md' contains an unrecognized relative link '../patterns/leader-election', it was left as is.
INFO    -  Doc file 'architects-handbook/case-studies/infrastructure/kubernetes.md' contains an unrecognized relative link '../patterns/sidecar', it was left as is.
INFO    -  Doc file 'architects-handbook/case-studies/infrastructure/kubernetes.md' contains an unrecognized relative link '../patterns/blue-green-deployment', it was left as is.
WARNING -  Doc file 'architects-handbook/case-studies/infrastructure/monolith-to-microservices.md' contains a link '../patterns/modular-monolith.md', but the target 'architects-handbook/case-studies/patterns/modular-monolith.md' is not found among documentation files.
WARNING -  Doc file 'architects-handbook/case-studies/infrastructure/monolith-to-microservices.md' contains a link '../architecture/boundaries.md', but the target 'architects-handbook/case-studies/architecture/boundaries.md' is not found among documentation files.
WARNING -  Doc file 'architects-handbook/case-studies/infrastructure/monolith-to-microservices.md' contains a link '../reference/anti-patterns.md#distributed-monolith', but the target 'architects-handbook/case-studies/reference/anti-patterns.md' is not found among documentation files.
WARNING -  Doc file 'architects-handbook/case-studies/infrastructure/unique-id-generator.md' contains a link '../pattern-library/coordination/clock-sync.md', but the target 'architects-handbook/case-studies/pattern-library/coordination/clock-sync.md' is not found among documentation files.
WARNING -  Doc file 'architects-handbook/case-studies/infrastructure/unique-id-generator.md' contains a link '../pattern-library/coordination/logical-clocks.md', but the target 'architects-handbook/case-studies/pattern-library/coordination/logical-clocks.md' is not found among documentation files.
WARNING -  Doc file 'architects-handbook/case-studies/infrastructure/unique-id-generator.md' contains a link '../pattern-library/scaling/id-generation-scale.md', but the target 'architects-handbook/case-studies/pattern-library/scaling/id-generation-scale.md' is not found among documentation files.
WARNING -  Doc file 'architects-handbook/case-studies/infrastructure/unique-id-generator.md' contains a link '../patterns/time-series-ids.md', but the target 'architects-handbook/case-studies/patterns/time-series-ids.md' is not found among documentation files.
WARNING -  Doc file 'architects-handbook/case-studies/infrastructure/unique-id-generator.md' contains a link '../quantitative/collision-probability.md', but the target 'architects-handbook/case-studies/quantitative/collision-probability.md' is not found among documentation files.
WARNING -  Doc file 'architects-handbook/case-studies/infrastructure/unique-id-generator.md' contains a link 'url-shortener.md.md', but the target 'architects-handbook/case-studies/infrastructure/url-shortener.md.md' is not found among documentation files.
WARNING -  Doc file 'architects-handbook/case-studies/infrastructure/unique-id-generator.md' contains a link '../pattern-library/data-management/event-sourcing.md', but the target 'architects-handbook/case-studies/pattern-library/data-management/event-sourcing.md' is not found among documentation files.
WARNING -  Doc file 'architects-handbook/case-studies/infrastructure/unique-id-generator.md' contains a link '../pattern-library/communication/service-discovery.md', but the target 'architects-handbook/case-studies/pattern-library/communication/service-discovery.md' is not found among documentation files.
WARNING -  Doc file 'architects-handbook/case-studies/infrastructure/unique-id-generator.md' contains a link '../pattern-library/resilience/graceful-degradation.md', but the target 'architects-handbook/case-studies/pattern-library/resilience/graceful-degradation.md' is not found among documentation files.
WARNING -  Doc file 'architects-handbook/case-studies/infrastructure/unique-id-generator.md' contains a link '../pattern-library/coordination/logical-clocks.md', but the target 'architects-handbook/case-studies/pattern-library/coordination/logical-clocks.md' is not found among documentation files.
WARNING -  Doc file 'architects-handbook/case-studies/infrastructure/unique-id-generator.md' contains a link '../pattern-library/coordination/logical-clocks.md', but the target 'architects-handbook/case-studies/pattern-library/coordination/logical-clocks.md' is not found among documentation files.
WARNING -  Doc file 'architects-handbook/case-studies/infrastructure/unique-id-generator.md' contains a link 'consistent-hashing.md.md', but the target 'architects-handbook/case-studies/infrastructure/consistent-hashing.md.md' is not found among documentation files.
WARNING -  Doc file 'architects-handbook/case-studies/infrastructure/unique-id-generator.md' contains a link '../pattern-library/coordination/leader-election.md', but the target 'architects-handbook/case-studies/pattern-library/coordination/leader-election.md' is not found among documentation files.
WARNING -  Doc file 'architects-handbook/case-studies/infrastructure/url-shortener.md' contains a link '../pattern-library/scaling/caching-strategies.md', but the target 'architects-handbook/case-studies/pattern-library/scaling/caching-strategies.md' is not found among documentation files.
WARNING -  Doc file 'architects-handbook/case-studies/infrastructure/url-shortener.md' contains a link '../pattern-library/scaling/rate-limiting.md', but the target 'architects-handbook/case-studies/pattern-library/scaling/rate-limiting.md' is not found among documentation files.
WARNING -  Doc file 'architects-handbook/case-studies/infrastructure/url-shortener.md' contains a link '../pattern-library/scaling/edge-computing.md', but the target 'architects-handbook/case-studies/pattern-library/scaling/edge-computing.md' is not found among documentation files.
WARNING -  Doc file 'architects-handbook/case-studies/infrastructure/url-shortener.md' contains a link '../patterns/security-shortener.md', but the target 'architects-handbook/case-studies/patterns/security-shortener.md' is not found among documentation files.
WARNING -  Doc file 'architects-handbook/case-studies/infrastructure/url-shortener.md' contains a link '../pattern-library/communication/api-gateway.md', but the target 'architects-handbook/case-studies/pattern-library/communication/api-gateway.md' is not found among documentation files.
WARNING -  Doc file 'architects-handbook/case-studies/infrastructure/url-shortener.md' contains a link '../pattern-library/scaling/sharding.md', but the target 'architects-handbook/case-studies/pattern-library/scaling/sharding.md' is not found among documentation files.
WARNING -  Doc file 'architects-handbook/case-studies/infrastructure/url-shortener.md' contains a link '../pattern-library/bloom-filter.md', but the target 'architects-handbook/case-studies/pattern-library/bloom-filter.md' is not found among documentation files.
WARNING -  Doc file 'architects-handbook/case-studies/infrastructure/url-shortener.md' contains a link '../pattern-library/resilience/circuit-breaker.md', but the target 'architects-handbook/case-studies/pattern-library/resilience/circuit-breaker.md' is not found among documentation files.
WARNING -  Doc file 'architects-handbook/case-studies/infrastructure/url-shortener.md' contains a link '../pattern-library/data-management/cqrs.md', but the target 'architects-handbook/case-studies/pattern-library/data-management/cqrs.md' is not found among documentation files.
WARNING -  Doc file 'architects-handbook/case-studies/infrastructure/url-shortener.md' contains a link '../pattern-library/scaling/caching-strategies.md', but the target 'architects-handbook/case-studies/pattern-library/scaling/caching-strategies.md' is not found among documentation files.
WARNING -  Doc file 'architects-handbook/case-studies/infrastructure/url-shortener.md' contains a link '../pattern-library/scaling/sharding.md', but the target 'architects-handbook/case-studies/pattern-library/scaling/sharding.md' is not found among documentation files.
WARNING -  Doc file 'architects-handbook/case-studies/infrastructure/url-shortener.md' contains a link '../pattern-library/scaling/rate-limiting.md', but the target 'architects-handbook/case-studies/pattern-library/scaling/rate-limiting.md' is not found among documentation files.
WARNING -  Doc file 'architects-handbook/case-studies/infrastructure/url-shortener.md' contains a link '../pattern-library/scaling/edge-computing.md', but the target 'architects-handbook/case-studies/pattern-library/scaling/edge-computing.md' is not found among documentation files.
WARNING -  Doc file 'architects-handbook/case-studies/infrastructure/web-crawler.md' contains a link '../pattern-library/scaling/queues-streaming.md', but the target 'architects-handbook/case-studies/pattern-library/scaling/queues-streaming.md' is not found among documentation files.
WARNING -  Doc file 'architects-handbook/case-studies/infrastructure/web-crawler.md' contains a link '../pattern-library/resilience/bulkhead.md', but the target 'architects-handbook/case-studies/pattern-library/resilience/bulkhead.md' is not found among documentation files.
WARNING -  Doc file 'architects-handbook/case-studies/infrastructure/web-crawler.md' contains a link '../pattern-library/scaling/rate-limiting.md', but the target 'architects-handbook/case-studies/pattern-library/scaling/rate-limiting.md' is not found among documentation files.
WARNING -  Doc file 'architects-handbook/case-studies/infrastructure/web-crawler.md' contains a link '../pattern-library/scaling/url-normalization.md', but the target 'architects-handbook/case-studies/pattern-library/scaling/url-normalization.md' is not found among documentation files.
WARNING -  Doc file 'architects-handbook/case-studies/infrastructure/web-crawler.md' contains a link '../pattern-library/coordination/distributed-queue.md', but the target 'architects-handbook/case-studies/pattern-library/coordination/distributed-queue.md' is not found among documentation files.
WARNING -  Doc file 'architects-handbook/case-studies/infrastructure/web-crawler.md' contains a link '../pattern-library/scaling/rate-limiting.md', but the target 'architects-handbook/case-studies/pattern-library/scaling/rate-limiting.md' is not found among documentation files.
WARNING -  Doc file 'architects-handbook/case-studies/infrastructure/web-crawler.md' contains a link '../pattern-library/bloom-filter.md', but the target 'architects-handbook/case-studies/pattern-library/bloom-filter.md' is not found among documentation files.
WARNING -  Doc file 'architects-handbook/case-studies/infrastructure/web-crawler.md' contains a link '../pattern-library/coordination/leader-election.md', but the target 'architects-handbook/case-studies/pattern-library/coordination/leader-election.md' is not found among documentation files.
WARNING -  Doc file 'architects-handbook/case-studies/infrastructure/zoom-scaling.md' contains a link '../pattern-library/scaling/auto-scaling.md', but the target 'architects-handbook/case-studies/pattern-library/scaling/auto-scaling.md' is not found among documentation files.
WARNING -  Doc file 'architects-handbook/case-studies/infrastructure/zoom-scaling.md' contains a link '../pattern-library/scaling/geo-distribution.md', but the target 'architects-handbook/case-studies/pattern-library/scaling/geo-distribution.md' is not found among documentation files.
WARNING -  Doc file 'architects-handbook/case-studies/infrastructure/zoom-scaling.md' contains a link '../pattern-library/resilience/circuit-breaker.md', but the target 'architects-handbook/case-studies/pattern-library/resilience/circuit-breaker.md' is not found among documentation files.
WARNING -  Doc file 'architects-handbook/case-studies/location-services/apple-maps.md' contains a link 'nearby-friends.md.md', but the target 'architects-handbook/case-studies/location-services/nearby-friends.md.md' is not found among documentation files.
WARNING -  Doc file 'architects-handbook/case-studies/location-services/google-maps.md' contains a link '../pattern-library/scaling/tile-caching.md', but the target 'architects-handbook/case-studies/pattern-library/scaling/tile-caching.md' is not found among documentation files.
INFO    -  Doc file 'architects-handbook/case-studies/location-services/google-maps.md' contains an unrecognized relative link '../patterns/queues-streaming', it was left as is.
INFO    -  Doc file 'architects-handbook/case-studies/location-services/google-maps.md' contains an unrecognized relative link '../patterns/edge-computing', it was left as is.
INFO    -  Doc file 'architects-handbook/case-studies/location-services/google-maps.md' contains an unrecognized relative link '../quantitative/graph-theory', it was left as is.
INFO    -  Doc file 'architects-handbook/case-studies/location-services/google-maps.md' contains an unrecognized relative link '../quantitative/computational-geometry', it was left as is.
INFO    -  Doc file 'architects-handbook/case-studies/location-services/google-maps.md' contains an unrecognized relative link '../quantitative/time-series', it was left as is.
INFO    -  Doc file 'architects-handbook/case-studies/location-services/google-maps.md' contains an unrecognized relative link '../quantitative/computer-vision', it was left as is.
INFO    -  Doc file 'architects-handbook/case-studies/location-services/nearby-friends.md' contains an unrecognized relative link '../patterns/location-privacy', it was left as is.
INFO    -  Doc file 'architects-handbook/case-studies/location-services/nearby-friends.md' contains an unrecognized relative link '../patterns/consent-management', it was left as is.
INFO    -  Doc file 'architects-handbook/case-studies/location-services/nearby-friends.md' contains an unrecognized relative link '../part2-pillars/control/index', it was left as is.
INFO    -  Doc file 'architects-handbook/case-studies/location-services/nearby-friends.md' contains an unrecognized relative link '../part2-pillars/truth', it was left as is.
INFO    -  Doc file 'architects-handbook/case-studies/location-services/nearby-friends.md' contains an unrecognized relative link '../part1-axioms/law2-asynchrony/index', it was left as is.
INFO    -  Doc file 'architects-handbook/case-studies/location-services/nearby-friends.md' contains an unrecognized relative link '../part1-axioms/law4-tradeoffs/index', it was left as is.
INFO    -  Doc file 'architects-handbook/case-studies/location-services/nearby-friends.md' contains an unrecognized relative link '../part1-axioms/law1-failure/index', it was left as is.
INFO    -  Doc file 'architects-handbook/case-studies/location-services/nearby-friends.md' contains an unrecognized relative link '../part1-axioms/law3-emergence/index', it was left as is.
INFO    -  Doc file 'architects-handbook/case-studies/location-services/nearby-friends.md' contains an unrecognized relative link '../part1-axioms/law5-epistemology/index', it was left as is.
INFO    -  Doc file 'architects-handbook/case-studies/location-services/nearby-friends.md' contains an unrecognized relative link '../part1-axioms/law6-human-api/index', it was left as is.
INFO    -  Doc file 'architects-handbook/case-studies/location-services/nearby-friends.md' contains an unrecognized relative link '../part1-axioms/law7-economics/index', it was left as is.
INFO    -  Doc file 'architects-handbook/case-studies/location-services/nearby-friends.md' contains an unrecognized relative link '../patterns/location-privacy', it was left as is.
INFO    -  Doc file 'architects-handbook/case-studies/location-services/nearby-friends.md' contains an unrecognized relative link '../patterns/consent-management', it was left as is.
INFO    -  Doc file 'architects-handbook/case-studies/location-services/nearby-friends.md' contains an unrecognized relative link '../patterns/queues-streaming', it was left as is.
INFO    -  Doc file 'architects-handbook/case-studies/location-services/nearby-friends.md' contains an unrecognized relative link '../patterns/edge-computing', it was left as is.
WARNING -  Doc file 'architects-handbook/case-studies/location-services/nearby-friends.md' contains a link '../pattern-library/resilience/circuit-breaker.md', but the target 'architects-handbook/case-studies/pattern-library/resilience/circuit-breaker.md' is not found among documentation files.
INFO    -  Doc file 'architects-handbook/case-studies/location-services/nearby-friends.md' contains an unrecognized relative link '../quantitative/privacy-metrics', it was left as is.
INFO    -  Doc file 'architects-handbook/case-studies/location-services/nearby-friends.md' contains an unrecognized relative link '../quantitative/battery-models', it was left as is.
INFO    -  Doc file 'architects-handbook/case-studies/location-services/nearby-friends.md' contains an unrecognized relative link '../quantitative/social-networks', it was left as is.
INFO    -  Doc file 'architects-handbook/case-studies/location-services/nearby-friends.md' contains an unrecognized relative link '../quantitative/spatial-stats', it was left as is.
WARNING -  Doc file 'architects-handbook/case-studies/location-services/nearby-friends.md' contains a link 'find-my-device.md.md', but the target 'architects-handbook/case-studies/location-services/find-my-device.md.md' is not found among documentation files.
WARNING -  Doc file 'architects-handbook/case-studies/location-services/nearby-friends.md' contains a link 'strava-heatmaps.md.md', but the target 'architects-handbook/case-studies/location-services/strava-heatmaps.md.md' is not found among documentation files.
WARNING -  Doc file 'architects-handbook/case-studies/location-services/openstreetmap.md' contains a link 'web-crawler.md', but the target 'architects-handbook/case-studies/location-services/web-crawler.md' is not found among documentation files.
WARNING -  Doc file 'architects-handbook/case-studies/location-services/openstreetmap.md' contains a link 'consistent-hashing.md.md', but the target 'architects-handbook/case-studies/location-services/consistent-hashing.md.md' is not found among documentation files.
INFO    -  Doc file 'architects-handbook/case-studies/location-services/proximity-service.md' contains an unrecognized relative link '../patterns/caching-strategies', it was left as is.
INFO    -  Doc file 'architects-handbook/case-studies/location-services/proximity-service.md' contains an unrecognized relative link '../patterns/sharding', it was left as is.
INFO    -  Doc file 'architects-handbook/case-studies/location-services/proximity-service.md' contains an unrecognized relative link '../patterns/load-balancing', it was left as is.
WARNING -  Doc file 'architects-handbook/case-studies/location-services/proximity-service.md' contains a link '../pattern-library/resilience/circuit-breaker.md', but the target 'architects-handbook/case-studies/pattern-library/resilience/circuit-breaker.md' is not found among documentation files.
INFO    -  Doc file 'architects-handbook/case-studies/location-services/proximity-service.md' contains an unrecognized relative link '../patterns/edge-computing', it was left as is.
INFO    -  Doc file 'architects-handbook/case-studies/location-services/proximity-service.md' contains an unrecognized relative link '../quantitative/haversine', it was left as is.
INFO    -  Doc file 'architects-handbook/case-studies/location-services/proximity-service.md' contains an unrecognized relative link '../quantitative/spatial-stats', it was left as is.
INFO    -  Doc file 'architects-handbook/case-studies/location-services/proximity-service.md' contains an unrecognized relative link '../quantitative/comp-geometry', it was left as is.
INFO    -  Doc file 'architects-handbook/case-studies/location-services/proximity-service.md' contains an unrecognized relative link '../quantitative/graph-theory', it was left as is.
WARNING -  Doc file 'architects-handbook/case-studies/location-services/snap-map.md' contains a link 'social-media-feed.md', but the target 'architects-handbook/case-studies/location-services/social-media-feed.md' is not found among documentation files.
WARNING -  Doc file 'architects-handbook/case-studies/location-services/strava-heatmaps.md' contains a link 'google-maps.md.md', but the target 'architects-handbook/case-studies/location-services/google-maps.md.md' is not found among documentation files.
INFO    -  Doc file 'architects-handbook/case-studies/location-services/strava-heatmaps.md' contains an unrecognized relative link '../patterns/location-privacy', it was left as is.
INFO    -  Doc file 'architects-handbook/case-studies/location-services/uber-location.md' contains an unrecognized relative link '../patterns/spatial-indexing', it was left as is.
INFO    -  Doc file 'architects-handbook/case-studies/location-services/uber-location.md' contains an unrecognized relative link '../patterns/event-streaming', it was left as is.
INFO    -  Doc file 'architects-handbook/case-studies/location-services/uber-location.md' contains an unrecognized relative link '../patterns/caching-strategies', it was left as is.
INFO    -  Doc file 'architects-handbook/case-studies/location-services/uber-location.md' contains an unrecognized relative link '../patterns/edge-computing', it was left as is.
INFO    -  Doc file 'architects-handbook/case-studies/location-services/uber-location.md' contains an unrecognized relative link '../patterns/adaptive-sampling', it was left as is.
INFO    -  Doc file 'architects-handbook/case-studies/location-services/uber-location.md' contains an unrecognized relative link '../patterns/predictive-caching', it was left as is.
INFO    -  Doc file 'architects-handbook/case-studies/location-services/uber-location.md' contains an unrecognized relative link '../patterns/data-partitioning', it was left as is.
WARNING -  Doc file 'architects-handbook/case-studies/location-services/uber-location.md' contains a link '../patterns/spatial-indexing.md', but the target 'architects-handbook/case-studies/patterns/spatial-indexing.md' is not found among documentation files.
WARNING -  Doc file 'architects-handbook/case-studies/location-services/uber-location.md' contains a link '../pattern-library/architecture/event-streaming.md', but the target 'architects-handbook/case-studies/pattern-library/architecture/event-streaming.md' is not found among documentation files.
WARNING -  Doc file 'architects-handbook/case-studies/location-services/uber-location.md' contains a link '../pattern-library/scaling/edge-computing.md', but the target 'architects-handbook/case-studies/pattern-library/scaling/edge-computing.md' is not found among documentation files.
WARNING -  Doc file 'architects-handbook/case-studies/location-services/uber-location.md' contains a link '../patterns/time-series-ids.md', but the target 'architects-handbook/case-studies/patterns/time-series-ids.md' is not found among documentation files.
WARNING -  Doc file 'architects-handbook/case-studies/location-services/uber-location.md' contains a link '../part2-pillars/work/index.md', but the target 'architects-handbook/case-studies/part2-pillars/work/index.md' is not found among documentation files.
WARNING -  Doc file 'architects-handbook/case-studies/location-services/uber-location.md' contains a link '../part2-pillars/state/index.md', but the target 'architects-handbook/case-studies/part2-pillars/state/index.md' is not found among documentation files.
WARNING -  Doc file 'architects-handbook/case-studies/location-services/uber-location.md' contains a link '../part2-pillars/intelligence/index.md', but the target 'architects-handbook/case-studies/part2-pillars/intelligence/index.md' is not found among documentation files.
WARNING -  Doc file 'architects-handbook/case-studies/location-services/uber-location.md' contains a link '../part2-pillars/work/index.md', but the target 'architects-handbook/case-studies/part2-pillars/work/index.md' is not found among documentation files.
WARNING -  Doc file 'architects-handbook/case-studies/location-services/uber-location.md' contains a link '../part2-pillars/state/index.md', but the target 'architects-handbook/case-studies/part2-pillars/state/index.md' is not found among documentation files.
WARNING -  Doc file 'architects-handbook/case-studies/location-services/uber-location.md' contains a link '../part2-pillars/intelligence/index.md', but the target 'architects-handbook/case-studies/part2-pillars/intelligence/index.md' is not found among documentation files.
WARNING -  Doc file 'architects-handbook/case-studies/location-services/uber-location.md' contains a link '../patterns/spatial-indexing.md', but the target 'architects-handbook/case-studies/patterns/spatial-indexing.md' is not found among documentation files.
INFO    -  Doc file 'architects-handbook/case-studies/location-services/uber-location.md' contains an unrecognized relative link '../patterns/event-streaming', it was left as is.
INFO    -  Doc file 'architects-handbook/case-studies/location-services/uber-location.md' contains an unrecognized relative link '../patterns/caching-strategies', it was left as is.
INFO    -  Doc file 'architects-handbook/case-studies/location-services/uber-location.md' contains an unrecognized relative link '../../excellence/implementation-guides/real-time-systems', it was left as is.
INFO    -  Doc file 'architects-handbook/case-studies/location-services/uber-location.md' contains an unrecognized relative link '../../excellence/implementation-guides/geo-distributed-systems', it was left as is.
INFO    -  Doc file 'architects-handbook/case-studies/location-services/uber-location.md' contains an unrecognized relative link '../../excellence/implementation-guides/mobile-optimization', it was left as is.
WARNING -  Doc file 'architects-handbook/case-studies/location-services/uber-location.md' contains a link 'strava-heatmaps.md.md', but the target 'architects-handbook/case-studies/location-services/strava-heatmaps.md.md' is not found among documentation files.
INFO    -  Doc file 'architects-handbook/case-studies/location-services/uber-location.md' contains an unrecognized relative link '../../excellence/comparisons/geospatial-indexing', it was left as is.
INFO    -  Doc file 'architects-handbook/case-studies/location-services/uber-location.md' contains an unrecognized relative link '../../excellence/comparisons/streaming-vs-polling', it was left as is.
INFO    -  Doc file 'architects-handbook/case-studies/location-services/uber-location.md' contains an unrecognized relative link '../../excellence/comparisons/edge-vs-central', it was left as is.
INFO    -  Doc file 'architects-handbook/case-studies/messaging-streaming/apache-spark.md' contains an unrecognized relative link '../patterns/distributed-computing', it was left as is.
INFO    -  Doc file 'architects-handbook/case-studies/messaging-streaming/apache-spark.md' contains an unrecognized relative link '../patterns/stream-processing', it was left as is.
INFO    -  Doc file 'architects-handbook/case-studies/messaging-streaming/apache-spark.md' contains an unrecognized relative link 'flink', it was left as is.
WARNING -  Doc file 'architects-handbook/case-studies/messaging-streaming/apache-spark.md' contains a link 'databricks.md', but the target 'architects-handbook/case-studies/messaging-streaming/databricks.md' is not found among documentation files.
WARNING -  Doc file 'architects-handbook/case-studies/messaging-streaming/batch-to-streaming.md' contains a link '../patterns/stream-processing.md', but the target 'architects-handbook/case-studies/patterns/stream-processing.md' is not found among documentation files.
WARNING -  Doc file 'architects-handbook/case-studies/messaging-streaming/batch-to-streaming.md' contains a link '../pattern-library/architecture/lambda-architecture.md', but the target 'architects-handbook/case-studies/pattern-library/architecture/lambda-architecture.md' is not found among documentation files.
WARNING -  Doc file 'architects-handbook/case-studies/messaging-streaming/batch-to-streaming.md' contains a link '../pattern-library/data-management/event-sourcing.md', but the target 'architects-handbook/case-studies/pattern-library/data-management/event-sourcing.md' is not found among documentation files.
INFO    -  Doc file 'architects-handbook/case-studies/messaging-streaming/distributed-message-queue.md' contains an unrecognized relative link '../patterns/leader-follower', it was left as is.
INFO    -  Doc file 'architects-handbook/case-studies/messaging-streaming/distributed-message-queue.md' contains an unrecognized relative link '../patterns/sharding', it was left as is.
INFO    -  Doc file 'architects-handbook/case-studies/messaging-streaming/distributed-message-queue.md' contains an unrecognized relative link '../patterns/event-driven', it was left as is.
INFO    -  Doc file 'architects-handbook/case-studies/messaging-streaming/distributed-message-queue.md' contains an unrecognized relative link '../patterns/event-sourcing', it was left as is.
INFO    -  Doc file 'architects-handbook/case-studies/messaging-streaming/distributed-message-queue.md' contains an unrecognized relative link '../patterns/saga', it was left as is.
INFO    -  Doc file 'architects-handbook/case-studies/messaging-streaming/distributed-message-queue.md' contains an unrecognized relative link '../patterns/cqrs', it was left as is.
INFO    -  Doc file 'architects-handbook/case-studies/messaging-streaming/distributed-message-queue.md' contains an unrecognized relative link '../quantitative/littles-law', it was left as is.
INFO    -  Doc file 'architects-handbook/case-studies/messaging-streaming/distributed-message-queue.md' contains an unrecognized relative link '../quantitative/queueing-models', it was left as is.
INFO    -  Doc file 'architects-handbook/case-studies/messaging-streaming/distributed-message-queue.md' contains an unrecognized relative link '../quantitative/universal-scalability', it was left as is.
INFO    -  Doc file 'architects-handbook/case-studies/messaging-streaming/distributed-message-queue.md' contains an unrecognized relative link '../patterns/event-sourcing', it was left as is.
WARNING -  Doc file 'architects-handbook/case-studies/messaging-streaming/kafka.md' contains a link '../pattern-library/data-management/event-sourcing.md', but the target 'architects-handbook/case-studies/pattern-library/data-management/event-sourcing.md' is not found among documentation files.
WARNING -  Doc file 'architects-handbook/case-studies/messaging-streaming/kafka.md' contains a link '../patterns/pub-sub.md', but the target 'architects-handbook/case-studies/patterns/pub-sub.md' is not found among documentation files.
WARNING -  Doc file 'architects-handbook/case-studies/messaging-streaming/kafka.md' contains a link '../patterns/partitioning.md', but the target 'architects-handbook/case-studies/patterns/partitioning.md' is not found among documentation files.
WARNING -  Doc file 'architects-handbook/case-studies/messaging-streaming/kafka.md' contains a link '../pattern-library/coordination/leader-follower.md', but the target 'architects-handbook/case-studies/pattern-library/coordination/leader-follower.md' is not found among documentation files.
WARNING -  Doc file 'architects-handbook/case-studies/messaging-streaming/kafka.md' contains a link '../pattern-library/data-management/event-sourcing.md', but the target 'architects-handbook/case-studies/pattern-library/data-management/event-sourcing.md' is not found among documentation files.
WARNING -  Doc file 'architects-handbook/case-studies/messaging-streaming/kafka.md' contains a link '../patterns/pub-sub.md', but the target 'architects-handbook/case-studies/patterns/pub-sub.md' is not found among documentation files.
WARNING -  Doc file 'architects-handbook/case-studies/messaging-streaming/kafka.md' contains a link '../patterns/partitioning.md', but the target 'architects-handbook/case-studies/patterns/partitioning.md' is not found among documentation files.
INFO    -  Doc file 'architects-handbook/case-studies/messaging-streaming/mapreduce.md' contains an unrecognized relative link 'apache-spark', it was left as is. Did you mean 'apache-spark.md'?
INFO    -  Doc file 'architects-handbook/case-studies/messaging-streaming/mapreduce.md' contains an unrecognized relative link 'flink', it was left as is.
WARNING -  Doc file 'architects-handbook/case-studies/messaging-streaming/mapreduce.md' contains a link 'hdfs.md', but the target 'architects-handbook/case-studies/messaging-streaming/hdfs.md' is not found among documentation files.
INFO    -  Doc file 'architects-handbook/case-studies/messaging-streaming/mapreduce.md' contains an unrecognized relative link '../patterns/distributed-computing', it was left as is.
WARNING -  Doc file 'architects-handbook/case-studies/messaging-streaming/mapreduce.md' contains a link 'gfs.md', but the target 'architects-handbook/case-studies/messaging-streaming/gfs.md' is not found among documentation files.
WARNING -  Doc file 'architects-handbook/case-studies/messaging-streaming/netflix-streaming.md' contains a link '../pattern-library/resilience/circuit-breaker.md', but the target 'architects-handbook/case-studies/pattern-library/resilience/circuit-breaker.md' is not found among documentation files.
WARNING -  Doc file 'architects-handbook/case-studies/messaging-streaming/netflix-streaming.md' contains a link '../pattern-library/scaling/load-balancing.md', but the target 'architects-handbook/case-studies/pattern-library/scaling/load-balancing.md' is not found among documentation files.
WARNING -  Doc file 'architects-handbook/case-studies/messaging-streaming/netflix-streaming.md' contains a link '../pattern-library/scaling/caching-strategies.md', but the target 'architects-handbook/case-studies/pattern-library/scaling/caching-strategies.md' is not found among documentation files.
INFO    -  Doc file 'architects-handbook/case-studies/messaging-streaming/netflix-streaming.md' contains an unrecognized relative link '../patterns/circuit-breaker', it was left as is.
INFO    -  Doc file 'architects-handbook/case-studies/messaging-streaming/netflix-streaming.md' contains an unrecognized relative link '../patterns/event-sourcing', it was left as is.
INFO    -  Doc file 'architects-handbook/case-studies/messaging-streaming/netflix-streaming.md' contains an unrecognized relative link '../patterns/cqrs', it was left as is.
INFO    -  Doc file 'architects-handbook/case-studies/messaging-streaming/netflix-streaming.md' contains an unrecognized relative link '../patterns/caching', it was left as is.
INFO    -  Doc file 'architects-handbook/case-studies/messaging-streaming/netflix-streaming.md' contains an unrecognized relative link '../patterns/service-mesh', it was left as is.
INFO    -  Doc file 'architects-handbook/case-studies/messaging-streaming/netflix-streaming.md' contains an unrecognized relative link '../patterns/bulkhead', it was left as is.
INFO    -  Doc file 'architects-handbook/case-studies/messaging-streaming/netflix-streaming.md' contains an unrecognized relative link '../patterns/async-messaging', it was left as is.
INFO    -  Doc file 'architects-handbook/case-studies/messaging-streaming/netflix-streaming.md' contains an unrecognized relative link '../../excellence/implementation-guides/resilience-first', it was left as is.
INFO    -  Doc file 'architects-handbook/case-studies/messaging-streaming/netflix-streaming.md' contains an unrecognized relative link '../../excellence/implementation-guides/platform-engineering-playbook', it was left as is.
INFO    -  Doc file 'architects-handbook/case-studies/messaging-streaming/netflix-streaming.md' contains an unrecognized relative link '../../excellence/implementation-guides/data-consistency', it was left as is.
WARNING -  Doc file 'architects-handbook/case-studies/messaging-streaming/netflix-streaming.md' contains a link 'youtube.md', but the target 'architects-handbook/case-studies/messaging-streaming/youtube.md' is not found among documentation files.
WARNING -  Doc file 'architects-handbook/case-studies/messaging-streaming/netflix-streaming.md' contains a link 'spotify-recommendations.md', but the target 'architects-handbook/case-studies/messaging-streaming/spotify-recommendations.md' is not found among documentation files.
WARNING -  Doc file 'architects-handbook/case-studies/messaging-streaming/netflix-streaming.md' contains a link 'video-streaming.md.md', but the target 'architects-handbook/case-studies/messaging-streaming/video-streaming.md.md' is not found among documentation files.
INFO    -  Doc file 'architects-handbook/case-studies/messaging-streaming/netflix-streaming.md' contains an unrecognized relative link '../patterns/circuit-breaker', it was left as is.
INFO    -  Doc file 'architects-handbook/case-studies/messaging-streaming/netflix-streaming.md' contains an unrecognized relative link '../patterns/chaos-engineering', it was left as is.
INFO    -  Doc file 'architects-handbook/case-studies/messaging-streaming/netflix-streaming.md' contains an unrecognized relative link '../patterns/event-sourcing', it was left as is.
WARNING -  Doc file 'architects-handbook/case-studies/messaging-streaming/polling-to-event-driven.md' contains a link '../pattern-library/architecture/event-driven.md', but the target 'architects-handbook/case-studies/pattern-library/architecture/event-driven.md' is not found among documentation files.
WARNING -  Doc file 'architects-handbook/case-studies/messaging-streaming/polling-to-event-driven.md' contains a link '../patterns/webhook.md', but the target 'architects-handbook/case-studies/patterns/webhook.md' is not found among documentation files.
WARNING -  Doc file 'architects-handbook/case-studies/messaging-streaming/polling-to-event-driven.md' contains a link '../excellence/migration-guide.md', but the target 'architects-handbook/case-studies/excellence/migration-guide.md' is not found among documentation files.
WARNING -  Doc file 'architects-handbook/case-studies/messaging-streaming/polling-to-event-driven.md' contains a link '../reference/anti-patterns.md', but the target 'architects-handbook/case-studies/reference/anti-patterns.md' is not found among documentation files.
INFO    -  Doc file 'architects-handbook/case-studies/monitoring-observability/prometheus.md' contains an unrecognized relative link '../patterns/time-series-db', it was left as is.
INFO    -  Doc file 'architects-handbook/case-studies/monitoring-observability/prometheus.md' contains an unrecognized relative link '../patterns/service-discovery', it was left as is.
INFO    -  Doc file 'architects-handbook/case-studies/monitoring-observability/prometheus.md' contains an unrecognized relative link '../patterns/observability', it was left as is.
INFO    -  Doc file 'architects-handbook/case-studies/monitoring-observability/prometheus.md' contains an unrecognized relative link 'grafana', it was left as is.
WARNING -  Doc file 'architects-handbook/case-studies/monitoring-observability/prometheus.md' contains a link 'opentelemetry.md', but the target 'architects-handbook/case-studies/monitoring-observability/opentelemetry.md' is not found among documentation files.
INFO    -  Doc file 'architects-handbook/case-studies/monitoring-observability/rate-limiter.md' contains an unrecognized relative link '../patterns/rate-limiting', it was left as is.
WARNING -  Doc file 'architects-handbook/case-studies/monitoring-observability/rate-limiter.md' contains a link '../pattern-library/resilience/circuit-breaker.md', but the target 'architects-handbook/case-studies/pattern-library/resilience/circuit-breaker.md' is not found among documentation files.
INFO    -  Doc file 'architects-handbook/case-studies/monitoring-observability/rate-limiter.md' contains an unrecognized relative link 'consistent-hashing', it was left as is.
INFO    -  Doc file 'architects-handbook/case-studies/monitoring-observability/rate-limiter.md' contains an unrecognized relative link '../patterns/rate-limiting', it was left as is.
WARNING -  Doc file 'architects-handbook/case-studies/monitoring-observability/rate-limiter.md' contains a link '../pattern-library/resilience/circuit-breaker.md', but the target 'architects-handbook/case-studies/pattern-library/resilience/circuit-breaker.md' is not found among documentation files.
INFO    -  Doc file 'architects-handbook/case-studies/monitoring-observability/rate-limiter.md' contains an unrecognized relative link '../patterns/bulkhead', it was left as is.
INFO    -  Doc file 'architects-handbook/case-studies/monitoring-observability/rate-limiter.md' contains an unrecognized relative link '../patterns/sharding', it was left as is.
INFO    -  Doc file 'architects-handbook/case-studies/monitoring-observability/rate-limiter.md' contains an unrecognized relative link '../patterns/caching-strategies', it was left as is.
INFO    -  Doc file 'architects-handbook/case-studies/monitoring-observability/rate-limiter.md' contains an unrecognized relative link '../patterns/health-check', it was left as is.
INFO    -  Doc file 'architects-handbook/case-studies/monitoring-observability/rate-limiter.md' contains an unrecognized relative link '../patterns/load-shedding', it was left as is.
INFO    -  Doc file 'architects-handbook/case-studies/monitoring-observability/rate-limiter.md' contains an unrecognized relative link '../quantitative/littles-law', it was left as is.
INFO    -  Doc file 'architects-handbook/case-studies/monitoring-observability/rate-limiter.md' contains an unrecognized relative link '../quantitative/queueing-models', it was left as is.
INFO    -  Doc file 'architects-handbook/case-studies/monitoring-observability/rate-limiter.md' contains an unrecognized relative link '../quantitative/probabilistic-structures', it was left as is.
INFO    -  Doc file 'architects-handbook/case-studies/monitoring-observability/rate-limiter.md' contains an unrecognized relative link '../human-factors/oncall-culture', it was left as is.
INFO    -  Doc file 'architects-handbook/case-studies/monitoring-observability/rate-limiter.md' contains an unrecognized relative link '../human-factors/incident-response', it was left as is.
INFO    -  Doc file 'architects-handbook/case-studies/monitoring-observability/rate-limiter.md' contains an unrecognized relative link '../human-factors/observability-stacks', it was left as is.
INFO    -  Doc file 'architects-handbook/case-studies/monitoring-observability/rate-limiter.md' contains an unrecognized relative link '../quantitative/capacity-planning', it was left as is.
WARNING -  Doc file 'architects-handbook/case-studies/monitoring-observability/rate-limiter.md' contains a link 'amazon-dynamo.md', but the target 'architects-handbook/case-studies/monitoring-observability/amazon-dynamo.md' is not found among documentation files.
WARNING -  Doc file 'architects-handbook/case-studies/monitoring-observability/rate-limiter.md' contains a link 'paypal-payments.md', but the target 'architects-handbook/case-studies/monitoring-observability/paypal-payments.md' is not found among documentation files.
WARNING -  Doc file 'architects-handbook/case-studies/monitoring-observability/rate-limiter.md' contains a link 'data-management/consistent-hashing.md', but the target 'architects-handbook/case-studies/monitoring-observability/data-management/consistent-hashing.md' is not found among documentation files.
WARNING -  Doc file 'architects-handbook/case-studies/monitoring-observability/rate-limiter.md' contains a link 'news-feed.md.md', but the target 'architects-handbook/case-studies/monitoring-observability/news-feed.md.md' is not found among documentation files.
WARNING -  Doc file 'architects-handbook/case-studies/search-analytics/elasticsearch.md' contains a link 'key-value-store.md', but the target 'architects-handbook/case-studies/search-analytics/key-value-store.md' is not found among documentation files.
WARNING -  Doc file 'architects-handbook/case-studies/search-analytics/elasticsearch.md' contains a link 'cassandra.md', but the target 'architects-handbook/case-studies/search-analytics/cassandra.md' is not found among documentation files.
WARNING -  Doc file 'architects-handbook/case-studies/search-analytics/elasticsearch.md' contains a link 'kafka.md.md', but the target 'architects-handbook/case-studies/search-analytics/kafka.md.md' is not found among documentation files.
INFO    -  Doc file 'architects-handbook/case-studies/search-analytics/google-drive.md' contains an unrecognized relative link '../patterns/distributed-storage', it was left as is.
INFO    -  Doc file 'architects-handbook/case-studies/search-analytics/google-drive.md' contains an unrecognized relative link '../part2-pillars/state', it was left as is.
INFO    -  Doc file 'architects-handbook/case-studies/search-analytics/google-drive.md' contains an unrecognized relative link '../patterns/cas', it was left as is.
INFO    -  Doc file 'architects-handbook/case-studies/search-analytics/google-drive.md' contains an unrecognized relative link '../part2-pillars/state', it was left as is.
INFO    -  Doc file 'architects-handbook/case-studies/search-analytics/google-drive.md' contains an unrecognized relative link '../part2-pillars/work', it was left as is.
INFO    -  Doc file 'architects-handbook/case-studies/search-analytics/google-drive.md' contains an unrecognized relative link '../part1-axioms/law2-asynchrony', it was left as is.
INFO    -  Doc file 'architects-handbook/case-studies/search-analytics/google-drive.md' contains an unrecognized relative link '../part1-axioms/law4-tradeoffs', it was left as is.
INFO    -  Doc file 'architects-handbook/case-studies/search-analytics/google-drive.md' contains an unrecognized relative link '../part1-axioms/law1-failure', it was left as is.
INFO    -  Doc file 'architects-handbook/case-studies/search-analytics/google-drive.md' contains an unrecognized relative link '../part1-axioms/law3-emergence', it was left as is.
INFO    -  Doc file 'architects-handbook/case-studies/search-analytics/google-drive.md' contains an unrecognized relative link '../part1-axioms/law4-tradeoffs', it was left as is.
INFO    -  Doc file 'architects-handbook/case-studies/search-analytics/google-drive.md' contains an unrecognized relative link '../part1-axioms/law5-epistemology', it was left as is.
INFO    -  Doc file 'architects-handbook/case-studies/search-analytics/google-drive.md' contains an unrecognized relative link '../part1-axioms/law6-human-api', it was left as is.
INFO    -  Doc file 'architects-handbook/case-studies/search-analytics/google-drive.md' contains an unrecognized relative link '../part1-axioms/law7-economics', it was left as is.
INFO    -  Doc file 'architects-handbook/case-studies/search-analytics/google-drive.md' contains an unrecognized relative link '../patterns/cas', it was left as is.
INFO    -  Doc file 'architects-handbook/case-studies/search-analytics/google-drive.md' contains an unrecognized relative link '../patterns/crdt', it was left as is.
INFO    -  Doc file 'architects-handbook/case-studies/search-analytics/google-drive.md' contains an unrecognized relative link '../patterns/event-sourcing', it was left as is.
INFO    -  Doc file 'architects-handbook/case-studies/search-analytics/google-drive.md' contains an unrecognized relative link '../patterns/saga', it was left as is.
WARNING -  Doc file 'architects-handbook/case-studies/search-analytics/google-drive.md' contains a link '../pattern-library/resilience/circuit-breaker.md', but the target 'architects-handbook/case-studies/pattern-library/resilience/circuit-breaker.md' is not found among documentation files.
INFO    -  Doc file 'architects-handbook/case-studies/search-analytics/google-drive.md' contains an unrecognized relative link '../quantitative/information-theory', it was left as is.
INFO    -  Doc file 'architects-handbook/case-studies/search-analytics/google-drive.md' contains an unrecognized relative link '../quantitative/queueing-models', it was left as is.
INFO    -  Doc file 'architects-handbook/case-studies/search-analytics/google-drive.md' contains an unrecognized relative link '../quantitative/storage-economics', it was left as is.
WARNING -  Doc file 'architects-handbook/case-studies/search-analytics/google-search-infrastructure.md' contains a link '../patterns/mapreduce.md', but the target 'architects-handbook/case-studies/patterns/mapreduce.md' is not found among documentation files.
WARNING -  Doc file 'architects-handbook/case-studies/search-analytics/google-search-infrastructure.md' contains a link '../patterns/distributed-cache.md', but the target 'architects-handbook/case-studies/patterns/distributed-cache.md' is not found among documentation files.
WARNING -  Doc file 'architects-handbook/case-studies/search-analytics/google-search-infrastructure.md' contains a link '../pattern-library/scaling/sharding.md', but the target 'architects-handbook/case-studies/pattern-library/scaling/sharding.md' is not found among documentation files.
WARNING -  Doc file 'architects-handbook/case-studies/search-analytics/search-autocomplete.md' contains a link '../pattern-library/scaling/sharding.md', but the target 'architects-handbook/case-studies/pattern-library/scaling/sharding.md' is not found among documentation files.
WARNING -  Doc file 'architects-handbook/case-studies/search-analytics/search-autocomplete.md' contains a link '../pattern-library/scaling/caching-strategies.md', but the target 'architects-handbook/case-studies/pattern-library/scaling/caching-strategies.md' is not found among documentation files.
WARNING -  Doc file 'architects-handbook/case-studies/search-analytics/search-autocomplete.md' contains a link '../pattern-library/scaling/caching-strategies.md', but the target 'architects-handbook/case-studies/pattern-library/scaling/caching-strategies.md' is not found among documentation files.
WARNING -  Doc file 'architects-handbook/case-studies/search-analytics/search-autocomplete.md' contains a link '../pattern-library/scaling/sharding.md', but the target 'architects-handbook/case-studies/pattern-library/scaling/sharding.md' is not found among documentation files.
WARNING -  Doc file 'architects-handbook/case-studies/search-analytics/search-autocomplete.md' contains a link '../pattern-library/resilience/circuit-breaker.md', but the target 'architects-handbook/case-studies/pattern-library/resilience/circuit-breaker.md' is not found among documentation files.
WARNING -  Doc file 'architects-handbook/case-studies/search-analytics/search-autocomplete.md' contains a link '../pattern-library/scaling/load-balancing.md', but the target 'architects-handbook/case-studies/pattern-library/scaling/load-balancing.md' is not found among documentation files.
WARNING -  Doc file 'architects-handbook/case-studies/search-analytics/search-autocomplete.md' contains a link '../pattern-library/architecture/event-streaming.md', but the target 'architects-handbook/case-studies/pattern-library/architecture/event-streaming.md' is not found among documentation files.
WARNING -  Doc file 'architects-handbook/case-studies/search-analytics/search-autocomplete.md' contains a link '../pattern-library/scaling/edge-computing.md', but the target 'architects-handbook/case-studies/pattern-library/scaling/edge-computing.md' is not found among documentation files.
WARNING -  Doc file 'architects-handbook/case-studies/search-analytics/search-autocomplete.md' contains a link '../quantitative/information-theory.md', but the target 'architects-handbook/case-studies/quantitative/information-theory.md' is not found among documentation files.
WARNING -  Doc file 'architects-handbook/case-studies/search-analytics/search-autocomplete.md' contains a link '../../quantitative-analysis/queueing-models.md.md', but the target 'architects-handbook/quantitative-analysis/queueing-models.md.md' is not found among documentation files.
WARNING -  Doc file 'architects-handbook/case-studies/search-analytics/search-autocomplete.md' contains a link 'google-systems/google-search.md', but the target 'architects-handbook/case-studies/search-analytics/google-systems/google-search.md' is not found among documentation files.
WARNING -  Doc file 'architects-handbook/case-studies/search-analytics/search-autocomplete.md' contains a link 'amazon-search.md', but the target 'architects-handbook/case-studies/search-analytics/amazon-search.md' is not found among documentation files.
WARNING -  Doc file 'architects-handbook/case-studies/search-analytics/spotify-recommendations.md' contains a link '../pattern-library/architecture/event-driven.md', but the target 'architects-handbook/case-studies/pattern-library/architecture/event-driven.md' is not found among documentation files.
WARNING -  Doc file 'architects-handbook/case-studies/search-analytics/spotify-recommendations.md' contains a link '../pattern-library/data-management/cqrs.md', but the target 'architects-handbook/case-studies/pattern-library/data-management/cqrs.md' is not found among documentation files.
WARNING -  Doc file 'architects-handbook/case-studies/search-analytics/spotify-recommendations.md' contains a link '../pattern-library/scaling/caching-strategies.md', but the target 'architects-handbook/case-studies/pattern-library/scaling/caching-strategies.md' is not found among documentation files.
WARNING -  Doc file 'architects-handbook/case-studies/search-analytics/spotify-recommendations.md' contains a link '../pattern-library/resilience/circuit-breaker.md', but the target 'architects-handbook/case-studies/pattern-library/resilience/circuit-breaker.md' is not found among documentation files.
WARNING -  Doc file 'architects-handbook/case-studies/search-analytics/spotify-recommendations.md' contains a link '../pattern-library/scaling/load-balancing.md', but the target 'architects-handbook/case-studies/pattern-library/scaling/load-balancing.md' is not found among documentation files.
WARNING -  Doc file 'architects-handbook/case-studies/search-analytics/spotify-recommendations.md' contains a link '../pattern-library/resilience/bulkhead.md', but the target 'architects-handbook/case-studies/pattern-library/resilience/bulkhead.md' is not found among documentation files.
WARNING -  Doc file 'architects-handbook/case-studies/search-analytics/spotify-recommendations.md' contains a link '../../quantitative-analysis/littles-law.md.md', but the target 'architects-handbook/quantitative-analysis/littles-law.md.md' is not found among documentation files.
WARNING -  Doc file 'architects-handbook/case-studies/search-analytics/spotify-recommendations.md' contains a link '../quantitative/amdahl-gustafson.md', but the target 'architects-handbook/case-studies/quantitative/amdahl-gustafson.md' is not found among documentation files.
WARNING -  Doc file 'architects-handbook/case-studies/search-analytics/spotify-recommendations.md' contains a link '../quantitative/power-laws.md', but the target 'architects-handbook/case-studies/quantitative/power-laws.md' is not found among documentation files.
WARNING -  Doc file 'architects-handbook/case-studies/search-analytics/spotify-recommendations.md' contains a link '../quantitative/information-theory.md', but the target 'architects-handbook/case-studies/quantitative/information-theory.md' is not found among documentation files.
WARNING -  Doc file 'architects-handbook/case-studies/search-analytics/spotify-recommendations.md' contains a link '../human-factors/sre-practices.md', but the target 'architects-handbook/case-studies/human-factors/sre-practices.md' is not found among documentation files.
WARNING -  Doc file 'architects-handbook/case-studies/search-analytics/spotify-recommendations.md' contains a link '../human-factors/observability-stacks.md', but the target 'architects-handbook/case-studies/human-factors/observability-stacks.md' is not found among documentation files.
WARNING -  Doc file 'architects-handbook/case-studies/search-analytics/spotify-recommendations.md' contains a link '../human-factors/blameless-postmortems.md', but the target 'architects-handbook/case-studies/human-factors/blameless-postmortems.md' is not found among documentation files.
WARNING -  Doc file 'architects-handbook/case-studies/search-analytics/spotify-recommendations.md' contains a link './news-feed.md', but the target 'architects-handbook/case-studies/search-analytics/news-feed.md' is not found among documentation files.
WARNING -  Doc file 'architects-handbook/case-studies/search-analytics/spotify-recommendations.md' contains a link './youtube.md', but the target 'architects-handbook/case-studies/search-analytics/youtube.md' is not found among documentation files.
WARNING -  Doc file 'architects-handbook/case-studies/search-analytics/spotify-recommendations.md' contains a link './rate-limiter.md', but the target 'architects-handbook/case-studies/search-analytics/rate-limiter.md' is not found among documentation files.
WARNING -  Doc file 'architects-handbook/case-studies/search-analytics/spotify-recommendations.md' contains a link './amazon-dynamo.md', but the target 'architects-handbook/case-studies/search-analytics/amazon-dynamo.md' is not found among documentation files.
WARNING -  Doc file 'architects-handbook/case-studies/search-analytics/spotify-recommendations.md' contains a link './amazon-dynamo.md', but the target 'architects-handbook/case-studies/search-analytics/amazon-dynamo.md' is not found among documentation files.
WARNING -  Doc file 'architects-handbook/case-studies/search-analytics/spotify-recommendations.md' contains a link './paypal-payments.md', but the target 'architects-handbook/case-studies/search-analytics/paypal-payments.md' is not found among documentation files.
WARNING -  Doc file 'architects-handbook/case-studies/social-communication/chat-system.md' contains a link '../part2-pillars/truth/index.md', but the target 'architects-handbook/case-studies/part2-pillars/truth/index.md' is not found among documentation files.
WARNING -  Doc file 'architects-handbook/case-studies/social-communication/chat-system.md' contains a link '../part2-pillars/control/index.md', but the target 'architects-handbook/case-studies/part2-pillars/control/index.md' is not found among documentation files.
WARNING -  Doc file 'architects-handbook/case-studies/social-communication/chat-system.md' contains a link '../pattern-library/resilience/circuit-breaker.md', but the target 'architects-handbook/case-studies/pattern-library/resilience/circuit-breaker.md' is not found among documentation files.
WARNING -  Doc file 'architects-handbook/case-studies/social-communication/chat-system.md' contains a link '../pattern-library/data-management/event-sourcing.md', but the target 'architects-handbook/case-studies/pattern-library/data-management/event-sourcing.md' is not found among documentation files.
WARNING -  Doc file 'architects-handbook/case-studies/social-communication/chat-system.md' contains a link '../pattern-library/data-management/crdt.md', but the target 'architects-handbook/case-studies/pattern-library/data-management/crdt.md' is not found among documentation files.
WARNING -  Doc file 'architects-handbook/case-studies/social-communication/chat-system.md' contains a link '../pattern-library/data-management/saga.md', but the target 'architects-handbook/case-studies/pattern-library/data-management/saga.md' is not found among documentation files.
WARNING -  Doc file 'architects-handbook/case-studies/social-communication/chat-system.md' contains a link '../../quantitative-analysis/littles-law.md.md', but the target 'architects-handbook/quantitative-analysis/littles-law.md.md' is not found among documentation files.
WARNING -  Doc file 'architects-handbook/case-studies/social-communication/chat-system.md' contains a link '../../quantitative-analysis/queueing-models.md.md', but the target 'architects-handbook/quantitative-analysis/queueing-models.md.md' is not found among documentation files.
WARNING -  Doc file 'architects-handbook/case-studies/social-communication/chat-system.md' contains a link '../quantitative/network-theory.md', but the target 'architects-handbook/case-studies/quantitative/network-theory.md' is not found among documentation files.
INFO    -  Doc file 'architects-handbook/case-studies/social-communication/news-feed.md' contains an unrecognized relative link '../part1-axioms/law2-asynchrony/index', it was left as is.
INFO    -  Doc file 'architects-handbook/case-studies/social-communication/news-feed.md' contains an unrecognized relative link '../part1-axioms/law4-tradeoffs/index', it was left as is.
INFO    -  Doc file 'architects-handbook/case-studies/social-communication/news-feed.md' contains an unrecognized relative link '../part1-axioms/law1-failure/index', it was left as is.
INFO    -  Doc file 'architects-handbook/case-studies/social-communication/news-feed.md' contains an unrecognized relative link '../part1-axioms/law3-emergence/index', it was left as is.
INFO    -  Doc file 'architects-handbook/case-studies/social-communication/news-feed.md' contains an unrecognized relative link '../part1-axioms/law5-epistemology/index', it was left as is.
INFO    -  Doc file 'architects-handbook/case-studies/social-communication/news-feed.md' contains an unrecognized relative link '../part1-axioms/law6-human-api/index', it was left as is.
INFO    -  Doc file 'architects-handbook/case-studies/social-communication/news-feed.md' contains an unrecognized relative link '../part1-axioms/law7-economics/index', it was left as is.
INFO    -  Doc file 'architects-handbook/case-studies/social-communication/news-feed.md' contains an unrecognized relative link '../patterns/event-driven', it was left as is.
INFO    -  Doc file 'architects-handbook/case-studies/social-communication/news-feed.md' contains an unrecognized relative link '../patterns/cqrs', it was left as is.
INFO    -  Doc file 'architects-handbook/case-studies/social-communication/news-feed.md' contains an unrecognized relative link '../patterns/caching-strategies', it was left as is.
WARNING -  Doc file 'architects-handbook/case-studies/social-communication/news-feed.md' contains a link '../pattern-library/resilience/circuit-breaker.md', but the target 'architects-handbook/case-studies/pattern-library/resilience/circuit-breaker.md' is not found among documentation files.
INFO    -  Doc file 'architects-handbook/case-studies/social-communication/news-feed.md' contains an unrecognized relative link '../patterns/bulkhead', it was left as is.
INFO    -  Doc file 'architects-handbook/case-studies/social-communication/news-feed.md' contains an unrecognized relative link '../patterns/load-balancing', it was left as is.
INFO    -  Doc file 'architects-handbook/case-studies/social-communication/news-feed.md' contains an unrecognized relative link '../patterns/sharding', it was left as is.
INFO    -  Doc file 'architects-handbook/case-studies/social-communication/news-feed.md' contains an unrecognized relative link '../quantitative/littles-law', it was left as is.
INFO    -  Doc file 'architects-handbook/case-studies/social-communication/news-feed.md' contains an unrecognized relative link '../quantitative/queueing-models', it was left as is.
INFO    -  Doc file 'architects-handbook/case-studies/social-communication/news-feed.md' contains an unrecognized relative link '../quantitative/power-laws', it was left as is.
INFO    -  Doc file 'architects-handbook/case-studies/social-communication/news-feed.md' contains an unrecognized relative link '../quantitative/information-theory', it was left as is.
INFO    -  Doc file 'architects-handbook/case-studies/social-communication/news-feed.md' contains an unrecognized relative link '../human-factors/sre-practices', it was left as is.
INFO    -  Doc file 'architects-handbook/case-studies/social-communication/news-feed.md' contains an unrecognized relative link '../human-factors/oncall-culture', it was left as is.
INFO    -  Doc file 'architects-handbook/case-studies/social-communication/news-feed.md' contains an unrecognized relative link '../quantitative/capacity-planning', it was left as is.
INFO    -  Doc file 'architects-handbook/case-studies/social-communication/news-feed.md' contains an unrecognized relative link '../human-factors/blameless-postmortems', it was left as is.
WARNING -  Doc file 'architects-handbook/case-studies/social-communication/news-feed.md' contains a link 'spotify-recommendations.md', but the target 'architects-handbook/case-studies/social-communication/spotify-recommendations.md' is not found among documentation files.
WARNING -  Doc file 'architects-handbook/case-studies/social-communication/news-feed.md' contains a link 'rate-limiter.md', but the target 'architects-handbook/case-studies/social-communication/rate-limiter.md' is not found among documentation files.
WARNING -  Doc file 'architects-handbook/case-studies/social-communication/news-feed.md' contains a link 'uber-location.md.md', but the target 'architects-handbook/case-studies/social-communication/uber-location.md.md' is not found among documentation files.
WARNING -  Doc file 'architects-handbook/case-studies/social-communication/notification-system.md' contains a link '../pattern-library/architecture/event-driven.md', but the target 'architects-handbook/case-studies/pattern-library/architecture/event-driven.md' is not found among documentation files.
WARNING -  Doc file 'architects-handbook/case-studies/social-communication/notification-system.md' contains a link '../pattern-library/scaling/queues-streaming.md', but the target 'architects-handbook/case-studies/pattern-library/scaling/queues-streaming.md' is not found among documentation files.
WARNING -  Doc file 'architects-handbook/case-studies/social-communication/notification-system.md' contains a link '../pattern-library/resilience/circuit-breaker.md', but the target 'architects-handbook/case-studies/pattern-library/resilience/circuit-breaker.md' is not found among documentation files.
WARNING -  Doc file 'architects-handbook/case-studies/social-communication/notification-system.md' contains a link '../pattern-library/scaling/rate-limiting.md', but the target 'architects-handbook/case-studies/pattern-library/scaling/rate-limiting.md' is not found among documentation files.
WARNING -  Doc file 'architects-handbook/case-studies/social-communication/notification-system.md' contains a link 'search-autocomplete.md', but the target 'architects-handbook/case-studies/social-communication/search-autocomplete.md' is not found among documentation files.
WARNING -  Doc file 'architects-handbook/case-studies/social-communication/notification-system.md' contains a link 'spotify-recommendations.md.md', but the target 'architects-handbook/case-studies/social-communication/spotify-recommendations.md.md' is not found among documentation files.
WARNING -  Doc file 'architects-handbook/case-studies/social-communication/notification-system.md' contains a link '../pattern-library/scaling/queues-streaming.md', but the target 'architects-handbook/case-studies/pattern-library/scaling/queues-streaming.md' is not found among documentation files.
WARNING -  Doc file 'architects-handbook/case-studies/social-communication/notification-system.md' contains a link '../pattern-library/resilience/circuit-breaker.md', but the target 'architects-handbook/case-studies/pattern-library/resilience/circuit-breaker.md' is not found among documentation files.
WARNING -  Doc file 'architects-handbook/case-studies/social-communication/notification-system.md' contains a link '../pattern-library/architecture/event-driven.md', but the target 'architects-handbook/case-studies/pattern-library/architecture/event-driven.md' is not found among documentation files.
WARNING -  Doc file 'architects-handbook/case-studies/social-communication/notification-system.md' contains a link '../pattern-library/scaling/rate-limiting.md', but the target 'architects-handbook/case-studies/pattern-library/scaling/rate-limiting.md' is not found among documentation files.
WARNING -  Doc file 'architects-handbook/case-studies/social-communication/slack-infrastructure.md' contains a link '../pattern-library/communication/websocket.md', but the target 'architects-handbook/case-studies/pattern-library/communication/websocket.md' is not found among documentation files.
WARNING -  Doc file 'architects-handbook/case-studies/social-communication/slack-infrastructure.md' contains a link '../patterns/message-queue.md', but the target 'architects-handbook/case-studies/patterns/message-queue.md' is not found among documentation files.
WARNING -  Doc file 'architects-handbook/case-studies/social-communication/slack-infrastructure.md' contains a link '../pattern-library/scaling/sharding.md', but the target 'architects-handbook/case-studies/pattern-library/scaling/sharding.md' is not found among documentation files.
WARNING -  Doc file 'architects-handbook/case-studies/social-communication/social-graph.md' contains a link '../pattern-library/scaling/sharding.md', but the target 'architects-handbook/case-studies/pattern-library/scaling/sharding.md' is not found among documentation files.
WARNING -  Doc file 'architects-handbook/case-studies/social-communication/social-graph.md' contains a link '../pattern-library/scaling/caching-strategies.md', but the target 'architects-handbook/case-studies/pattern-library/scaling/caching-strategies.md' is not found among documentation files.
WARNING -  Doc file 'architects-handbook/case-studies/social-communication/social-graph.md' contains a link '../pattern-library/architecture/event-streaming.md', but the target 'architects-handbook/case-studies/pattern-library/architecture/event-streaming.md' is not found among documentation files.
INFO    -  Doc file 'architects-handbook/case-studies/social-communication/social-graph.md' contains an unrecognized relative link '../patterns/location-privacy', it was left as is.
WARNING -  Doc file 'architects-handbook/case-studies/social-communication/social-graph.md' contains a link 'index.md.md', but the target 'architects-handbook/case-studies/social-communication/index.md.md' is not found among documentation files.
WARNING -  Doc file 'architects-handbook/case-studies/social-communication/social-media-feed.md' contains a link 'redis-architecture.md', but the target 'architects-handbook/case-studies/social-communication/redis-architecture.md' is not found among documentation files.
WARNING -  Doc file 'architects-handbook/case-studies/social-communication/social-media-feed.md' contains a link 'key-value-store.md.md', but the target 'architects-handbook/case-studies/social-communication/key-value-store.md.md' is not found among documentation files.
WARNING -  Doc file 'architects-handbook/case-studies/social-communication/twitter-timeline.md' contains a link '../patterns/fanout.md', but the target 'architects-handbook/case-studies/patterns/fanout.md' is not found among documentation files.
WARNING -  Doc file 'architects-handbook/case-studies/social-communication/twitter-timeline.md' contains a link '../pattern-library/scaling/caching-strategies.md.md', but the target 'architects-handbook/case-studies/pattern-library/scaling/caching-strategies.md.md' is not found among documentation files.
WARNING -  Doc file 'architects-handbook/case-studies/social-communication/twitter-timeline.md' contains a link '../pattern-library/scaling/sharding.md', but the target 'architects-handbook/case-studies/pattern-library/scaling/sharding.md' is not found among documentation files.
WARNING -  Doc file 'architects-handbook/case-studies/social-communication/video-streaming.md' contains a link 'netflix-streaming.md', but the target 'architects-handbook/case-studies/social-communication/netflix-streaming.md' is not found among documentation files.
WARNING -  Doc file 'architects-handbook/case-studies/social-communication/youtube.md' contains a link '../pattern-library/scaling/load-balancing.md', but the target 'architects-handbook/case-studies/pattern-library/scaling/load-balancing.md' is not found among documentation files.
WARNING -  Doc file 'architects-handbook/case-studies/social-communication/youtube.md' contains a link '../pattern-library/scaling/caching-strategies.md', but the target 'architects-handbook/case-studies/pattern-library/scaling/caching-strategies.md' is not found among documentation files.
WARNING -  Doc file 'architects-handbook/case-studies/social-communication/youtube.md' contains a link '../pattern-library/resilience/fault-tolerance.md', but the target 'architects-handbook/case-studies/pattern-library/resilience/fault-tolerance.md' is not found among documentation files.
WARNING -  Doc file 'architects-handbook/case-studies/social-communication/youtube.md' contains a link '../part2-pillars/work/index.md', but the target 'architects-handbook/case-studies/part2-pillars/work/index.md' is not found among documentation files.
WARNING -  Doc file 'architects-handbook/case-studies/social-communication/youtube.md' contains a link '../pattern-library/scaling/edge-computing.md', but the target 'architects-handbook/case-studies/pattern-library/scaling/edge-computing.md' is not found among documentation files.
WARNING -  Doc file 'architects-handbook/case-studies/social-communication/youtube.md' contains a link '../pattern-library/scaling/edge-computing.md', but the target 'architects-handbook/case-studies/pattern-library/scaling/edge-computing.md' is not found among documentation files.
WARNING -  Doc file 'architects-handbook/case-studies/social-communication/youtube.md' contains a link '../pattern-library/scaling/load-balancing.md', but the target 'architects-handbook/case-studies/pattern-library/scaling/load-balancing.md' is not found among documentation files.
WARNING -  Doc file 'architects-handbook/case-studies/social-communication/youtube.md' contains a link '../pattern-library/scaling/caching-strategies.md', but the target 'architects-handbook/case-studies/pattern-library/scaling/caching-strategies.md' is not found among documentation files.
WARNING -  Doc file 'architects-handbook/case-studies/social-communication/youtube.md' contains a link '../pattern-library/architecture/event-driven.md', but the target 'architects-handbook/case-studies/pattern-library/architecture/event-driven.md' is not found among documentation files.
WARNING -  Doc file 'architects-handbook/case-studies/social-communication/youtube.md' contains a link '../pattern-library/scaling/auto-scaling.md', but the target 'architects-handbook/case-studies/pattern-library/scaling/auto-scaling.md' is not found among documentation files.
WARNING -  Doc file 'architects-handbook/case-studies/social-communication/youtube.md' contains a link '../pattern-library/resilience/graceful-degradation.md', but the target 'architects-handbook/case-studies/pattern-library/resilience/graceful-degradation.md' is not found among documentation files.
WARNING -  Doc file 'architects-handbook/case-studies/social-communication/youtube.md' contains a link '../quantitative/power-laws.md', but the target 'architects-handbook/case-studies/quantitative/power-laws.md' is not found among documentation files.
WARNING -  Doc file 'architects-handbook/case-studies/social-communication/youtube.md' contains a link '../../quantitative-analysis/littles-law.md.md', but the target 'architects-handbook/quantitative-analysis/littles-law.md.md' is not found among documentation files.
WARNING -  Doc file 'architects-handbook/case-studies/social-communication/youtube.md' contains a link '../../quantitative-analysis/queueing-models.md.md', but the target 'architects-handbook/quantitative-analysis/queueing-models.md.md' is not found among documentation files.
WARNING -  Doc file 'architects-handbook/case-studies/social-communication/youtube.md' contains a link '../quantitative/information-theory.md', but the target 'architects-handbook/case-studies/quantitative/information-theory.md' is not found among documentation files.
WARNING -  Doc file 'architects-handbook/case-studies/social-communication/youtube.md' contains a link '../human-factors/sre-practices.md', but the target 'architects-handbook/case-studies/human-factors/sre-practices.md' is not found among documentation files.
WARNING -  Doc file 'architects-handbook/case-studies/social-communication/youtube.md' contains a link '../quantitative/capacity-planning.md', but the target 'architects-handbook/case-studies/quantitative/capacity-planning.md' is not found among documentation files.
WARNING -  Doc file 'architects-handbook/case-studies/social-communication/youtube.md' contains a link '../human-factors/observability-stacks.md', but the target 'architects-handbook/case-studies/human-factors/observability-stacks.md' is not found among documentation files.
WARNING -  Doc file 'architects-handbook/case-studies/social-communication/youtube.md' contains a link 'spotify-recommendations.md', but the target 'architects-handbook/case-studies/social-communication/spotify-recommendations.md' is not found among documentation files.
WARNING -  Doc file 'architects-handbook/case-studies/social-communication/youtube.md' contains a link 'uber-location.md', but the target 'architects-handbook/case-studies/social-communication/uber-location.md' is not found among documentation files.
WARNING -  Doc file 'architects-handbook/case-studies/social-communication/youtube.md' contains a link 'amazon-dynamo.md', but the target 'architects-handbook/case-studies/social-communication/amazon-dynamo.md' is not found among documentation files.
INFO    -  Doc file 'architects-handbook/human-factors/index.md' contains an unrecognized relative link 'sre-principles/', it was left as is.
INFO    -  Doc file 'architects-handbook/human-factors/index.md' contains an unrecognized relative link 'toil-reduction/', it was left as is.
INFO    -  Doc file 'architects-handbook/human-factors/index.md' contains an unrecognized relative link 'capacity-management/', it was left as is.
INFO    -  Doc file 'architects-handbook/human-factors/index.md' contains an unrecognized relative link 'release-engineering/', it was left as is.
INFO    -  Doc file 'architects-handbook/human-factors/index.md' contains an unrecognized relative link 'incident-response/', it was left as is. Did you mean 'incident-response.md'?
INFO    -  Doc file 'architects-handbook/human-factors/index.md' contains an unrecognized relative link 'postmortem-culture/', it was left as is.
INFO    -  Doc file 'architects-handbook/human-factors/index.md' contains an unrecognized relative link 'runbook-development/', it was left as is.
INFO    -  Doc file 'architects-handbook/human-factors/index.md' contains an unrecognized relative link 'war-room-protocols/', it was left as is.
INFO    -  Doc file 'architects-handbook/human-factors/index.md' contains an unrecognized relative link 'on-call-philosophy/', it was left as is.
INFO    -  Doc file 'architects-handbook/human-factors/index.md' contains an unrecognized relative link 'escalation-policies/', it was left as is.
INFO    -  Doc file 'architects-handbook/human-factors/index.md' contains an unrecognized relative link 'alert-fatigue/', it was left as is.
INFO    -  Doc file 'architects-handbook/human-factors/index.md' contains an unrecognized relative link 'handoff-procedures/', it was left as is.
INFO    -  Doc file 'architects-handbook/human-factors/index.md' contains an unrecognized relative link 'observability-strategy/', it was left as is.
INFO    -  Doc file 'architects-handbook/human-factors/index.md' contains an unrecognized relative link 'dashboard-design/', it was left as is.
INFO    -  Doc file 'architects-handbook/human-factors/index.md' contains an unrecognized relative link 'alert-design/', it was left as is.
INFO    -  Doc file 'architects-handbook/human-factors/index.md' contains an unrecognized relative link 'debugging-guide/', it was left as is.
INFO    -  Doc file 'architects-handbook/human-factors/index.md' contains an unrecognized relative link 'platform-teams/', it was left as is.
INFO    -  Doc file 'architects-handbook/human-factors/index.md' contains an unrecognized relative link 'service-teams/', it was left as is.
INFO    -  Doc file 'architects-handbook/human-factors/index.md' contains an unrecognized relative link 'sre-teams/', it was left as is.
INFO    -  Doc file 'architects-handbook/human-factors/index.md' contains an unrecognized relative link 'devops-culture/', it was left as is.
INFO    -  Doc file 'architects-handbook/human-factors/index.md' contains an unrecognized relative link 'technical-documentation/', it was left as is.
INFO    -  Doc file 'architects-handbook/human-factors/index.md' contains an unrecognized relative link 'design-reviews/', it was left as is.
INFO    -  Doc file 'architects-handbook/human-factors/index.md' contains an unrecognized relative link 'operational-reviews/', it was left as is.
INFO    -  Doc file 'architects-handbook/human-factors/index.md' contains an unrecognized relative link 'blameless-culture/', it was left as is.
INFO    -  Doc file 'architects-handbook/human-factors/index.md' contains an unrecognized relative link '../learning-paths/', it was left as is. Did you mean '../learning-paths/index.md'?
INFO    -  Doc file 'architects-handbook/human-factors/index.md' contains an unrecognized relative link 'mentorship/', it was left as is.
INFO    -  Doc file 'architects-handbook/human-factors/index.md' contains an unrecognized relative link 'chaos-engineering/', it was left as is. Did you mean 'chaos-engineering.md'?
INFO    -  Doc file 'architects-handbook/human-factors/index.md' contains an unrecognized relative link 'game-days/', it was left as is.
INFO    -  Doc file 'architects-handbook/human-factors/index.md' contains an unrecognized relative link 'sre-principles/', it was left as is.
INFO    -  Doc file 'architects-handbook/implementation-playbooks/index.md' contains an unrecognized relative link 'monolith-to-microservices/', it was left as is.
INFO    -  Doc file 'architects-handbook/implementation-playbooks/index.md' contains an unrecognized relative link 'on-premise-to-cloud/', it was left as is.
INFO    -  Doc file 'architects-handbook/implementation-playbooks/index.md' contains an unrecognized relative link 'single-to-multi-region/', it was left as is.
INFO    -  Doc file 'architects-handbook/implementation-playbooks/index.md' contains an unrecognized relative link 'sync-to-async/', it was left as is.
INFO    -  Doc file 'architects-handbook/implementation-playbooks/index.md' contains an unrecognized relative link 'rdbms-to-nosql/', it was left as is.
INFO    -  Doc file 'architects-handbook/implementation-playbooks/index.md' contains an unrecognized relative link 'database-sharding/', it was left as is.
INFO    -  Doc file 'architects-handbook/implementation-playbooks/index.md' contains an unrecognized relative link 'cache-integration/', it was left as is.
INFO    -  Doc file 'architects-handbook/implementation-playbooks/index.md' contains an unrecognized relative link 'event-sourcing-adoption/', it was left as is.
INFO    -  Doc file 'architects-handbook/implementation-playbooks/index.md' contains an unrecognized relative link 'circuit-breaker-setup/', it was left as is.
INFO    -  Doc file 'architects-handbook/implementation-playbooks/index.md' contains an unrecognized relative link 'retry-implementation/', it was left as is.
INFO    -  Doc file 'architects-handbook/implementation-playbooks/index.md' contains an unrecognized relative link 'bulkhead-setup/', it was left as is.
INFO    -  Doc file 'architects-handbook/implementation-playbooks/index.md' contains an unrecognized relative link 'health-check-implementation/', it was left as is.
INFO    -  Doc file 'architects-handbook/implementation-playbooks/index.md' contains an unrecognized relative link 'load-balancer-setup/', it was left as is.
INFO    -  Doc file 'architects-handbook/implementation-playbooks/index.md' contains an unrecognized relative link 'auto-scaling-setup/', it was left as is.
INFO    -  Doc file 'architects-handbook/implementation-playbooks/index.md' contains an unrecognized relative link 'cdn-integration/', it was left as is.
INFO    -  Doc file 'architects-handbook/implementation-playbooks/index.md' contains an unrecognized relative link 'read-replica-setup/', it was left as is.
INFO    -  Doc file 'architects-handbook/implementation-playbooks/index.md' contains an unrecognized relative link 'launch-readiness/', it was left as is.
INFO    -  Doc file 'architects-handbook/implementation-playbooks/index.md' contains an unrecognized relative link 'security-checklist/', it was left as is.
INFO    -  Doc file 'architects-handbook/implementation-playbooks/index.md' contains an unrecognized relative link 'performance-testing/', it was left as is.
INFO    -  Doc file 'architects-handbook/implementation-playbooks/index.md' contains an unrecognized relative link 'disaster-recovery/', it was left as is.
INFO    -  Doc file 'architects-handbook/implementation-playbooks/index.md' contains an unrecognized relative link 'monitoring-setup/', it was left as is.
INFO    -  Doc file 'architects-handbook/implementation-playbooks/index.md' contains an unrecognized relative link 'alerting-strategy/', it was left as is.
INFO    -  Doc file 'architects-handbook/implementation-playbooks/index.md' contains an unrecognized relative link 'runbook-templates/', it was left as is.
INFO    -  Doc file 'architects-handbook/implementation-playbooks/index.md' contains an unrecognized relative link 'incident-response/', it was left as is.
INFO    -  Doc file 'architects-handbook/implementation-playbooks/index.md' contains an unrecognized relative link 'cache-integration/', it was left as is.
INFO    -  Doc file 'architects-handbook/implementation-playbooks/index.md' contains an unrecognized relative link 'circuit-breaker-setup/', it was left as is.
INFO    -  Doc file 'architects-handbook/implementation-playbooks/index.md' contains an unrecognized relative link 'read-replica-setup/', it was left as is.
INFO    -  Doc file 'architects-handbook/implementation-playbooks/index.md' contains an unrecognized relative link 'single-to-multi-region/', it was left as is.
INFO    -  Doc file 'architects-handbook/implementation-playbooks/index.md' contains an unrecognized relative link 'monolith-to-microservices/', it was left as is.
INFO    -  Doc file 'architects-handbook/learning-paths/index.md' contains an unrecognized relative link 'case-studies', it was left as is.
INFO    -  Doc file 'architects-handbook/learning-paths/index.md' contains an unrecognized relative link 'case-studies', it was left as is.
INFO    -  Doc file 'architects-handbook/learning-paths/index.md' contains an unrecognized relative link '../../core-principles/laws/law1-failure/index', it was left as is.
INFO    -  Doc file 'architects-handbook/learning-paths/index.md' contains an unrecognized relative link '../../core-principles/laws/law1-failure/index', it was left as is.
INFO    -  Doc file 'architects-handbook/learning-paths/architect.md' contains an unrecognized relative link '../../core-principles/laws/law1-failure/index', it was left as is.
INFO    -  Doc file 'architects-handbook/learning-paths/architect.md' contains an unrecognized relative link '../../core-principles/laws/law2-asynchrony/index', it was left as is.
INFO    -  Doc file 'architects-handbook/learning-paths/architect.md' contains an unrecognized relative link '../../core-principles/laws/law3-emergence/index', it was left as is.
INFO    -  Doc file 'architects-handbook/learning-paths/architect.md' contains an unrecognized relative link '../../core-principles/pillars/work/index', it was left as is.
INFO    -  Doc file 'architects-handbook/learning-paths/architect.md' contains an unrecognized relative link '../../core-principles/pillars/state/index', it was left as is.
INFO    -  Doc file 'architects-handbook/learning-paths/architect.md' contains an unrecognized relative link '../../core-principles/pillars/control/index', it was left as is.
INFO    -  Doc file 'architects-handbook/learning-paths/architect.md' contains an unrecognized relative link '../patterns/service-mesh', it was left as is.
INFO    -  Doc file 'architects-handbook/learning-paths/architect.md' contains an unrecognized relative link '../patterns/api-gateway', it was left as is.
INFO    -  Doc file 'architects-handbook/learning-paths/architect.md' contains an unrecognized relative link '../patterns/service-discovery', it was left as is.
INFO    -  Doc file 'architects-handbook/learning-paths/architect.md' contains an unrecognized relative link '../patterns/sidecar', it was left as is.
INFO    -  Doc file 'architects-handbook/learning-paths/architect.md' contains an unrecognized relative link '../patterns/event-sourcing', it was left as is.
INFO    -  Doc file 'architects-handbook/learning-paths/architect.md' contains an unrecognized relative link '../patterns/cqrs', it was left as is.
INFO    -  Doc file 'architects-handbook/learning-paths/architect.md' contains an unrecognized relative link '../patterns/saga', it was left as is.
INFO    -  Doc file 'architects-handbook/learning-paths/architect.md' contains an unrecognized relative link '../patterns/event-streaming', it was left as is.
INFO    -  Doc file 'architects-handbook/learning-paths/architect.md' contains an unrecognized relative link '../patterns/data-mesh', it was left as is.
INFO    -  Doc file 'architects-handbook/learning-paths/architect.md' contains an unrecognized relative link '../patterns/lambda-architecture', it was left as is.
INFO    -  Doc file 'architects-handbook/learning-paths/architect.md' contains an unrecognized relative link '../patterns/kappa-architecture', it was left as is.
INFO    -  Doc file 'architects-handbook/learning-paths/architect.md' contains an unrecognized relative link '../patterns/cdc', it was left as is.
INFO    -  Doc file 'architects-handbook/learning-paths/architect.md' contains an unrecognized relative link '../patterns/multi-region', it was left as is.
INFO    -  Doc file 'architects-handbook/learning-paths/architect.md' contains an unrecognized relative link '../patterns/geo-replication', it was left as is.
INFO    -  Doc file 'architects-handbook/learning-paths/architect.md' contains an unrecognized relative link '../patterns/edge-computing', it was left as is.
INFO    -  Doc file 'architects-handbook/learning-paths/architect.md' contains an unrecognized relative link '../patterns/cell-based', it was left as is.
INFO    -  Doc file 'architects-handbook/learning-paths/architect.md' contains an unrecognized relative link 'human-factors/chaos-engineering', it was left as is.
INFO    -  Doc file 'architects-handbook/learning-paths/architect.md' contains an unrecognized relative link '../patterns/bulkhead', it was left as is.
INFO    -  Doc file 'architects-handbook/learning-paths/architect.md' contains an unrecognized relative link '../patterns/circuit-breaker', it was left as is.
INFO    -  Doc file 'architects-handbook/learning-paths/architect.md' contains an unrecognized relative link '../patterns/graceful-degradation', it was left as is.
INFO    -  Doc file 'architects-handbook/learning-paths/architect.md' contains an unrecognized relative link '../patterns/key-management', it was left as is.
INFO    -  Doc file 'architects-handbook/learning-paths/architect.md' contains an unrecognized relative link '../patterns/e2e-encryption', it was left as is.
INFO    -  Doc file 'architects-handbook/learning-paths/architect.md' contains an unrecognized relative link '../patterns/key-management', it was left as is.
INFO    -  Doc file 'architects-handbook/learning-paths/architect.md' contains an unrecognized relative link '../patterns/consent-management', it was left as is.
INFO    -  Doc file 'architects-handbook/learning-paths/architect.md' contains an unrecognized relative link '../netflix-streaming', it was left as is.
INFO    -  Doc file 'architects-handbook/learning-paths/architect.md' contains an unrecognized relative link '../uber-location', it was left as is.
INFO    -  Doc file 'architects-handbook/learning-paths/architect.md' contains an unrecognized relative link '../hotel-reservation', it was left as is.
INFO    -  Doc file 'architects-handbook/learning-paths/architect.md' contains an unrecognized relative link '../social-graph', it was left as is.
INFO    -  Doc file 'architects-handbook/learning-paths/architect.md' contains an unrecognized relative link '../patterns/finops', it was left as is.
INFO    -  Doc file 'architects-handbook/learning-paths/architect.md' contains an unrecognized relative link '../patterns/auto-scaling', it was left as is.
INFO    -  Doc file 'architects-handbook/learning-paths/architect.md' contains an unrecognized relative link '../patterns/finops', it was left as is.
INFO    -  Doc file 'architects-handbook/learning-paths/architect.md' contains an unrecognized relative link '../patterns/multi-region', it was left as is.
INFO    -  Doc file 'architects-handbook/learning-paths/architect.md' contains an unrecognized relative link 'learning-paths/manager', it was left as is.
INFO    -  Doc file 'architects-handbook/learning-paths/architect.md' contains an unrecognized relative link 'learning-paths/#topic-paths', it was left as is.
INFO    -  Doc file 'architects-handbook/learning-paths/consistency.md' contains an unrecognized relative link 'quantitative/cap-theorem', it was left as is.
INFO    -  Doc file 'architects-handbook/learning-paths/consistency.md' contains an unrecognized relative link 'quantitative/consistency-models', it was left as is.
INFO    -  Doc file 'architects-handbook/learning-paths/consistency.md' contains an unrecognized relative link 'quantitative/cap-theorem', it was left as is.
INFO    -  Doc file 'architects-handbook/learning-paths/consistency.md' contains an unrecognized relative link '../patterns/logical-clocks', it was left as is.
INFO    -  Doc file 'architects-handbook/learning-paths/consistency.md' contains an unrecognized relative link '../patterns/vector-clocks', it was left as is.
INFO    -  Doc file 'architects-handbook/learning-paths/consistency.md' contains an unrecognized relative link '../patterns/hlc', it was left as is.
INFO    -  Doc file 'architects-handbook/learning-paths/consistency.md' contains an unrecognized relative link '../patterns/leader-election', it was left as is.
INFO    -  Doc file 'architects-handbook/learning-paths/consistency.md' contains an unrecognized relative link '../patterns/distributed-lock', it was left as is.
INFO    -  Doc file 'architects-handbook/learning-paths/consistency.md' contains an unrecognized relative link '../patterns/consensus', it was left as is.
INFO    -  Doc file 'architects-handbook/learning-paths/consistency.md' contains an unrecognized relative link '../patterns/two-phase-commit', it was left as is.
INFO    -  Doc file 'architects-handbook/learning-paths/consistency.md' contains an unrecognized relative link '../google-spanner', it was left as is.
INFO    -  Doc file 'architects-handbook/learning-paths/consistency.md' contains an unrecognized relative link '../amazon-dynamo', it was left as is.
INFO    -  Doc file 'architects-handbook/learning-paths/consistency.md' contains an unrecognized relative link '../s3-object-storage-enhanced', it was left as is.
INFO    -  Doc file 'architects-handbook/learning-paths/consistency.md' contains an unrecognized relative link '../patterns/crdt', it was left as is.
INFO    -  Doc file 'architects-handbook/learning-paths/consistency.md' contains an unrecognized relative link '../patterns/saga', it was left as is.
INFO    -  Doc file 'architects-handbook/learning-paths/consistency.md' contains an unrecognized relative link '../patterns/event-sourcing', it was left as is.
INFO    -  Doc file 'architects-handbook/learning-paths/consistency.md' contains an unrecognized relative link '../patterns/outbox', it was left as is.
INFO    -  Doc file 'architects-handbook/learning-paths/consistency.md' contains an unrecognized relative link '../patterns/split-brain', it was left as is.
INFO    -  Doc file 'architects-handbook/learning-paths/consistency.md' contains an unrecognized relative link '../patterns/clock-sync', it was left as is.
INFO    -  Doc file 'architects-handbook/learning-paths/consistency.md' contains an unrecognized relative link 'learning-paths/', it was left as is.
INFO    -  Doc file 'architects-handbook/learning-paths/consistency.md' contains an unrecognized relative link 'learning-paths/performance', it was left as is.
INFO    -  Doc file 'architects-handbook/learning-paths/cost.md' contains an unrecognized relative link '../../core-principles/laws/law7-economics', it was left as is.
INFO    -  Doc file 'architects-handbook/learning-paths/cost.md' contains an unrecognized relative link '../patterns/finops', it was left as is.
INFO    -  Doc file 'architects-handbook/learning-paths/cost.md' contains an unrecognized relative link '../patterns/auto-scaling', it was left as is.
INFO    -  Doc file 'architects-handbook/learning-paths/cost.md' contains an unrecognized relative link '../patterns/serverless-faas', it was left as is.
INFO    -  Doc file 'architects-handbook/learning-paths/cost.md' contains an unrecognized relative link '../patterns/edge-computing', it was left as is.
INFO    -  Doc file 'architects-handbook/learning-paths/cost.md' contains an unrecognized relative link '../patterns/cell-based', it was left as is.
INFO    -  Doc file 'architects-handbook/learning-paths/cost.md' contains an unrecognized relative link '../patterns/lambda-architecture', it was left as is.
INFO    -  Doc file 'architects-handbook/learning-paths/cost.md' contains an unrecognized relative link '../patterns/data-mesh', it was left as is.
INFO    -  Doc file 'architects-handbook/learning-paths/cost.md' contains an unrecognized relative link '../patterns/bulkhead', it was left as is.
INFO    -  Doc file 'architects-handbook/learning-paths/cost.md' contains an unrecognized relative link 'learning-paths/performance', it was left as is.
INFO    -  Doc file 'architects-handbook/learning-paths/cost.md' contains an unrecognized relative link 'learning-paths/reliability', it was left as is.
INFO    -  Doc file 'architects-handbook/learning-paths/manager.md' contains an unrecognized relative link 'axioms/', it was left as is.
INFO    -  Doc file 'architects-handbook/learning-paths/manager.md' contains an unrecognized relative link '../../core-principles/laws/law4-tradeoffs/index', it was left as is.
INFO    -  Doc file 'architects-handbook/learning-paths/manager.md' contains an unrecognized relative link '../../core-principles/laws/law7-economics/index', it was left as is.
INFO    -  Doc file 'architects-handbook/learning-paths/manager.md' contains an unrecognized relative link '../../core-principles/laws/law1-failure/index', it was left as is.
INFO    -  Doc file 'architects-handbook/learning-paths/manager.md' contains an unrecognized relative link '../../core-principles/laws/law6-human-api/index', it was left as is.
INFO    -  Doc file 'architects-handbook/learning-paths/manager.md' contains an unrecognized relative link 'pillars/', it was left as is.
INFO    -  Doc file 'architects-handbook/learning-paths/manager.md' contains an unrecognized relative link '../patterns/circuit-breaker', it was left as is.
INFO    -  Doc file 'architects-handbook/learning-paths/manager.md' contains an unrecognized relative link '../patterns/retry-backoff', it was left as is.
INFO    -  Doc file 'architects-handbook/learning-paths/manager.md' contains an unrecognized relative link '../patterns/health-check', it was left as is.
INFO    -  Doc file 'architects-handbook/learning-paths/manager.md' contains an unrecognized relative link '../patterns/load-balancing', it was left as is.
INFO    -  Doc file 'architects-handbook/learning-paths/manager.md' contains an unrecognized relative link '../patterns/caching-strategies', it was left as is.
INFO    -  Doc file 'architects-handbook/learning-paths/manager.md' contains an unrecognized relative link '../patterns/sharding', it was left as is.
INFO    -  Doc file 'architects-handbook/learning-paths/manager.md' contains an unrecognized relative link '../patterns/service-mesh', it was left as is.
INFO    -  Doc file 'architects-handbook/learning-paths/manager.md' contains an unrecognized relative link '../patterns/api-gateway', it was left as is.
INFO    -  Doc file 'architects-handbook/learning-paths/manager.md' contains an unrecognized relative link '../patterns/event-driven', it was left as is.
INFO    -  Doc file 'architects-handbook/learning-paths/manager.md' contains an unrecognized relative link '../patterns/cqrs', it was left as is.
INFO    -  Doc file 'architects-handbook/learning-paths/manager.md' contains an unrecognized relative link '../patterns/saga', it was left as is.
INFO    -  Doc file 'architects-handbook/learning-paths/manager.md' contains an unrecognized relative link '../patterns/event-sourcing', it was left as is.
INFO    -  Doc file 'architects-handbook/learning-paths/manager.md' contains an unrecognized relative link '../patterns/multi-region', it was left as is.
WARNING -  Doc file 'architects-handbook/learning-paths/manager.md' contains a link 'human-factors/sre-practices.md', but the target 'architects-handbook/learning-paths/human-factors/sre-practices.md' is not found among documentation files.
INFO    -  Doc file 'architects-handbook/learning-paths/manager.md' contains an unrecognized relative link 'human-factors/team-topologies/', it was left as is.
INFO    -  Doc file 'architects-handbook/learning-paths/manager.md' contains an unrecognized relative link 'human-factors/incident-response', it was left as is.
INFO    -  Doc file 'architects-handbook/learning-paths/manager.md' contains an unrecognized relative link 'human-factors/blameless-postmortems/', it was left as is.
WARNING -  Doc file 'architects-handbook/learning-paths/manager.md' contains a link 'human-factors/chaos-engineering.md', but the target 'architects-handbook/learning-paths/human-factors/chaos-engineering.md' is not found among documentation files.
INFO    -  Doc file 'architects-handbook/learning-paths/manager.md' contains an unrecognized relative link 'human-factors/observability-stacks/', it was left as is.
INFO    -  Doc file 'architects-handbook/learning-paths/manager.md' contains an unrecognized relative link 'quantitative/littles-law', it was left as is.
INFO    -  Doc file 'architects-handbook/learning-paths/manager.md' contains an unrecognized relative link 'quantitative/availability-math', it was left as is.
INFO    -  Doc file 'architects-handbook/learning-paths/manager.md' contains an unrecognized relative link 'quantitative/capacity-planning', it was left as is.
INFO    -  Doc file 'architects-handbook/learning-paths/manager.md' contains an unrecognized relative link 'quantitative/latency-ladder', it was left as is.
INFO    -  Doc file 'architects-handbook/learning-paths/manager.md' contains an unrecognized relative link '../netflix-chaos', it was left as is.
INFO    -  Doc file 'architects-handbook/learning-paths/manager.md' contains an unrecognized relative link '../amazon-dynamo', it was left as is.
INFO    -  Doc file 'architects-handbook/learning-paths/manager.md' contains an unrecognized relative link '../google-sre/', it was left as is.
INFO    -  Doc file 'architects-handbook/learning-paths/manager.md' contains an unrecognized relative link '../twitter-timeline', it was left as is.
INFO    -  Doc file 'architects-handbook/learning-paths/manager.md' contains an unrecognized relative link '../facebook-tao/', it was left as is.
INFO    -  Doc file 'architects-handbook/learning-paths/manager.md' contains an unrecognized relative link '../uber-location', it was left as is.
INFO    -  Doc file 'architects-handbook/learning-paths/manager.md' contains an unrecognized relative link '../spotify-recommendations', it was left as is.
INFO    -  Doc file 'architects-handbook/learning-paths/manager.md' contains an unrecognized relative link '../hotel-reservation', it was left as is.
INFO    -  Doc file 'architects-handbook/learning-paths/manager.md' contains an unrecognized relative link '../pinterest-sharding/', it was left as is.
INFO    -  Doc file 'architects-handbook/learning-paths/manager.md' contains an unrecognized relative link 'learning-paths/senior-engineer', it was left as is.
INFO    -  Doc file 'architects-handbook/learning-paths/manager.md' contains an unrecognized relative link 'learning-paths/senior-engineer', it was left as is.
INFO    -  Doc file 'architects-handbook/learning-paths/manager.md' contains an unrecognized relative link 'learning-paths/architect', it was left as is.
INFO    -  Doc file 'architects-handbook/learning-paths/new-graduate.md' contains an unrecognized relative link '../core-principles/laws/correlated-failure', it was left as is.
INFO    -  Doc file 'architects-handbook/learning-paths/new-graduate.md' contains an unrecognized relative link '../core-principles/laws/asynchronous-reality', it was left as is.
INFO    -  Doc file 'architects-handbook/learning-paths/new-graduate.md' contains an unrecognized relative link '../core-principles/laws/emergent-chaos', it was left as is.
INFO    -  Doc file 'architects-handbook/learning-paths/new-graduate.md' contains an unrecognized relative link '../core-principles/laws/multidimensional-optimization', it was left as is.
INFO    -  Doc file 'architects-handbook/learning-paths/new-graduate.md' contains an unrecognized relative link '../core-principles/laws/distributed-knowledge', it was left as is.
INFO    -  Doc file 'architects-handbook/learning-paths/new-graduate.md' contains an unrecognized relative link '../core-principles/laws/cognitive-load', it was left as is.
INFO    -  Doc file 'architects-handbook/learning-paths/new-graduate.md' contains an unrecognized relative link '../core-principles/laws/economic-reality', it was left as is.
INFO    -  Doc file 'architects-handbook/learning-paths/new-graduate.md' contains an unrecognized relative link '../core-principles/pillars/', it was left as is.
INFO    -  Doc file 'architects-handbook/learning-paths/new-graduate.md' contains an unrecognized relative link '../patterns/timeout', it was left as is.
INFO    -  Doc file 'architects-handbook/learning-paths/new-graduate.md' contains an unrecognized relative link '../patterns/retry-backoff', it was left as is.
INFO    -  Doc file 'architects-handbook/learning-paths/new-graduate.md' contains an unrecognized relative link '../patterns/circuit-breaker', it was left as is.
INFO    -  Doc file 'architects-handbook/learning-paths/new-graduate.md' contains an unrecognized relative link '../patterns/health-check', it was left as is.
INFO    -  Doc file 'architects-handbook/learning-paths/new-graduate.md' contains an unrecognized relative link '../patterns/caching-strategies', it was left as is.
INFO    -  Doc file 'architects-handbook/learning-paths/new-graduate.md' contains an unrecognized relative link '../patterns/cqrs', it was left as is.
INFO    -  Doc file 'architects-handbook/learning-paths/new-graduate.md' contains an unrecognized relative link '../patterns/event-sourcing', it was left as is.
INFO    -  Doc file 'architects-handbook/learning-paths/new-graduate.md' contains an unrecognized relative link '../patterns/load-balancing', it was left as is.
INFO    -  Doc file 'architects-handbook/learning-paths/new-graduate.md' contains an unrecognized relative link '../patterns/service-discovery', it was left as is.
INFO    -  Doc file 'architects-handbook/learning-paths/new-graduate.md' contains an unrecognized relative link '../patterns/api-gateway', it was left as is.
INFO    -  Doc file 'architects-handbook/learning-paths/new-graduate.md' contains an unrecognized relative link '../chat-system', it was left as is.
INFO    -  Doc file 'architects-handbook/learning-paths/new-graduate.md' contains an unrecognized relative link '../url-shortener', it was left as is.
INFO    -  Doc file 'architects-handbook/learning-paths/new-graduate.md' contains an unrecognized relative link '../key-value-store', it was left as is.
INFO    -  Doc file 'architects-handbook/learning-paths/new-graduate.md' contains an unrecognized relative link 'quantitative/latency-ladder', it was left as is.
INFO    -  Doc file 'architects-handbook/learning-paths/new-graduate.md' contains an unrecognized relative link 'quantitative/littles-law', it was left as is.
INFO    -  Doc file 'architects-handbook/learning-paths/new-graduate.md' contains an unrecognized relative link 'quantitative/cap-theorem', it was left as is.
INFO    -  Doc file 'architects-handbook/learning-paths/new-graduate.md' contains an unrecognized relative link 'learning-paths/senior-engineer', it was left as is.
INFO    -  Doc file 'architects-handbook/learning-paths/new-graduate.md' contains an unrecognized relative link 'learning-paths/specializations', it was left as is.
INFO    -  Doc file 'architects-handbook/learning-paths/new-graduate.md' contains an unrecognized relative link 'learning-paths/architect', it was left as is.
INFO    -  Doc file 'architects-handbook/learning-paths/new-graduate.md' contains an unrecognized relative link 'learning-paths/', it was left as is.
INFO    -  Doc file 'architects-handbook/learning-paths/new-graduate.md' contains an unrecognized relative link 'learning-paths/senior-engineer', it was left as is.
INFO    -  Doc file 'architects-handbook/learning-paths/performance.md' contains an unrecognized relative link 'quantitative/latency-ladder', it was left as is.
INFO    -  Doc file 'architects-handbook/learning-paths/performance.md' contains an unrecognized relative link 'quantitative/littles-law', it was left as is.
INFO    -  Doc file 'architects-handbook/learning-paths/performance.md' contains an unrecognized relative link 'quantitative/universal-scalability', it was left as is.
INFO    -  Doc file 'architects-handbook/learning-paths/performance.md' contains an unrecognized relative link 'quantitative/performance-modeling', it was left as is.
INFO    -  Doc file 'architects-handbook/learning-paths/performance.md' contains an unrecognized relative link 'quantitative/queueing-models', it was left as is.
INFO    -  Doc file 'architects-handbook/learning-paths/performance.md' contains an unrecognized relative link 'quantitative/capacity-planning', it was left as is.
WARNING -  Doc file 'architects-handbook/learning-paths/performance.md' contains a link '../pattern-library/scaling/caching-strategies.md', but the target 'architects-handbook/pattern-library/scaling/caching-strategies.md' is not found among documentation files.
WARNING -  Doc file 'architects-handbook/learning-paths/performance.md' contains a link '../pattern-library/scaling/caching-strategies.md', but the target 'architects-handbook/pattern-library/scaling/caching-strategies.md' is not found among documentation files.
WARNING -  Doc file 'architects-handbook/learning-paths/performance.md' contains a link '../pattern-library/scaling/caching-strategies.md', but the target 'architects-handbook/pattern-library/scaling/caching-strategies.md' is not found among documentation files.
WARNING -  Doc file 'architects-handbook/learning-paths/performance.md' contains a link '../pattern-library/scaling/caching-strategies.md', but the target 'architects-handbook/pattern-library/scaling/caching-strategies.md' is not found among documentation files.
WARNING -  Doc file 'architects-handbook/learning-paths/performance.md' contains a link '../pattern-library/scaling/tile-caching.md', but the target 'architects-handbook/pattern-library/scaling/tile-caching.md' is not found among documentation files.
INFO    -  Doc file 'architects-handbook/learning-paths/performance.md' contains an unrecognized relative link '../patterns/load-balancing', it was left as is.
INFO    -  Doc file 'architects-handbook/learning-paths/performance.md' contains an unrecognized relative link '../patterns/sharding', it was left as is.
INFO    -  Doc file 'architects-handbook/learning-paths/performance.md' contains an unrecognized relative link '../patterns/request-routing', it was left as is.
INFO    -  Doc file 'architects-handbook/learning-paths/performance.md' contains an unrecognized relative link '../patterns/scatter-gather', it was left as is.
INFO    -  Doc file 'architects-handbook/learning-paths/performance.md' contains an unrecognized relative link '../patterns/auto-scaling', it was left as is.
INFO    -  Doc file 'architects-handbook/learning-paths/performance.md' contains an unrecognized relative link '../patterns/service-mesh', it was left as is.
INFO    -  Doc file 'architects-handbook/learning-paths/performance.md' contains an unrecognized relative link '../patterns/bulkhead', it was left as is.
INFO    -  Doc file 'architects-handbook/learning-paths/performance.md' contains an unrecognized relative link '../netflix-streaming', it was left as is.
INFO    -  Doc file 'architects-handbook/learning-paths/performance.md' contains an unrecognized relative link '../patterns/geo-replication', it was left as is.
INFO    -  Doc file 'architects-handbook/learning-paths/performance.md' contains an unrecognized relative link '../patterns/multi-region', it was left as is.
INFO    -  Doc file 'architects-handbook/learning-paths/performance.md' contains an unrecognized relative link '../cassandra', it was left as is.
INFO    -  Doc file 'architects-handbook/learning-paths/performance.md' contains an unrecognized relative link '../patterns/event-streaming', it was left as is.
INFO    -  Doc file 'architects-handbook/learning-paths/performance.md' contains an unrecognized relative link '../patterns/distributed-queue', it was left as is.
INFO    -  Doc file 'architects-handbook/learning-paths/performance.md' contains an unrecognized relative link '../kafka', it was left as is.
INFO    -  Doc file 'architects-handbook/learning-paths/performance.md' contains an unrecognized relative link '../patterns/cqrs', it was left as is.
INFO    -  Doc file 'architects-handbook/learning-paths/performance.md' contains an unrecognized relative link '../patterns/event-sourcing', it was left as is.
INFO    -  Doc file 'architects-handbook/learning-paths/performance.md' contains an unrecognized relative link '../patterns/lambda-architecture', it was left as is.
INFO    -  Doc file 'architects-handbook/learning-paths/performance.md' contains an unrecognized relative link '../patterns/edge-computing', it was left as is.
INFO    -  Doc file 'architects-handbook/learning-paths/performance.md' contains an unrecognized relative link '../patterns/observability', it was left as is.
INFO    -  Doc file 'architects-handbook/learning-paths/performance.md' contains an unrecognized relative link 'learning-paths/consistency', it was left as is.
INFO    -  Doc file 'architects-handbook/learning-paths/performance.md' contains an unrecognized relative link 'learning-paths/cost', it was left as is.
INFO    -  Doc file 'architects-handbook/learning-paths/reliability.md' contains an unrecognized relative link '../../core-principles/laws/law1-failure/index', it was left as is.
INFO    -  Doc file 'architects-handbook/learning-paths/reliability.md' contains an unrecognized relative link 'quantitative/failure-models', it was left as is.
INFO    -  Doc file 'architects-handbook/learning-paths/reliability.md' contains an unrecognized relative link 'quantitative/availability-math', it was left as is.
INFO    -  Doc file 'architects-handbook/learning-paths/reliability.md' contains an unrecognized relative link 'quantitative/reliability-theory', it was left as is.
WARNING -  Doc file 'architects-handbook/learning-paths/reliability.md' contains a link 'human-factors/sre-practices.md', but the target 'architects-handbook/learning-paths/human-factors/sre-practices.md' is not found among documentation files.
INFO    -  Doc file 'architects-handbook/learning-paths/reliability.md' contains an unrecognized relative link 'quantitative/error-budgets', it was left as is.
INFO    -  Doc file 'architects-handbook/learning-paths/reliability.md' contains an unrecognized relative link '../patterns/circuit-breaker', it was left as is.
INFO    -  Doc file 'architects-handbook/learning-paths/reliability.md' contains an unrecognized relative link '../patterns/bulkhead', it was left as is.
INFO    -  Doc file 'architects-handbook/learning-paths/reliability.md' contains an unrecognized relative link '../patterns/timeout', it was left as is.
INFO    -  Doc file 'architects-handbook/learning-paths/reliability.md' contains an unrecognized relative link '../patterns/retry-backoff', it was left as is.
INFO    -  Doc file 'architects-handbook/learning-paths/reliability.md' contains an unrecognized relative link '../patterns/graceful-degradation', it was left as is.
INFO    -  Doc file 'architects-handbook/learning-paths/reliability.md' contains an unrecognized relative link '../patterns/failover', it was left as is.
INFO    -  Doc file 'architects-handbook/learning-paths/reliability.md' contains an unrecognized relative link '../patterns/rate-limiting', it was left as is.
INFO    -  Doc file 'architects-handbook/learning-paths/reliability.md' contains an unrecognized relative link '../patterns/load-shedding', it was left as is.
INFO    -  Doc file 'architects-handbook/learning-paths/reliability.md' contains an unrecognized relative link '../patterns/backpressure', it was left as is.
INFO    -  Doc file 'architects-handbook/learning-paths/reliability.md' contains an unrecognized relative link '../patterns/health-check', it was left as is.
INFO    -  Doc file 'architects-handbook/learning-paths/reliability.md' contains an unrecognized relative link '../patterns/idempotent-receiver', it was left as is.
INFO    -  Doc file 'architects-handbook/learning-paths/reliability.md' contains an unrecognized relative link '../patterns/split-brain', it was left as is.
INFO    -  Doc file 'architects-handbook/learning-paths/reliability.md' contains an unrecognized relative link 'human-factors/chaos-engineering', it was left as is.
INFO    -  Doc file 'architects-handbook/learning-paths/reliability.md' contains an unrecognized relative link '../netflix-streaming', it was left as is.
INFO    -  Doc file 'architects-handbook/learning-paths/reliability.md' contains an unrecognized relative link '../patterns/multi-region', it was left as is.
INFO    -  Doc file 'architects-handbook/learning-paths/reliability.md' contains an unrecognized relative link '../patterns/geo-replication', it was left as is.
INFO    -  Doc file 'architects-handbook/learning-paths/reliability.md' contains an unrecognized relative link '../s3-object-storage-enhanced', it was left as is.
INFO    -  Doc file 'architects-handbook/learning-paths/reliability.md' contains an unrecognized relative link '../patterns/service-mesh', it was left as is.
INFO    -  Doc file 'architects-handbook/learning-paths/reliability.md' contains an unrecognized relative link '../patterns/observability', it was left as is.
INFO    -  Doc file 'architects-handbook/learning-paths/reliability.md' contains an unrecognized relative link 'human-factors/incident-response', it was left as is.
WARNING -  Doc file 'architects-handbook/learning-paths/reliability.md' contains a link 'human-factors/chaos-engineering.md', but the target 'architects-handbook/learning-paths/human-factors/chaos-engineering.md' is not found among documentation files.
INFO    -  Doc file 'architects-handbook/learning-paths/reliability.md' contains an unrecognized relative link 'human-factors/blameless-postmortems/', it was left as is.
INFO    -  Doc file 'architects-handbook/learning-paths/reliability.md' contains an unrecognized relative link 'learning-paths/cost', it was left as is.
INFO    -  Doc file 'architects-handbook/learning-paths/reliability.md' contains an unrecognized relative link 'learning-paths/', it was left as is.
INFO    -  Doc file 'architects-handbook/learning-paths/senior-engineer.md' contains an unrecognized relative link '../../core-principles/laws/law1-failure/index', it was left as is.
INFO    -  Doc file 'architects-handbook/learning-paths/senior-engineer.md' contains an unrecognized relative link '../../core-principles/laws/law2-asynchrony/index', it was left as is.
INFO    -  Doc file 'architects-handbook/learning-paths/senior-engineer.md' contains an unrecognized relative link '../../core-principles/laws/law3-emergence/index', it was left as is.
INFO    -  Doc file 'architects-handbook/learning-paths/senior-engineer.md' contains an unrecognized relative link '../../core-principles/pillars/work/index', it was left as is.
INFO    -  Doc file 'architects-handbook/learning-paths/senior-engineer.md' contains an unrecognized relative link '../../core-principles/pillars/state/index', it was left as is.
INFO    -  Doc file 'architects-handbook/learning-paths/senior-engineer.md' contains an unrecognized relative link '../../core-principles/pillars/truth/index', it was left as is.
INFO    -  Doc file 'architects-handbook/learning-paths/senior-engineer.md' contains an unrecognized relative link '../patterns/consensus', it was left as is.
INFO    -  Doc file 'architects-handbook/learning-paths/senior-engineer.md' contains an unrecognized relative link '../patterns/consensus', it was left as is.
INFO    -  Doc file 'architects-handbook/learning-paths/senior-engineer.md' contains an unrecognized relative link '../patterns/consensus', it was left as is.
INFO    -  Doc file 'architects-handbook/learning-paths/senior-engineer.md' contains an unrecognized relative link '../patterns/saga', it was left as is.
INFO    -  Doc file 'architects-handbook/learning-paths/senior-engineer.md' contains an unrecognized relative link '../patterns/two-phase-commit', it was left as is.
INFO    -  Doc file 'architects-handbook/learning-paths/senior-engineer.md' contains an unrecognized relative link '../patterns/outbox', it was left as is.
INFO    -  Doc file 'architects-handbook/learning-paths/senior-engineer.md' contains an unrecognized relative link '../patterns/vector-clocks', it was left as is.
INFO    -  Doc file 'architects-handbook/learning-paths/senior-engineer.md' contains an unrecognized relative link '../patterns/logical-clocks', it was left as is.
INFO    -  Doc file 'architects-handbook/learning-paths/senior-engineer.md' contains an unrecognized relative link '../patterns/hlc', it was left as is.
INFO    -  Doc file 'architects-handbook/learning-paths/senior-engineer.md' contains an unrecognized relative link '../patterns/sharding', it was left as is.
INFO    -  Doc file 'architects-handbook/learning-paths/senior-engineer.md' contains an unrecognized relative link '../patterns/geo-replication', it was left as is.
INFO    -  Doc file 'architects-handbook/learning-paths/senior-engineer.md' contains an unrecognized relative link '../patterns/event-sourcing', it was left as is.
INFO    -  Doc file 'architects-handbook/learning-paths/senior-engineer.md' contains an unrecognized relative link '../patterns/tunable-consistency', it was left as is.
INFO    -  Doc file 'architects-handbook/learning-paths/senior-engineer.md' contains an unrecognized relative link '../patterns/crdt', it was left as is.
INFO    -  Doc file 'architects-handbook/learning-paths/senior-engineer.md' contains an unrecognized relative link '../patterns/eventual-consistency', it was left as is.
WARNING -  Doc file 'architects-handbook/learning-paths/senior-engineer.md' contains a link '../pattern-library/scaling/caching-strategies.md', but the target 'architects-handbook/pattern-library/scaling/caching-strategies.md' is not found among documentation files.
WARNING -  Doc file 'architects-handbook/learning-paths/senior-engineer.md' contains a link '../pattern-library/scaling/caching-strategies.md', but the target 'architects-handbook/pattern-library/scaling/caching-strategies.md' is not found among documentation files.
INFO    -  Doc file 'architects-handbook/learning-paths/senior-engineer.md' contains an unrecognized relative link '../patterns/cdc', it was left as is.
INFO    -  Doc file 'architects-handbook/learning-paths/senior-engineer.md' contains an unrecognized relative link '../patterns/service-mesh', it was left as is.
INFO    -  Doc file 'architects-handbook/learning-paths/senior-engineer.md' contains an unrecognized relative link '../patterns/cell-based', it was left as is.
INFO    -  Doc file 'architects-handbook/learning-paths/senior-engineer.md' contains an unrecognized relative link '../patterns/lambda-architecture', it was left as is.
INFO    -  Doc file 'architects-handbook/learning-paths/senior-engineer.md' contains an unrecognized relative link '../patterns/data-mesh', it was left as is.
INFO    -  Doc file 'architects-handbook/learning-paths/senior-engineer.md' contains an unrecognized relative link '../google-spanner', it was left as is.
INFO    -  Doc file 'architects-handbook/learning-paths/senior-engineer.md' contains an unrecognized relative link '../bigtable/', it was left as is.
INFO    -  Doc file 'architects-handbook/learning-paths/senior-engineer.md' contains an unrecognized relative link '../mapreduce', it was left as is.
INFO    -  Doc file 'architects-handbook/learning-paths/senior-engineer.md' contains an unrecognized relative link '../facebook-tao/', it was left as is.
INFO    -  Doc file 'architects-handbook/learning-paths/senior-engineer.md' contains an unrecognized relative link '../twitter-timeline', it was left as is.
INFO    -  Doc file 'architects-handbook/learning-paths/senior-engineer.md' contains an unrecognized relative link '../kafka', it was left as is.
INFO    -  Doc file 'architects-handbook/learning-paths/senior-engineer.md' contains an unrecognized relative link '../payment-system', it was left as is.
INFO    -  Doc file 'architects-handbook/learning-paths/senior-engineer.md' contains an unrecognized relative link '../trading-system/', it was left as is.
INFO    -  Doc file 'architects-handbook/learning-paths/senior-engineer.md' contains an unrecognized relative link '../blockchain', it was left as is.
INFO    -  Doc file 'architects-handbook/learning-paths/senior-engineer.md' contains an unrecognized relative link '../gaming-backend/', it was left as is.
INFO    -  Doc file 'architects-handbook/learning-paths/senior-engineer.md' contains an unrecognized relative link '../live-streaming/', it was left as is.
INFO    -  Doc file 'architects-handbook/learning-paths/senior-engineer.md' contains an unrecognized relative link '../iot-platform/', it was left as is.
INFO    -  Doc file 'architects-handbook/learning-paths/senior-engineer.md' contains an unrecognized relative link 'quantitative/universal-scalability', it was left as is.
INFO    -  Doc file 'architects-handbook/learning-paths/senior-engineer.md' contains an unrecognized relative link 'quantitative/queueing-models', it was left as is.
INFO    -  Doc file 'architects-handbook/learning-paths/senior-engineer.md' contains an unrecognized relative link 'quantitative/capacity-planning', it was left as is.
INFO    -  Doc file 'architects-handbook/learning-paths/senior-engineer.md' contains an unrecognized relative link 'quantitative/performance-modeling', it was left as is.
WARNING -  Doc file 'architects-handbook/learning-paths/senior-engineer.md' contains a link 'human-factors/sre-practices.md', but the target 'architects-handbook/learning-paths/human-factors/sre-practices.md' is not found among documentation files.
WARNING -  Doc file 'architects-handbook/learning-paths/senior-engineer.md' contains a link 'human-factors/chaos-engineering.md', but the target 'architects-handbook/learning-paths/human-factors/chaos-engineering.md' is not found among documentation files.
INFO    -  Doc file 'architects-handbook/learning-paths/senior-engineer.md' contains an unrecognized relative link '../patterns/observability', it was left as is.
INFO    -  Doc file 'architects-handbook/learning-paths/senior-engineer.md' contains an unrecognized relative link 'human-factors/incident-response', it was left as is.
INFO    -  Doc file 'architects-handbook/learning-paths/senior-engineer.md' contains an unrecognized relative link 'learning-paths/manager', it was left as is.
INFO    -  Doc file 'architects-handbook/learning-paths/senior-engineer.md' contains an unrecognized relative link 'learning-paths/new-graduate', it was left as is.
INFO    -  Doc file 'architects-handbook/learning-paths/senior-engineer.md' contains an unrecognized relative link 'learning-paths/manager', it was left as is.
WARNING -  Doc file 'architects-handbook/quantitative-analysis/index.md' contains a link 'architecture/cap-theorem.md', but the target 'architects-handbook/quantitative-analysis/architecture/cap-theorem.md' is not found among documentation files.
WARNING -  Doc file 'architects-handbook/quantitative-analysis/index.md' contains a link '../../quantitative/cap-theorem-enhanced.md', but the target 'quantitative/cap-theorem-enhanced.md' is not found among documentation files.
WARNING -  Doc file 'architects-handbook/quantitative-analysis/index.md' contains a link '../../quantitative/consensus.md', but the target 'quantitative/consensus.md' is not found among documentation files.
WARNING -  Doc file 'architects-handbook/quantitative-analysis/index.md' contains a link '../../quantitative/capacity-planning.md', but the target 'quantitative/capacity-planning.md' is not found among documentation files.
WARNING -  Doc file 'architects-handbook/quantitative-analysis/index.md' contains a link '../../quantitative/time-series.md', but the target 'quantitative/time-series.md' is not found among documentation files.
WARNING -  Doc file 'architects-handbook/quantitative-analysis/index.md' contains a link '../../quantitative/power-laws.md', but the target 'quantitative/power-laws.md' is not found among documentation files.
WARNING -  Doc file 'architects-handbook/quantitative-analysis/index.md' contains a link '../../quantitative/network-theory.md', but the target 'quantitative/network-theory.md' is not found among documentation files.
WARNING -  Doc file 'architects-handbook/quantitative-analysis/index.md' contains a link '../../quantitative/availability-math.md', but the target 'quantitative/availability-math.md' is not found among documentation files.
WARNING -  Doc file 'architects-handbook/quantitative-analysis/index.md' contains a link '../../quantitative/mtbf-mttr.md', but the target 'quantitative/mtbf-mttr.md' is not found among documentation files.
WARNING -  Doc file 'architects-handbook/quantitative-analysis/index.md' contains a link '../../quantitative/reliability-theory.md', but the target 'quantitative/reliability-theory.md' is not found among documentation files.
WARNING -  Doc file 'architects-handbook/quantitative-analysis/index.md' contains a link '../../quantitative/blast-radius.md', but the target 'quantitative/blast-radius.md' is not found among documentation files.
WARNING -  Doc file 'architects-handbook/quantitative-analysis/index.md' contains a link '../../quantitative/markov-chains.md', but the target 'quantitative/markov-chains.md' is not found among documentation files.
WARNING -  Doc file 'architects-handbook/quantitative-analysis/index.md' contains a link '../../quantitative/capacity-planning.md', but the target 'quantitative/capacity-planning.md' is not found among documentation files.
WARNING -  Doc file 'architects-handbook/quantitative-analysis/index.md' contains a link '../../quantitative/time-series.md', but the target 'quantitative/time-series.md' is not found among documentation files.
WARNING -  Doc file 'architects-handbook/quantitative-analysis/index.md' contains a link '../../quantitative/queueing-models.md', but the target 'quantitative/queueing-models.md' is not found among documentation files.
WARNING -  Doc file 'architects-handbook/quantitative-analysis/index.md' contains a link '../../quantitative/storage-economics.md', but the target 'quantitative/storage-economics.md' is not found among documentation files.
WARNING -  Doc file 'architects-handbook/quantitative-analysis/index.md' contains a link '../../quantitative/cache-economics.md', but the target 'quantitative/cache-economics.md' is not found among documentation files.
WARNING -  Doc file 'architects-handbook/quantitative-analysis/index.md' contains a link '../../quantitative/coordination-costs.md', but the target 'quantitative/coordination-costs.md' is not found among documentation files.
WARNING -  Doc file 'architects-handbook/quantitative-analysis/index.md' contains a link 'architecture/cap-theorem.md', but the target 'architects-handbook/quantitative-analysis/architecture/cap-theorem.md' is not found among documentation files.
WARNING -  Doc file 'architects-handbook/quantitative-analysis/availability-math.md' contains a link '../core-principles/laws/correlated-failure.md', but the target 'architects-handbook/core-principles/laws/correlated-failure.md' is not found among documentation files.
WARNING -  Doc file 'architects-handbook/quantitative-analysis/availability-math.md' contains a link '../pattern-library/resilience/bulkhead.md', but the target 'architects-handbook/pattern-library/resilience/bulkhead.md' is not found among documentation files.
WARNING -  Doc file 'architects-handbook/quantitative-analysis/availability-math.md' contains a link '../pattern-library/resilience/bulkhead.md', but the target 'architects-handbook/pattern-library/resilience/bulkhead.md' is not found among documentation files.
WARNING -  Doc file 'architects-handbook/quantitative-analysis/availability-math.md' contains a link '../pattern-library/resilience/circuit-breaker.md', but the target 'architects-handbook/pattern-library/resilience/circuit-breaker.md' is not found among documentation files.
WARNING -  Doc file 'architects-handbook/quantitative-analysis/availability-math.md' contains a link '../pattern-library/resilience/failover.md', but the target 'architects-handbook/pattern-library/resilience/failover.md' is not found among documentation files.
WARNING -  Doc file 'architects-handbook/quantitative-analysis/backpressure-math.md' contains a link '../pattern-library/scaling/backpressure.md', but the target 'architects-handbook/pattern-library/scaling/backpressure.md' is not found among documentation files.
INFO    -  Doc file 'architects-handbook/quantitative-analysis/cap-theorem-enhanced.md' contains an unrecognized relative link 'tools/cap-calculator', it was left as is.
WARNING -  Doc file 'architects-handbook/quantitative-analysis/cap-theorem.md' contains a link '../core-principles/laws/correlated-failure.md', but the target 'architects-handbook/core-principles/laws/correlated-failure.md' is not found among documentation files.
WARNING -  Doc file 'architects-handbook/quantitative-analysis/cap-theorem.md' contains a link '../core-principles/laws/asynchronous-reality.md', but the target 'architects-handbook/core-principles/laws/asynchronous-reality.md' is not found among documentation files.
WARNING -  Doc file 'architects-handbook/quantitative-analysis/cap-theorem.md' contains a link '../core-principles/laws/multidimensional-optimization.md', but the target 'architects-handbook/core-principles/laws/multidimensional-optimization.md' is not found among documentation files.
WARNING -  Doc file 'architects-handbook/quantitative-analysis/cap-theorem.md' contains a link '../core-principles/laws/distributed-knowledge.md', but the target 'architects-handbook/core-principles/laws/distributed-knowledge.md' is not found among documentation files.
WARNING -  Doc file 'architects-handbook/quantitative-analysis/cap-theorem.md' contains a link '../pattern-library/coordination/consensus.md', but the target 'architects-handbook/pattern-library/coordination/consensus.md' is not found among documentation files.
WARNING -  Doc file 'architects-handbook/quantitative-analysis/cap-theorem.md' contains a link '../pattern-library/coordination/leader-follower.md', but the target 'architects-handbook/pattern-library/coordination/leader-follower.md' is not found among documentation files.
WARNING -  Doc file 'architects-handbook/quantitative-analysis/cap-theorem.md' contains a link '../pattern-library/data-management/eventual-consistency.md', but the target 'architects-handbook/pattern-library/data-management/eventual-consistency.md' is not found among documentation files.
WARNING -  Doc file 'architects-handbook/quantitative-analysis/cap-theorem.md' contains a link '../pattern-library/coordination/consensus.md', but the target 'architects-handbook/pattern-library/coordination/consensus.md' is not found among documentation files.
WARNING -  Doc file 'architects-handbook/quantitative-analysis/cap-theorem.md' contains a link '../pattern-library/coordination/logical-clocks.md', but the target 'architects-handbook/pattern-library/coordination/logical-clocks.md' is not found among documentation files.
WARNING -  Doc file 'architects-handbook/quantitative-analysis/cap-theorem.md' contains a link '../patterns/conflict-resolution.md', but the target 'architects-handbook/patterns/conflict-resolution.md' is not found among documentation files.
WARNING -  Doc file 'architects-handbook/quantitative-analysis/cap-theorem.md' contains a link 'pacelc-analysis.md', but the target 'architects-handbook/quantitative-analysis/pacelc-analysis.md' is not found among documentation files.
WARNING -  Doc file 'architects-handbook/quantitative-analysis/cap-theorem.md' contains a link 'latency-models.md', but the target 'architects-handbook/quantitative-analysis/latency-models.md' is not found among documentation files.
WARNING -  Doc file 'architects-handbook/quantitative-analysis/cap-theorem.md' contains a link '../case-studies/cassandra.md', but the target 'architects-handbook/case-studies/cassandra.md' is not found among documentation files.
WARNING -  Doc file 'architects-handbook/quantitative-analysis/cap-theorem.md' contains a link '../case-studies/amazon-dynamo.md', but the target 'architects-handbook/case-studies/amazon-dynamo.md' is not found among documentation files.
WARNING -  Doc file 'architects-handbook/quantitative-analysis/cap-theorem.md' contains a link '../case-studies/google-spanner.md', but the target 'architects-handbook/case-studies/google-spanner.md' is not found among documentation files.
WARNING -  Doc file 'architects-handbook/quantitative-analysis/cap-theorem.md' contains a link '../case-studies/mongodb.md', but the target 'architects-handbook/case-studies/mongodb.md' is not found among documentation files.
WARNING -  Doc file 'architects-handbook/quantitative-analysis/cap-theorem.md' contains a link '../case-studies/cockroachdb.md', but the target 'architects-handbook/case-studies/cockroachdb.md' is not found among documentation files.
WARNING -  Doc file 'architects-handbook/quantitative-analysis/cap-theorem.md' contains a link '../patterns/distributed-database.md', but the target 'architects-handbook/patterns/distributed-database.md' is not found among documentation files.
WARNING -  Doc file 'architects-handbook/quantitative-analysis/cap-theorem.md' contains a link '../pattern-library/multi-region.md', but the target 'architects-handbook/pattern-library/multi-region.md' is not found among documentation files.
WARNING -  Doc file 'architects-handbook/quantitative-analysis/cap-theorem.md' contains a link '../patterns/microservices-consistency.md', but the target 'architects-handbook/patterns/microservices-consistency.md' is not found among documentation files.
WARNING -  Doc file 'architects-handbook/quantitative-analysis/cap-theorem.md' contains a link '../patterns/blockchain-consensus.md', but the target 'architects-handbook/patterns/blockchain-consensus.md' is not found among documentation files.
WARNING -  Doc file 'architects-handbook/quantitative-analysis/collision-probability.md' contains a link '../case-studies/consistent-hashing.md', but the target 'architects-handbook/case-studies/consistent-hashing.md' is not found among documentation files.
WARNING -  Doc file 'architects-handbook/quantitative-analysis/collision-probability.md' contains a link '../reference/security.md', but the target 'architects-handbook/reference/security.md' is not found among documentation files.
WARNING -  Doc file 'architects-handbook/quantitative-analysis/comp-geometry.md' contains a link '../case-studies/consistent-hashing.md', but the target 'architects-handbook/case-studies/consistent-hashing.md' is not found among documentation files.
WARNING -  Doc file 'architects-handbook/quantitative-analysis/comp-geometry.md' contains a link '../case-studies/proximity-service.md', but the target 'architects-handbook/case-studies/proximity-service.md' is not found among documentation files.
WARNING -  Doc file 'architects-handbook/quantitative-analysis/comp-geometry.md' contains a link '../pattern-library/scaling/load-balancing.md', but the target 'architects-handbook/pattern-library/scaling/load-balancing.md' is not found among documentation files.
WARNING -  Doc file 'architects-handbook/quantitative-analysis/consistency-models.md' contains a link '../pattern-library/coordination/logical-clocks.md', but the target 'architects-handbook/pattern-library/coordination/logical-clocks.md' is not found among documentation files.
WARNING -  Doc file 'architects-handbook/quantitative-analysis/consistency-models.md' contains a link '../pattern-library/coordination/consensus.md', but the target 'architects-handbook/pattern-library/coordination/consensus.md' is not found among documentation files.
WARNING -  Doc file 'architects-handbook/quantitative-analysis/consistency-models.md' contains a link '../pattern-library/data-management/eventual-consistency.md', but the target 'architects-handbook/pattern-library/data-management/eventual-consistency.md' is not found among documentation files.
WARNING -  Doc file 'architects-handbook/quantitative-analysis/consistency-models.md' contains a link '../pattern-library/data-management/crdt.md', but the target 'architects-handbook/pattern-library/data-management/crdt.md' is not found among documentation files.
WARNING -  Doc file 'architects-handbook/quantitative-analysis/failure-models.md' contains a link '../core-principles/laws/correlated-failure.md', but the target 'architects-handbook/core-principles/laws/correlated-failure.md' is not found among documentation files.
WARNING -  Doc file 'architects-handbook/quantitative-analysis/failure-models.md' contains a link '../core-principles/laws/emergent-chaos.md', but the target 'architects-handbook/core-principles/laws/emergent-chaos.md' is not found among documentation files.
WARNING -  Doc file 'architects-handbook/quantitative-analysis/failure-models.md' contains a link '../pattern-library/resilience/circuit-breaker.md', but the target 'architects-handbook/pattern-library/resilience/circuit-breaker.md' is not found among documentation files.
WARNING -  Doc file 'architects-handbook/quantitative-analysis/failure-models.md' contains a link '../pattern-library/resilience/bulkhead.md', but the target 'architects-handbook/pattern-library/resilience/bulkhead.md' is not found among documentation files.
WARNING -  Doc file 'architects-handbook/quantitative-analysis/failure-models.md' contains a link '../pattern-library/resilience/timeout.md', but the target 'architects-handbook/pattern-library/resilience/timeout.md' is not found among documentation files.
WARNING -  Doc file 'architects-handbook/quantitative-analysis/failure-models.md' contains a link '../case-studies/netflix-chaos.md', but the target 'architects-handbook/case-studies/netflix-chaos.md' is not found among documentation files.
WARNING -  Doc file 'architects-handbook/quantitative-analysis/failure-models.md' contains a link '../case-studies/aws-outages.md', but the target 'architects-handbook/case-studies/aws-outages.md' is not found among documentation files.
WARNING -  Doc file 'architects-handbook/quantitative-analysis/haversine.md' contains a link '../case-studies/proximity-service.md', but the target 'architects-handbook/case-studies/proximity-service.md' is not found among documentation files.
WARNING -  Doc file 'architects-handbook/quantitative-analysis/latency-ladder.md' contains a link '../core-principles/laws/correlated-failure.md', but the target 'architects-handbook/core-principles/laws/correlated-failure.md' is not found among documentation files.
WARNING -  Doc file 'architects-handbook/quantitative-analysis/latency-ladder.md' contains a link '../pattern-library/scaling/caching-strategies.md', but the target 'architects-handbook/pattern-library/scaling/caching-strategies.md' is not found among documentation files.
WARNING -  Doc file 'architects-handbook/quantitative-analysis/latency-ladder.md' contains a link '../pattern-library/scaling/edge-computing.md', but the target 'architects-handbook/pattern-library/scaling/edge-computing.md' is not found among documentation files.
WARNING -  Doc file 'architects-handbook/quantitative-analysis/latency-numbers.md' contains a link '../core-principles/laws/correlated-failure.md', but the target 'architects-handbook/core-principles/laws/correlated-failure.md' is not found among documentation files.
WARNING -  Doc file 'architects-handbook/quantitative-analysis/latency-numbers.md' contains a link '../pattern-library/scaling/caching-strategies.md', but the target 'architects-handbook/pattern-library/scaling/caching-strategies.md' is not found among documentation files.
WARNING -  Doc file 'architects-handbook/quantitative-analysis/latency-numbers.md' contains a link '../pattern-library/scaling/edge-computing.md', but the target 'architects-handbook/pattern-library/scaling/edge-computing.md' is not found among documentation files.
WARNING -  Doc file 'architects-handbook/quantitative-analysis/littles-law.md' contains a link '../core-principles/laws/asynchronous-reality.md', but the target 'architects-handbook/core-principles/laws/asynchronous-reality.md' is not found among documentation files.
WARNING -  Doc file 'architects-handbook/quantitative-analysis/littles-law.md' contains a link '../pattern-library/scaling/rate-limiting.md', but the target 'architects-handbook/pattern-library/scaling/rate-limiting.md' is not found among documentation files.
WARNING -  Doc file 'architects-handbook/quantitative-analysis/littles-law.md' contains a link '../pattern-library/resilience/bulkhead.md', but the target 'architects-handbook/pattern-library/resilience/bulkhead.md' is not found among documentation files.
WARNING -  Doc file 'architects-handbook/quantitative-analysis/littles-law.md' contains a link '../pattern-library/scaling/backpressure.md', but the target 'architects-handbook/pattern-library/scaling/backpressure.md' is not found among documentation files.
WARNING -  Doc file 'architects-handbook/quantitative-analysis/network-theory.md' contains a link '../patterns/network-protocols.md', but the target 'architects-handbook/patterns/network-protocols.md' is not found among documentation files.
WARNING -  Doc file 'architects-handbook/quantitative-analysis/network-theory.md' contains a link '../pattern-library/coordination/consensus.md', but the target 'architects-handbook/pattern-library/coordination/consensus.md' is not found among documentation files.
WARNING -  Doc file 'architects-handbook/quantitative-analysis/network-theory.md' contains a link '../patterns/p2p.md', but the target 'architects-handbook/patterns/p2p.md' is not found among documentation files.
WARNING -  Doc file 'architects-handbook/quantitative-analysis/network-theory.md' contains a link '../core-principles/laws/asynchronous-reality.md', but the target 'architects-handbook/core-principles/laws/asynchronous-reality.md' is not found among documentation files.
WARNING -  Doc file 'architects-handbook/quantitative-analysis/network-theory.md' contains a link '../core-principles/laws/distributed-knowledge.md', but the target 'architects-handbook/core-principles/laws/distributed-knowledge.md' is not found among documentation files.
WARNING -  Doc file 'architects-handbook/quantitative-analysis/performance-modeling.md' contains a link 'load-testing.md', but the target 'architects-handbook/quantitative-analysis/load-testing.md' is not found among documentation files.
WARNING -  Doc file 'architects-handbook/quantitative-analysis/performance-modeling.md' contains a link '../patterns/observability.md', but the target 'architects-handbook/patterns/observability.md' is not found among documentation files.
WARNING -  Doc file 'architects-handbook/quantitative-analysis/performance-modeling.md' contains a link '../core-principles/laws/multidimensional-optimization.md', but the target 'architects-handbook/core-principles/laws/multidimensional-optimization.md' is not found among documentation files.
WARNING -  Doc file 'architects-handbook/quantitative-analysis/performance-modeling.md' contains a link '../core-principles/laws/economic-reality.md', but the target 'architects-handbook/core-principles/laws/economic-reality.md' is not found among documentation files.
WARNING -  Doc file 'architects-handbook/quantitative-analysis/queueing-models.md' contains a link '../core-principles/laws/multidimensional-optimization.md', but the target 'architects-handbook/core-principles/laws/multidimensional-optimization.md' is not found among documentation files.
WARNING -  Doc file 'architects-handbook/quantitative-analysis/queueing-models.md' contains a link '../pattern-library/resilience/circuit-breaker.md', but the target 'architects-handbook/pattern-library/resilience/circuit-breaker.md' is not found among documentation files.
WARNING -  Doc file 'architects-handbook/quantitative-analysis/queueing-models.md' contains a link '../pattern-library/scaling/backpressure.md', but the target 'architects-handbook/pattern-library/scaling/backpressure.md' is not found among documentation files.
WARNING -  Doc file 'architects-handbook/quantitative-analysis/queueing-models.md' contains a link '../pattern-library/scaling/rate-limiting.md', but the target 'architects-handbook/pattern-library/scaling/rate-limiting.md' is not found among documentation files.
WARNING -  Doc file 'architects-handbook/quantitative-analysis/queueing-theory.md' contains a link '../core-principles/laws/multidimensional-optimization.md', but the target 'architects-handbook/core-principles/laws/multidimensional-optimization.md' is not found among documentation files.
WARNING -  Doc file 'architects-handbook/quantitative-analysis/queueing-theory.md' contains a link '../pattern-library/resilience/circuit-breaker.md', but the target 'architects-handbook/pattern-library/resilience/circuit-breaker.md' is not found among documentation files.
WARNING -  Doc file 'architects-handbook/quantitative-analysis/queueing-theory.md' contains a link '../pattern-library/scaling/backpressure.md', but the target 'architects-handbook/pattern-library/scaling/backpressure.md' is not found among documentation files.
WARNING -  Doc file 'architects-handbook/quantitative-analysis/queueing-theory.md' contains a link '../pattern-library/scaling/rate-limiting.md', but the target 'architects-handbook/pattern-library/scaling/rate-limiting.md' is not found among documentation files.
WARNING -  Doc file 'architects-handbook/quantitative-analysis/reliability-engineering.md' contains a link '../core-principles/laws/correlated-failure.md', but the target 'architects-handbook/core-principles/laws/correlated-failure.md' is not found among documentation files.
WARNING -  Doc file 'architects-handbook/quantitative-analysis/reliability-theory.md' contains a link '../pattern-library/resilience/fault-tolerance.md', but the target 'architects-handbook/pattern-library/resilience/fault-tolerance.md' is not found among documentation files.
WARNING -  Doc file 'architects-handbook/quantitative-analysis/reliability-theory.md' contains a link '../core-principles/laws/correlated-failure.md', but the target 'architects-handbook/core-principles/laws/correlated-failure.md' is not found among documentation files.
WARNING -  Doc file 'architects-handbook/quantitative-analysis/reliability-theory.md' contains a link '../core-principles/laws/multidimensional-optimization.md', but the target 'architects-handbook/core-principles/laws/multidimensional-optimization.md' is not found among documentation files.
WARNING -  Doc file 'architects-handbook/tools/index.md' contains a link '../../quantitative-analysis/littles-law.md', but the target 'quantitative-analysis/littles-law.md' is not found among documentation files.
WARNING -  Doc file 'architects-handbook/tools/index.md' contains a link '../quantitative/queueing-theory.md', but the target 'architects-handbook/quantitative/queueing-theory.md' is not found among documentation files.
WARNING -  Doc file 'architects-handbook/tools/index.md' contains a link '../quantitative/reliability-theory.md', but the target 'architects-handbook/quantitative/reliability-theory.md' is not found among documentation files.
WARNING -  Doc file 'architects-handbook/tools/index.md' contains a link '../../quantitative-analysis/cap-theorem.md', but the target 'quantitative-analysis/cap-theorem.md' is not found among documentation files.
WARNING -  Doc file 'architects-handbook/tools/index.md' contains a link '../quantitative/universal-scalability.md', but the target 'architects-handbook/quantitative/universal-scalability.md' is not found among documentation files.
INFO    -  Doc file 'core-principles/index.md' contains an unrecognized relative link 'laws/', it was left as is. Did you mean 'laws/index.md'?
INFO    -  Doc file 'core-principles/index.md' contains an unrecognized relative link 'laws/correlated-failure/', it was left as is. Did you mean 'laws/correlated-failure.md'?
INFO    -  Doc file 'core-principles/index.md' contains an unrecognized relative link 'laws/asynchronous-reality/', it was left as is. Did you mean 'laws/asynchronous-reality.md'?
INFO    -  Doc file 'core-principles/index.md' contains an unrecognized relative link 'laws/emergent-chaos/', it was left as is. Did you mean 'laws/emergent-chaos.md'?
INFO    -  Doc file 'core-principles/index.md' contains an unrecognized relative link 'laws/multidimensional-optimization/', it was left as is. Did you mean 'laws/multidimensional-optimization.md'?
INFO    -  Doc file 'core-principles/index.md' contains an unrecognized relative link 'laws/distributed-knowledge/', it was left as is. Did you mean 'laws/distributed-knowledge.md'?
INFO    -  Doc file 'core-principles/index.md' contains an unrecognized relative link 'laws/cognitive-load/', it was left as is. Did you mean 'laws/cognitive-load.md'?
INFO    -  Doc file 'core-principles/index.md' contains an unrecognized relative link 'laws/economic-reality/', it was left as is. Did you mean 'laws/economic-reality.md'?
INFO    -  Doc file 'core-principles/index.md' contains an unrecognized relative link 'pillars/', it was left as is. Did you mean 'pillars/index.md'?
INFO    -  Doc file 'core-principles/index.md' contains an unrecognized relative link 'pillars/work-distribution/', it was left as is. Did you mean 'pillars/work-distribution.md'?
INFO    -  Doc file 'core-principles/index.md' contains an unrecognized relative link 'pillars/state-distribution/', it was left as is. Did you mean 'pillars/state-distribution.md'?
INFO    -  Doc file 'core-principles/index.md' contains an unrecognized relative link 'pillars/truth-distribution/', it was left as is. Did you mean 'pillars/truth-distribution.md'?
INFO    -  Doc file 'core-principles/index.md' contains an unrecognized relative link 'pillars/control-distribution/', it was left as is. Did you mean 'pillars/control-distribution.md'?
INFO    -  Doc file 'core-principles/index.md' contains an unrecognized relative link 'pillars/intelligence-distribution/', it was left as is. Did you mean 'pillars/intelligence-distribution.md'?
INFO    -  Doc file 'core-principles/index.md' contains an unrecognized relative link 'laws/', it was left as is. Did you mean 'laws/index.md'?
INFO    -  Doc file 'core-principles/index.md' contains an unrecognized relative link '../architects-handbook/learning-paths/new-graduate/', it was left as is. Did you mean '../architects-handbook/learning-paths/new-graduate.md'?
INFO    -  Doc file 'core-principles/index.md' contains an unrecognized relative link '../architects-handbook/learning-paths/senior-engineer/', it was left as is. Did you mean '../architects-handbook/learning-paths/senior-engineer.md'?
INFO    -  Doc file 'core-principles/index.md' contains an unrecognized relative link '../architects-handbook/learning-paths/architect/', it was left as is. Did you mean '../architects-handbook/learning-paths/architect.md'?
INFO    -  Doc file 'core-principles/index.md' contains an unrecognized relative link '../architects-handbook/learning-paths/manager/', it was left as is. Did you mean '../architects-handbook/learning-paths/manager.md'?
INFO    -  Doc file 'core-principles/index.md' contains an unrecognized relative link 'laws/', it was left as is. Did you mean 'laws/index.md'?
INFO    -  Doc file 'core-principles/laws/index.md' contains an unrecognized relative link 'correlated-failure/', it was left as is. Did you mean 'correlated-failure.md'?
INFO    -  Doc file 'core-principles/laws/index.md' contains an unrecognized relative link 'asynchronous-reality/', it was left as is. Did you mean 'asynchronous-reality.md'?
INFO    -  Doc file 'core-principles/laws/index.md' contains an unrecognized relative link 'emergent-chaos/', it was left as is. Did you mean 'emergent-chaos.md'?
INFO    -  Doc file 'core-principles/laws/index.md' contains an unrecognized relative link 'multidimensional-optimization/', it was left as is. Did you mean 'multidimensional-optimization.md'?
INFO    -  Doc file 'core-principles/laws/index.md' contains an unrecognized relative link 'distributed-knowledge/', it was left as is. Did you mean 'distributed-knowledge.md'?
INFO    -  Doc file 'core-principles/laws/index.md' contains an unrecognized relative link 'cognitive-load/', it was left as is. Did you mean 'cognitive-load.md'?
INFO    -  Doc file 'core-principles/laws/index.md' contains an unrecognized relative link 'economic-reality/', it was left as is. Did you mean 'economic-reality.md'?
INFO    -  Doc file 'core-principles/laws/index.md' contains an unrecognized relative link 'correlated-failure/', it was left as is. Did you mean 'correlated-failure.md'?
WARNING -  Doc file 'core-principles/laws/asynchronous-reality.md' contains a link '../pattern-library/data-management/event-sourcing.md', but the target 'core-principles/pattern-library/data-management/event-sourcing.md' is not found among documentation files.
WARNING -  Doc file 'core-principles/laws/asynchronous-reality.md' contains a link '../pattern-library/data-management/saga.md', but the target 'core-principles/pattern-library/data-management/saga.md' is not found among documentation files.
WARNING -  Doc file 'core-principles/laws/asynchronous-reality.md' contains a link '../pattern-library/data-management/cqrs.md', but the target 'core-principles/pattern-library/data-management/cqrs.md' is not found among documentation files.
WARNING -  Doc file 'core-principles/laws/cognitive-load.md' contains a link '../pattern-library/resilience/circuit-breaker.md', but the target 'core-principles/pattern-library/resilience/circuit-breaker.md' is not found among documentation files.
WARNING -  Doc file 'core-principles/laws/cognitive-load.md' contains a link '../pattern-library/resilience/bulkhead.md', but the target 'core-principles/pattern-library/resilience/bulkhead.md' is not found among documentation files.
WARNING -  Doc file 'core-principles/laws/cognitive-load.md' contains a link '../pattern-library/communication/service-mesh.md', but the target 'core-principles/pattern-library/communication/service-mesh.md' is not found among documentation files.
INFO    -  Doc file 'core-principles/laws/correlated-failure.md' contains an absolute link '/', it was left as is. Did you mean '../../index.md'?
INFO    -  Doc file 'core-principles/laws/correlated-failure.md' contains an unrecognized relative link 'core-principles', it was left as is.
INFO    -  Doc file 'core-principles/laws/correlated-failure.md' contains an unrecognized relative link 'core-principles/laws', it was left as is.
WARNING -  Doc file 'core-principles/laws/distributed-knowledge.md' contains a link '../pattern-library/coordination/consensus.md', but the target 'core-principles/pattern-library/coordination/consensus.md' is not found among documentation files.
WARNING -  Doc file 'core-principles/laws/distributed-knowledge.md' contains a link '../pattern-library/coordination/consensus.md', but the target 'core-principles/pattern-library/coordination/consensus.md' is not found among documentation files.
WARNING -  Doc file 'core-principles/laws/distributed-knowledge.md' contains a link '../pattern-library/data-management/event-sourcing.md', but the target 'core-principles/pattern-library/data-management/event-sourcing.md' is not found among documentation files.
WARNING -  Doc file 'core-principles/laws/economic-reality.md' contains a link '../pattern-library/scaling/auto-scaling.md', but the target 'core-principles/pattern-library/scaling/auto-scaling.md' is not found among documentation files.
WARNING -  Doc file 'core-principles/laws/economic-reality.md' contains a link '../pattern-library/scaling/multi-region.md', but the target 'core-principles/pattern-library/scaling/multi-region.md' is not found among documentation files.
WARNING -  Doc file 'core-principles/laws/economic-reality.md' contains a link '../pattern-library/architecture/serverless-faas.md', but the target 'core-principles/pattern-library/architecture/serverless-faas.md' is not found among documentation files.
WARNING -  Doc file 'core-principles/laws/emergent-chaos.md' contains a link '../pattern-library/resilience/circuit-breaker.md', but the target 'core-principles/pattern-library/resilience/circuit-breaker.md' is not found among documentation files.
WARNING -  Doc file 'core-principles/laws/emergent-chaos.md' contains a link '../pattern-library/resilience/bulkhead.md', but the target 'core-principles/pattern-library/resilience/bulkhead.md' is not found among documentation files.
WARNING -  Doc file 'core-principles/laws/emergent-chaos.md' contains a link '../pattern-library/scaling/load-balancing.md', but the target 'core-principles/pattern-library/scaling/load-balancing.md' is not found among documentation files.
WARNING -  Doc file 'core-principles/laws/multidimensional-optimization.md' contains a link '../pattern-library/data-management/cqrs.md', but the target 'core-principles/pattern-library/data-management/cqrs.md' is not found among documentation files.
WARNING -  Doc file 'core-principles/laws/multidimensional-optimization.md' contains a link '../pattern-library/scaling/sharding.md', but the target 'core-principles/pattern-library/scaling/sharding.md' is not found among documentation files.
WARNING -  Doc file 'core-principles/laws/multidimensional-optimization.md' contains a link '../pattern-library/communication/service-mesh.md', but the target 'core-principles/pattern-library/communication/service-mesh.md' is not found among documentation files.
INFO    -  Doc file 'core-principles/pillars/index.md' contains an unrecognized relative link 'work-distribution/', it was left as is. Did you mean 'work-distribution.md'?
INFO    -  Doc file 'core-principles/pillars/index.md' contains an unrecognized relative link 'state-distribution/', it was left as is. Did you mean 'state-distribution.md'?
INFO    -  Doc file 'core-principles/pillars/index.md' contains an unrecognized relative link 'truth-distribution/', it was left as is. Did you mean 'truth-distribution.md'?
INFO    -  Doc file 'core-principles/pillars/index.md' contains an unrecognized relative link 'control-distribution/', it was left as is. Did you mean 'control-distribution.md'?
INFO    -  Doc file 'core-principles/pillars/index.md' contains an unrecognized relative link 'intelligence-distribution/', it was left as is. Did you mean 'intelligence-distribution.md'?
INFO    -  Doc file 'core-principles/pillars/index.md' contains an unrecognized relative link 'work-distribution/', it was left as is. Did you mean 'work-distribution.md'?
INFO    -  Doc file 'core-principles/pillars/control-distribution.md' contains an absolute link '/', it was left as is. Did you mean '../../index.md'?
INFO    -  Doc file 'core-principles/pillars/control-distribution.md' contains an absolute link '/core-principles/', it was left as is. Did you mean '../index.md'?
INFO    -  Doc file 'core-principles/pillars/control-distribution.md' contains an absolute link '/core-principles/pillars/', it was left as is. Did you mean 'index.md'?
INFO    -  Doc file 'core-principles/pillars/state-distribution.md' contains an absolute link '/core-principles/axioms/law1-failure', it was left as is.
INFO    -  Doc file 'core-principles/pillars/state-distribution.md' contains an absolute link '/core-principles/axioms/law2-asynchrony', it was left as is.
INFO    -  Doc file 'core-principles/pillars/state-distribution.md' contains an absolute link '/core-principles/axioms/law4-tradeoffs', it was left as is.
INFO    -  Doc file 'core-principles/pillars/state-distribution.md' contains an absolute link '/core-principles/axioms/law5-epistemology', it was left as is.
INFO    -  Doc file 'core-principles/pillars/state-distribution.md' contains an absolute link '/core-principles/pillars/truth-distribution', it was left as is. Did you mean 'truth-distribution.md'?
INFO    -  Doc file 'core-principles/pillars/state-distribution.md' contains an absolute link '/pattern-library/data-management/event-sourcing', it was left as is. Did you mean '../../pattern-library/data-management/event-sourcing.md'?
INFO    -  Doc file 'core-principles/pillars/state-distribution.md' contains an absolute link '/pattern-library/data-management/cqrs', it was left as is. Did you mean '../../pattern-library/data-management/cqrs.md'?
INFO    -  Doc file 'core-principles/pillars/state-distribution.md' contains an absolute link '/pattern-library/scaling/sharding', it was left as is. Did you mean '../../pattern-library/scaling/sharding.md'?
INFO    -  Doc file 'core-principles/pillars/truth-distribution.md' contains an absolute link '/', it was left as is. Did you mean '../../index.md'?
INFO    -  Doc file 'core-principles/pillars/truth-distribution.md' contains an absolute link '/core-principles/', it was left as is. Did you mean '../index.md'?
INFO    -  Doc file 'core-principles/pillars/truth-distribution.md' contains an absolute link '/core-principles/pillars/', it was left as is. Did you mean 'index.md'?
INFO    -  Doc file 'core-principles/pillars/work-distribution.md' contains an absolute link '/core-principles/axioms/law2-asynchrony', it was left as is.
INFO    -  Doc file 'core-principles/pillars/work-distribution.md' contains an absolute link '/core-principles/axioms/law4-tradeoffs', it was left as is.
INFO    -  Doc file 'core-principles/pillars/work-distribution.md' contains an absolute link '/core-principles/axioms/law5-epistemology', it was left as is.
INFO    -  Doc file 'core-principles/pillars/work-distribution.md' contains an absolute link '/pattern-library/architecture/cell-based', it was left as is. Did you mean '../../pattern-library/architecture/cell-based.md'?
INFO    -  Doc file 'core-principles/pillars/work-distribution.md' contains an absolute link '/architects-handbook/quantitative-analysis/universal-scalability', it was left as is. Did you mean '../../architects-handbook/quantitative-analysis/universal-scalability.md'?
INFO    -  Doc file 'excellence/framework-overview.md' contains an unrecognized relative link '../tools/', it was left as is.
INFO    -  Doc file 'excellence/implementation-guides/index.md' contains an unrecognized relative link '../../part1-axioms/', it was left as is.
INFO    -  Doc file 'excellence/implementation-guides/index.md' contains an unrecognized relative link '../../part2-pillars/', it was left as is.
WARNING -  Doc file 'excellence/implementation-guides/index.md' contains a link '../index.md', but the target 'excellence/index.md' is not found among documentation files.
WARNING -  Doc file 'excellence/implementation-guides/data-consistency.md' contains a link '../pattern-library/data-management/event-sourcing.md', but the target 'excellence/pattern-library/data-management/event-sourcing.md' is not found among documentation files.
WARNING -  Doc file 'excellence/implementation-guides/data-consistency.md' contains a link '../pattern-library/data-management/cqrs.md', but the target 'excellence/pattern-library/data-management/cqrs.md' is not found among documentation files.
WARNING -  Doc file 'excellence/implementation-guides/data-consistency.md' contains a link '../pattern-library/data-management/saga.md', but the target 'excellence/pattern-library/data-management/saga.md' is not found among documentation files.
WARNING -  Doc file 'excellence/implementation-guides/data-consistency.md' contains a link '../pattern-library/data-management/cdc.md', but the target 'excellence/pattern-library/data-management/cdc.md' is not found among documentation files.
WARNING -  Doc file 'excellence/implementation-guides/data-consistency.md' contains a link '../pattern-library/data-management/crdt.md', but the target 'excellence/pattern-library/data-management/crdt.md' is not found among documentation files.
WARNING -  Doc file 'excellence/implementation-guides/migration-strategies.md' contains a link '../pattern-library/strangler-fig.md', but the target 'excellence/pattern-library/strangler-fig.md' is not found among documentation files.
WARNING -  Doc file 'excellence/implementation-guides/migration-strategies.md' contains a link '../patterns/blue-green-deployment.md', but the target 'excellence/patterns/blue-green-deployment.md' is not found among documentation files.
WARNING -  Doc file 'excellence/implementation-guides/migration-strategies.md' contains a link '../architects-handbook/case-studies/index.md', but the target 'excellence/architects-handbook/case-studies/index.md' is not found among documentation files.
WARNING -  Doc file 'excellence/implementation-guides/migration-strategies.md' contains a link '../pattern-library/data-management/saga.md', but the target 'excellence/pattern-library/data-management/saga.md' is not found among documentation files.
WARNING -  Doc file 'excellence/implementation-guides/modern-distributed-systems-2025.md' contains a link '../pattern-library/resilience/circuit-breaker.md', but the target 'excellence/pattern-library/resilience/circuit-breaker.md' is not found among documentation files.
WARNING -  Doc file 'excellence/implementation-guides/modern-distributed-systems-2025.md' contains a link '../pattern-library/resilience/retry-backoff.md', but the target 'excellence/pattern-library/resilience/retry-backoff.md' is not found among documentation files.
WARNING -  Doc file 'excellence/implementation-guides/modern-distributed-systems-2025.md' contains a link '../pattern-library/scaling/rate-limiting.md', but the target 'excellence/pattern-library/scaling/rate-limiting.md' is not found among documentation files.
WARNING -  Doc file 'excellence/implementation-guides/modern-distributed-systems-2025.md' contains a link '../pattern-library/scaling/caching-strategies.md', but the target 'excellence/pattern-library/scaling/caching-strategies.md' is not found among documentation files.
WARNING -  Doc file 'excellence/implementation-guides/modern-distributed-systems-2025.md' contains a link '../pattern-library/scaling/sharding.md', but the target 'excellence/pattern-library/scaling/sharding.md' is not found among documentation files.
WARNING -  Doc file 'excellence/implementation-guides/modern-distributed-systems-2025.md' contains a link '../pattern-library/scaling/load-balancing.md', but the target 'excellence/pattern-library/scaling/load-balancing.md' is not found among documentation files.
WARNING -  Doc file 'excellence/implementation-guides/modern-distributed-systems-2025.md' contains a link '../pattern-library/scaling/auto-scaling.md', but the target 'excellence/pattern-library/scaling/auto-scaling.md' is not found among documentation files.
WARNING -  Doc file 'excellence/implementation-guides/modern-distributed-systems-2025.md' contains a link '../pattern-library/coordination/distributed-queue.md', but the target 'excellence/pattern-library/coordination/distributed-queue.md' is not found among documentation files.
WARNING -  Doc file 'excellence/implementation-guides/modern-distributed-systems-2025.md' contains a link '../pattern-library/data-management/saga.md', but the target 'excellence/pattern-library/data-management/saga.md' is not found among documentation files.
WARNING -  Doc file 'excellence/implementation-guides/modern-distributed-systems-2025.md' contains a link '../pattern-library/multi-region.md', but the target 'excellence/pattern-library/multi-region.md' is not found among documentation files.
WARNING -  Doc file 'excellence/implementation-guides/modern-distributed-systems-2025.md' contains a link '../pattern-library/data-management/cdc.md', but the target 'excellence/pattern-library/data-management/cdc.md' is not found among documentation files.
WARNING -  Doc file 'excellence/implementation-guides/modern-distributed-systems-2025.md' contains a link '../pattern-library/data-management/event-sourcing.md', but the target 'excellence/pattern-library/data-management/event-sourcing.md' is not found among documentation files.
WARNING -  Doc file 'excellence/implementation-guides/modern-distributed-systems-2025.md' contains a link '../pattern-library/data-management/cqrs.md', but the target 'excellence/pattern-library/data-management/cqrs.md' is not found among documentation files.
WARNING -  Doc file 'excellence/implementation-guides/modern-distributed-systems-2025.md' contains a link '../pattern-library/architecture/event-streaming.md', but the target 'excellence/pattern-library/architecture/event-streaming.md' is not found among documentation files.
WARNING -  Doc file 'excellence/implementation-guides/modern-distributed-systems-2025.md' contains a link '../pattern-library/data-management/materialized-view.md', but the target 'excellence/pattern-library/data-management/materialized-view.md' is not found among documentation files.
WARNING -  Doc file 'excellence/implementation-guides/modern-distributed-systems-2025.md' contains a link '../pattern-library/data-management/consistent-hashing.md', but the target 'excellence/pattern-library/data-management/consistent-hashing.md' is not found among documentation files.
WARNING -  Doc file 'excellence/implementation-guides/modern-distributed-systems-2025.md' contains a link '../patterns/architects-handbook/case-studies/index.md', but the target 'excellence/patterns/architects-handbook/case-studies/index.md' is not found among documentation files.
WARNING -  Doc file 'excellence/implementation-guides/modern-distributed-systems-2025.md' contains a link '../architects-handbook/quantitative-analysis/index.md', but the target 'excellence/architects-handbook/quantitative-analysis/index.md' is not found among documentation files.
WARNING -  Doc file 'excellence/implementation-guides/modern-distributed-systems-2025.md' contains a link '../human-factors/index.md', but the target 'excellence/human-factors/index.md' is not found among documentation files.
WARNING -  Doc file 'excellence/implementation-guides/operational-excellence.md' contains a link '../../human-factors/observability.md', but the target 'human-factors/observability.md' is not found among documentation files.
WARNING -  Doc file 'excellence/implementation-guides/operational-excellence.md' contains a link '../../human-factors/chaos-engineering.md', but the target 'human-factors/chaos-engineering.md' is not found among documentation files.
WARNING -  Doc file 'excellence/implementation-guides/operational-excellence.md' contains a link '../../human-factors/sre.md', but the target 'human-factors/sre.md' is not found among documentation files.
WARNING -  Doc file 'excellence/implementation-guides/operational-excellence.md' contains a link '../pattern-library/resilience/health-check.md', but the target 'excellence/pattern-library/resilience/health-check.md' is not found among documentation files.
WARNING -  Doc file 'excellence/implementation-guides/operational-excellence.md' contains a link '../pattern-library/resilience/circuit-breaker.md', but the target 'excellence/pattern-library/resilience/circuit-breaker.md' is not found among documentation files.
WARNING -  Doc file 'excellence/implementation-guides/performance-optimization.md' contains a link '../pattern-library/scaling/caching-strategies.md', but the target 'excellence/pattern-library/scaling/caching-strategies.md' is not found among documentation files.
WARNING -  Doc file 'excellence/implementation-guides/performance-optimization.md' contains a link '../pattern-library/scaling/load-balancing.md', but the target 'excellence/pattern-library/scaling/load-balancing.md' is not found among documentation files.
WARNING -  Doc file 'excellence/implementation-guides/performance-optimization.md' contains a link '../pattern-library/scaling/auto-scaling.md', but the target 'excellence/pattern-library/scaling/auto-scaling.md' is not found among documentation files.
WARNING -  Doc file 'excellence/implementation-guides/performance-optimization.md' contains a link '../pattern-library/scaling/edge-computing.md', but the target 'excellence/pattern-library/scaling/edge-computing.md' is not found among documentation files.
WARNING -  Doc file 'excellence/implementation-guides/performance-optimization.md' contains a link '../../reference/performance-tools.md', but the target 'reference/performance-tools.md' is not found among documentation files.
WARNING -  Doc file 'excellence/implementation-guides/platform-engineering-playbook.md' contains a link '../human-factors/team-topologies.md', but the target 'excellence/human-factors/team-topologies.md' is not found among documentation files.
WARNING -  Doc file 'excellence/implementation-guides/quick-start-guide.md' contains a link '../pattern-library/resilience/circuit-breaker.md', but the target 'excellence/pattern-library/resilience/circuit-breaker.md' is not found among documentation files.
WARNING -  Doc file 'excellence/implementation-guides/quick-start-guide.md' contains a link '../pattern-library/resilience/retry-backoff.md', but the target 'excellence/pattern-library/resilience/retry-backoff.md' is not found among documentation files.
WARNING -  Doc file 'excellence/implementation-guides/quick-start-guide.md' contains a link '../pattern-library/scaling/caching-strategies.md', but the target 'excellence/pattern-library/scaling/caching-strategies.md' is not found among documentation files.
WARNING -  Doc file 'excellence/implementation-guides/quick-start-guide.md' contains a link '../pattern-library/scaling/auto-scaling.md', but the target 'excellence/pattern-library/scaling/auto-scaling.md' is not found among documentation files.
WARNING -  Doc file 'excellence/implementation-guides/quick-start-guide.md' contains a link '../human-factors/observability-stacks.md', but the target 'excellence/human-factors/observability-stacks.md' is not found among documentation files.
WARNING -  Doc file 'excellence/implementation-guides/resilience-first.md' contains a link '../pattern-library/resilience/circuit-breaker.md', but the target 'excellence/pattern-library/resilience/circuit-breaker.md' is not found among documentation files.
WARNING -  Doc file 'excellence/implementation-guides/resilience-first.md' contains a link '../pattern-library/resilience/bulkhead.md', but the target 'excellence/pattern-library/resilience/bulkhead.md' is not found among documentation files.
WARNING -  Doc file 'excellence/implementation-guides/resilience-first.md' contains a link '../../human-factors/chaos-engineering.md', but the target 'human-factors/chaos-engineering.md' is not found among documentation files.
WARNING -  Doc file 'excellence/implementation-guides/resilience-first.md' contains a link '../pattern-library/cell-based.md', but the target 'excellence/pattern-library/cell-based.md' is not found among documentation files.
WARNING -  Doc file 'excellence/implementation-guides/security-patterns.md' contains a link '../patterns/zero-trust.md', but the target 'excellence/patterns/zero-trust.md' is not found among documentation files.
WARNING -  Doc file 'excellence/implementation-guides/security-patterns.md' contains a link '../pattern-library/communication/api-gateway.md', but the target 'excellence/pattern-library/communication/api-gateway.md' is not found among documentation files.
WARNING -  Doc file 'excellence/implementation-guides/security-patterns.md' contains a link '../pattern-library/communication/service-mesh.md', but the target 'excellence/pattern-library/communication/service-mesh.md' is not found among documentation files.
WARNING -  Doc file 'excellence/implementation-guides/security-patterns.md' contains a link '../pattern-library/valet-key.md', but the target 'excellence/pattern-library/valet-key.md' is not found among documentation files.
WARNING -  Doc file 'excellence/implementation-guides/service-communication.md' contains a link '../pattern-library/communication/service-mesh.md', but the target 'excellence/pattern-library/communication/service-mesh.md' is not found among documentation files.
WARNING -  Doc file 'excellence/implementation-guides/service-communication.md' contains a link '../pattern-library/communication/api-gateway.md', but the target 'excellence/pattern-library/communication/api-gateway.md' is not found among documentation files.
WARNING -  Doc file 'excellence/implementation-guides/service-communication.md' contains a link '../pattern-library/architecture/event-driven.md', but the target 'excellence/pattern-library/architecture/event-driven.md' is not found among documentation files.
WARNING -  Doc file 'excellence/implementation-guides/service-communication.md' contains a link '../pattern-library/grpc.md', but the target 'excellence/pattern-library/grpc.md' is not found among documentation files.
WARNING -  Doc file 'excellence/implementation-guides/service-communication.md' contains a link '../pattern-library/communication/websocket.md', but the target 'excellence/pattern-library/communication/websocket.md' is not found among documentation files.
INFO    -  Doc file 'excellence/migrations/index.md' contains an unrecognized relative link '../pattern-library/', it was left as is.
INFO    -  Doc file 'excellence/migrations/index.md' contains an unrecognized relative link '../../quantitative/', it was left as is.
INFO    -  Doc file 'excellence/migrations/index.md' contains an unrecognized relative link '../../human-factors/', it was left as is.
INFO    -  Doc file 'excellence/migrations/index.md' contains an unrecognized relative link '../case-studies/', it was left as is.
WARNING -  Doc file 'excellence/migrations/index.md' contains a link '../index.md', but the target 'excellence/index.md' is not found among documentation files.
INFO    -  Doc file 'excellence/migrations/2pc-to-saga.md' contains an absolute link '/pattern-library/saga-pattern.md', it was left as is.
INFO    -  Doc file 'excellence/migrations/2pc-to-saga.md' contains an absolute link '/pattern-library/distributed-transactions.md', it was left as is.
INFO    -  Doc file 'excellence/migrations/2pc-to-saga.md' contains an absolute link '/infrastructure/message-brokers.md', it was left as is.
INFO    -  Doc file 'excellence/migrations/2pc-to-saga.md' contains an absolute link '/human-factors/observability.md', it was left as is.
INFO    -  Doc file 'excellence/migrations/batch-to-streaming.md' contains an absolute link '/pattern-library/stream-processing.md', it was left as is.
INFO    -  Doc file 'excellence/migrations/batch-to-streaming.md' contains an absolute link '/pattern-library/stateful-streaming.md', it was left as is.
INFO    -  Doc file 'excellence/migrations/batch-to-streaming.md' contains an absolute link '/infrastructure/kafka-operations.md', it was left as is.
INFO    -  Doc file 'excellence/migrations/batch-to-streaming.md' contains an absolute link '/infrastructure/flink-production.md', it was left as is.
INFO    -  Doc file 'excellence/migrations/master-slave-to-multi-primary.md' contains an absolute link '/pattern-library/multi-primary.md', it was left as is.
INFO    -  Doc file 'excellence/migrations/master-slave-to-multi-primary.md' contains an absolute link '/pattern-library/data-management/crdt.md', it was left as is. Did you mean '../../pattern-library/data-management/crdt.md'?
INFO    -  Doc file 'excellence/migrations/master-slave-to-multi-primary.md' contains an absolute link '/pattern-library/scaling/geo-replication.md', it was left as is. Did you mean '../../pattern-library/scaling/geo-replication.md'?
INFO    -  Doc file 'excellence/migrations/master-slave-to-multi-primary.md' contains an absolute link '/human-factors/observability.md', it was left as is.
INFO    -  Doc file 'excellence/migrations/monolith-to-microservices.md' contains an absolute link '/pattern-library/domain-driven-design.md', it was left as is.
INFO    -  Doc file 'excellence/migrations/monolith-to-microservices.md' contains an absolute link '/pattern-library/communication/service-mesh.md', it was left as is. Did you mean '../../pattern-library/communication/service-mesh.md'?
INFO    -  Doc file 'excellence/migrations/monolith-to-microservices.md' contains an absolute link '/pattern-library/architecture/event-driven.md', it was left as is. Did you mean '../../pattern-library/architecture/event-driven.md'?
INFO    -  Doc file 'excellence/migrations/monolith-to-microservices.md' contains an absolute link '/security/microservices-security.md', it was left as is.
INFO    -  Doc file 'excellence/migrations/polling-to-websocket.md' contains an absolute link '/protocols/websocket.md', it was left as is.
INFO    -  Doc file 'excellence/migrations/polling-to-websocket.md' contains an absolute link '/protocols/sse.md', it was left as is.
INFO    -  Doc file 'excellence/migrations/polling-to-websocket.md' contains an absolute link '/pattern-library/realtime-architecture.md', it was left as is.
INFO    -  Doc file 'excellence/migrations/polling-to-websocket.md' contains an absolute link '/infrastructure/websocket-load-balancing.md', it was left as is.
INFO    -  Doc file 'excellence/migrations/shared-database-to-microservices.md' contains an absolute link '/pattern-library/ddd.md', it was left as is.
INFO    -  Doc file 'excellence/migrations/shared-database-to-microservices.md' contains an absolute link '/pattern-library/microservices-data.md', it was left as is.
INFO    -  Doc file 'excellence/migrations/shared-database-to-microservices.md' contains an absolute link '/pattern-library/data-management/event-sourcing.md', it was left as is. Did you mean '../../pattern-library/data-management/event-sourcing.md'?
INFO    -  Doc file 'excellence/migrations/shared-database-to-microservices.md' contains an absolute link '/pattern-library/communication/service-mesh.md', it was left as is. Did you mean '../../pattern-library/communication/service-mesh.md'?
INFO    -  Doc file 'excellence/migrations/thick-client-to-api-first.md' contains an absolute link '/pattern-library/api-design.md', it was left as is.
INFO    -  Doc file 'excellence/migrations/thick-client-to-api-first.md' contains an absolute link '/pattern-library/rest.md', it was left as is.
INFO    -  Doc file 'excellence/migrations/thick-client-to-api-first.md' contains an absolute link '/pattern-library/architecture/graphql-federation.md', it was left as is. Did you mean '../../pattern-library/architecture/graphql-federation.md'?
INFO    -  Doc file 'excellence/migrations/thick-client-to-api-first.md' contains an absolute link '/pattern-library/auth-patterns.md', it was left as is.
INFO    -  Doc file 'excellence/migrations/vector-clocks-to-hlc.md' contains an absolute link '/pattern-library/true-time', it was left as is.
INFO    -  Doc file 'excellence/migrations/vector-clocks-to-hlc.md' contains an absolute link '/pattern-library/global-timestamps', it was left as is.
INFO    -  Doc file 'excellence/pattern-discovery/index.md' contains an unrecognized relative link '../patterns/circuit-breaker', it was left as is.
INFO    -  Doc file 'excellence/pattern-discovery/index.md' contains an unrecognized relative link '../patterns/health-checks', it was left as is.
INFO    -  Doc file 'excellence/pattern-discovery/index.md' contains an unrecognized relative link '../patterns/failover', it was left as is.
INFO    -  Doc file 'excellence/pattern-discovery/index.md' contains an unrecognized relative link '../patterns/bulkhead', it was left as is.
INFO    -  Doc file 'excellence/pattern-discovery/index.md' contains an unrecognized relative link '../patterns/event-streaming', it was left as is.
INFO    -  Doc file 'excellence/pattern-discovery/index.md' contains an unrecognized relative link '../patterns/pub-sub', it was left as is.
INFO    -  Doc file 'excellence/pattern-discovery/index.md' contains an unrecognized relative link '../patterns/websocket', it was left as is.
INFO    -  Doc file 'excellence/pattern-discovery/index.md' contains an unrecognized relative link '../patterns/server-sent-events', it was left as is.
INFO    -  Doc file 'excellence/pattern-discovery/index.md' contains an unrecognized relative link '../patterns/api-gateway', it was left as is.
INFO    -  Doc file 'excellence/pattern-discovery/index.md' contains an unrecognized relative link '../patterns/service-mesh', it was left as is.
INFO    -  Doc file 'excellence/pattern-discovery/index.md' contains an unrecognized relative link '../patterns/saga', it was left as is.
INFO    -  Doc file 'excellence/pattern-discovery/index.md' contains an unrecognized relative link '../patterns/sidecar', it was left as is.
INFO    -  Doc file 'excellence/pattern-discovery/index.md' contains an unrecognized relative link '../patterns/event-sourcing', it was left as is.
INFO    -  Doc file 'excellence/pattern-discovery/index.md' contains an unrecognized relative link '../patterns/cqrs', it was left as is.
INFO    -  Doc file 'excellence/pattern-discovery/index.md' contains an unrecognized relative link '../patterns/distributed-lock', it was left as is.
INFO    -  Doc file 'excellence/pattern-discovery/index.md' contains an unrecognized relative link '../patterns/two-phase-commit', it was left as is.
INFO    -  Doc file 'excellence/pattern-discovery/index.md' contains an unrecognized relative link '../comparisons', it was left as is.
INFO    -  Doc file 'excellence/pattern-discovery/index.md' contains an unrecognized relative link 'calculator', it was left as is.
INFO    -  Doc file 'excellence/pattern-discovery/index.md' contains an unrecognized relative link '../../reference/pattern-health-dashboard', it was left as is. Did you mean '../../reference/pattern-health-dashboard.md'?
INFO    -  Doc file 'excellence/pattern-discovery/index.md' contains an unrecognized relative link '../patterns/api-gateway', it was left as is.
INFO    -  Doc file 'excellence/pattern-discovery/index.md' contains an unrecognized relative link '../patterns/circuit-breaker', it was left as is.
INFO    -  Doc file 'excellence/pattern-discovery/index.md' contains an unrecognized relative link '../patterns/event-streaming', it was left as is.
INFO    -  Doc file 'excellence/pattern-discovery/index.md' contains an unrecognized relative link '../patterns/service-mesh', it was left as is.
INFO    -  Doc file 'excellence/pattern-discovery/index.md' contains an unrecognized relative link '../patterns/sharding', it was left as is.
INFO    -  Doc file 'excellence/pattern-discovery/index.md' contains an unrecognized relative link '../../patterns#gold-tier', it was left as is. Did you mean '../../patterns/index.md#gold-tier'?
INFO    -  Doc file 'excellence/pattern-discovery/index.md' contains an unrecognized relative link '../patterns/graphql-federation', it was left as is.
INFO    -  Doc file 'excellence/pattern-discovery/index.md' contains an unrecognized relative link '../patterns/feature-flags', it was left as is.
INFO    -  Doc file 'excellence/pattern-discovery/index.md' contains an unrecognized relative link '../patterns/blue-green-deployment', it was left as is.
INFO    -  Doc file 'excellence/pattern-discovery/index.md' contains an unrecognized relative link '../patterns/distributed-lock', it was left as is.
INFO    -  Doc file 'excellence/pattern-discovery/index.md' contains an unrecognized relative link '../patterns/priority-queue', it was left as is.
INFO    -  Doc file 'excellence/pattern-discovery/index.md' contains an unrecognized relative link '../../patterns#silver-tier', it was left as is. Did you mean '../../patterns/index.md#silver-tier'?
INFO    -  Doc file 'excellence/pattern-discovery/index.md' contains an unrecognized relative link '../patterns/two-phase-commit', it was left as is.
INFO    -  Doc file 'excellence/pattern-discovery/index.md' contains an unrecognized relative link '../patterns/shared-database', it was left as is.
INFO    -  Doc file 'excellence/pattern-discovery/index.md' contains an unrecognized relative link '../patterns/distributed-monolith', it was left as is.
INFO    -  Doc file 'excellence/pattern-discovery/index.md' contains an unrecognized relative link '../patterns/fat-client', it was left as is.
INFO    -  Doc file 'excellence/pattern-discovery/index.md' contains an unrecognized relative link '../patterns/database-triggers', it was left as is.
INFO    -  Doc file 'excellence/pattern-discovery/index.md' contains an unrecognized relative link '../../patterns#bronze-tier', it was left as is. Did you mean '../../patterns/index.md#bronze-tier'?
INFO    -  Doc file 'excellence/pattern-discovery/index.md' contains an unrecognized relative link '../implementation-guides', it was left as is. Did you mean '../implementation-guides/index.md'?
INFO    -  Doc file 'excellence/pattern-discovery/index.md' contains an unrecognized relative link '../pattern-selection-wizard', it was left as is.
INFO    -  Doc file 'excellence/pattern-discovery/index.md' contains an unrecognized relative link '../real-world-excellence', it was left as is.
INFO    -  Doc file 'interview-prep/index.md' contains an unrecognized relative link 'ic-interviews/common-problems/', it was left as is. Did you mean 'ic-interviews/common-problems/index.md'?
INFO    -  Doc file 'interview-prep/index.md' contains an unrecognized relative link 'ic-interviews/common-problems/cloud-storage/', it was left as is. Did you mean 'ic-interviews/common-problems/cloud-storage.md'?
INFO    -  Doc file 'interview-prep/index.md' contains an unrecognized relative link 'ic-interviews/common-problems/collaborative-editor/', it was left as is. Did you mean 'ic-interviews/common-problems/collaborative-editor.md'?
INFO    -  Doc file 'interview-prep/index.md' contains an unrecognized relative link 'ic-interviews/common-problems/ml-serving/', it was left as is. Did you mean 'ic-interviews/common-problems/ml-serving.md'?
INFO    -  Doc file 'interview-prep/index.md' contains an unrecognized relative link 'ic-interviews/frameworks/', it was left as is. Did you mean 'ic-interviews/frameworks/index.md'?
INFO    -  Doc file 'interview-prep/index.md' contains an unrecognized relative link 'ic-interviews/cheatsheets/', it was left as is. Did you mean 'ic-interviews/cheatsheets/index.md'?
INFO    -  Doc file 'interview-prep/index.md' contains an unrecognized relative link 'coding-interviews/', it was left as is. Did you mean 'coding-interviews/index.md'?
INFO    -  Doc file 'interview-prep/index.md' contains an unrecognized relative link 'ic-interviews/common-problems/cloud-storage/', it was left as is. Did you mean 'ic-interviews/common-problems/cloud-storage.md'?
INFO    -  Doc file 'interview-prep/index.md' contains an unrecognized relative link 'ic-interviews/common-problems/iot-platform/', it was left as is. Did you mean 'ic-interviews/common-problems/iot-platform.md'?
INFO    -  Doc file 'interview-prep/index.md' contains an unrecognized relative link 'ic-interviews/common-problems/cicd-pipeline/', it was left as is. Did you mean 'ic-interviews/common-problems/cicd-pipeline.md'?
INFO    -  Doc file 'interview-prep/index.md' contains an unrecognized relative link 'ic-interviews/common-problems/collaborative-editor/', it was left as is. Did you mean 'ic-interviews/common-problems/collaborative-editor.md'?
INFO    -  Doc file 'interview-prep/index.md' contains an unrecognized relative link 'ic-interviews/common-problems/ml-serving/', it was left as is. Did you mean 'ic-interviews/common-problems/ml-serving.md'?
INFO    -  Doc file 'interview-prep/index.md' contains an unrecognized relative link 'ic-interviews/common-problems/iot-platform/', it was left as is. Did you mean 'ic-interviews/common-problems/iot-platform.md'?
INFO    -  Doc file 'interview-prep/index.md' contains an unrecognized relative link 'ic-interviews/common-problems/cicd-pipeline/', it was left as is. Did you mean 'ic-interviews/common-problems/cicd-pipeline.md'?
INFO    -  Doc file 'interview-prep/index.md' contains an unrecognized relative link 'ic-interviews/common-problems/cloud-storage/', it was left as is. Did you mean 'ic-interviews/common-problems/cloud-storage.md'?
INFO    -  Doc file 'interview-prep/index.md' contains an unrecognized relative link 'ic-interviews/common-problems/ml-serving/', it was left as is. Did you mean 'ic-interviews/common-problems/ml-serving.md'?
INFO    -  Doc file 'interview-prep/index.md' contains an unrecognized relative link '../core-principles/', it was left as is. Did you mean '../core-principles/index.md'?
INFO    -  Doc file 'interview-prep/index.md' contains an unrecognized relative link '../interview-prep/ic-interviews/common-problems/', it was left as is. Did you mean 'ic-interviews/common-problems/index.md'?
INFO    -  Doc file 'interview-prep/index.md' contains an unrecognized relative link '../architects-handbook/case-studies/', it was left as is. Did you mean '../architects-handbook/case-studies/index.md'?
INFO    -  Doc file 'interview-prep/index.md' contains an unrecognized relative link 'ic-interviews/frameworks/', it was left as is. Did you mean 'ic-interviews/frameworks/index.md'?
INFO    -  Doc file 'interview-prep/index.md' contains an unrecognized relative link 'ic-interviews/cheatsheets/', it was left as is. Did you mean 'ic-interviews/cheatsheets/index.md'?
INFO    -  Doc file 'interview-prep/index.md' contains an unrecognized relative link 'ic-interviews/cheatsheets/system-design-checklist/', it was left as is. Did you mean 'ic-interviews/cheatsheets/system-design-checklist.md'?
INFO    -  Doc file 'interview-prep/index.md' contains an unrecognized relative link 'ic-interviews/frameworks/', it was left as is. Did you mean 'ic-interviews/frameworks/index.md'?
INFO    -  Doc file 'interview-prep/index.md' contains an unrecognized relative link 'ic-interviews/cheatsheets/', it was left as is. Did you mean 'ic-interviews/cheatsheets/index.md'?
INFO    -  Doc file 'interview-prep/index.md' contains an unrecognized relative link 'ic-interviews/common-problems/', it was left as is. Did you mean 'ic-interviews/common-problems/index.md'?
INFO    -  Doc file 'interview-prep/index.md' contains an unrecognized relative link 'ic-interviews/frameworks/', it was left as is. Did you mean 'ic-interviews/frameworks/index.md'?
INFO    -  Doc file 'interview-prep/engineering-leadership/index.md' contains an unrecognized relative link 'level-4-interview-execution/', it was left as is. Did you mean 'level-4-interview-execution/index.md'?
INFO    -  Doc file 'interview-prep/engineering-leadership/index.md' contains an unrecognized relative link 'level-1-first-principles/', it was left as is. Did you mean 'level-1-first-principles/index.md'?
INFO    -  Doc file 'interview-prep/engineering-leadership/index.md' contains an unrecognized relative link 'level-2-core-business/', it was left as is. Did you mean 'level-2-core-business/index.md'?
INFO    -  Doc file 'interview-prep/engineering-leadership/index.md' contains an unrecognized relative link 'level-3-applications/', it was left as is. Did you mean 'level-3-applications/index.md'?
INFO    -  Doc file 'interview-prep/engineering-leadership/index.md' contains an unrecognized relative link 'level-4-interview-execution/tools/interactive/', it was left as is. Did you mean 'level-4-interview-execution/tools/interactive/index.md'?
INFO    -  Doc file 'interview-prep/engineering-leadership/index.md' contains an unrecognized relative link 'level-3-applications/people-management/', it was left as is. Did you mean 'level-3-applications/people-management/index.md'?
INFO    -  Doc file 'interview-prep/engineering-leadership/index.md' contains an unrecognized relative link 'level-3-applications/technical-leadership/', it was left as is. Did you mean 'level-3-applications/technical-leadership/index.md'?
INFO    -  Doc file 'interview-prep/engineering-leadership/index.md' contains an unrecognized relative link 'level-3-applications/organizational-design/', it was left as is. Did you mean 'level-3-applications/organizational-design/index.md'?
INFO    -  Doc file 'interview-prep/engineering-leadership/index.md' contains an unrecognized relative link 'level-3-applications/business-acumen/', it was left as is. Did you mean 'level-3-applications/business-acumen/index.md'?
INFO    -  Doc file 'interview-prep/engineering-leadership/index.md' contains an unrecognized relative link 'level-4-interview-execution/system-org-design/', it was left as is. Did you mean 'level-4-interview-execution/system-org-design/index.md'?
INFO    -  Doc file 'interview-prep/engineering-leadership/index.md' contains an unrecognized relative link 'company-specific/amazon/', it was left as is. Did you mean 'company-specific/amazon/index.md'?
INFO    -  Doc file 'interview-prep/engineering-leadership/index.md' contains an unrecognized relative link 'company-specific/google/', it was left as is. Did you mean 'company-specific/google/index.md'?
INFO    -  Doc file 'interview-prep/engineering-leadership/index.md' contains an unrecognized relative link 'company-specific/meta/', it was left as is. Did you mean 'company-specific/meta/index.md'?
INFO    -  Doc file 'interview-prep/engineering-leadership/index.md' contains an unrecognized relative link 'company-specific/apple/', it was left as is. Did you mean 'company-specific/apple/index.md'?
INFO    -  Doc file 'interview-prep/engineering-leadership/index.md' contains an unrecognized relative link 'company-specific/microsoft/', it was left as is. Did you mean 'company-specific/microsoft/index.md'?
INFO    -  Doc file 'interview-prep/engineering-leadership/index.md' contains an unrecognized relative link 'company-specific/netflix/', it was left as is. Did you mean 'company-specific/netflix/index.md'?
INFO    -  Doc file 'interview-prep/engineering-leadership/index.md' contains an unrecognized relative link 'level-1-first-principles/', it was left as is. Did you mean 'level-1-first-principles/index.md'?
INFO    -  Doc file 'interview-prep/engineering-leadership/index.md' contains an unrecognized relative link 'level-2-core-business/', it was left as is. Did you mean 'level-2-core-business/index.md'?
INFO    -  Doc file 'interview-prep/engineering-leadership/index.md' contains an unrecognized relative link 'level-4-interview-execution/tools/story-portfolio/', it was left as is. Did you mean 'level-4-interview-execution/tools/story-portfolio/index.md'?
INFO    -  Doc file 'interview-prep/engineering-leadership/index.md' contains an unrecognized relative link 'practice-scenarios/', it was left as is. Did you mean 'practice-scenarios/index.md'?
INFO    -  Doc file 'interview-prep/engineering-leadership/index.md' contains an unrecognized relative link 'level-4-interview-execution/tools/principle-hooks/', it was left as is. Did you mean 'level-4-interview-execution/tools/principle-hooks/index.md'?
INFO    -  Doc file 'interview-prep/engineering-leadership/index.md' contains an unrecognized relative link 'hard-earned-wisdom/', it was left as is. Did you mean 'hard-earned-wisdom/index.md'?
INFO    -  Doc file 'interview-prep/engineering-leadership/index.md' contains an unrecognized relative link 'level-4-interview-execution/', it was left as is. Did you mean 'level-4-interview-execution/index.md'?
INFO    -  Doc file 'interview-prep/engineering-leadership/index.md' contains an unrecognized relative link 'level-4-interview-execution/tools/star-framework/', it was left as is. Did you mean 'level-4-interview-execution/tools/star-framework/index.md'?
INFO    -  Doc file 'interview-prep/engineering-leadership/index.md' contains an unrecognized relative link 'level-4-interview-execution/tools/interactive/', it was left as is. Did you mean 'level-4-interview-execution/tools/interactive/index.md'?
INFO    -  Doc file 'interview-prep/engineering-leadership/index.md' contains an unrecognized relative link '../../../company-specific/', it was left as is.
INFO    -  Doc file 'interview-prep/engineering-leadership/index.md' contains an unrecognized relative link 'level-1-first-principles/', it was left as is. Did you mean 'level-1-first-principles/index.md'?
INFO    -  Doc file 'interview-prep/engineering-leadership/index.md' contains an unrecognized relative link 'practice-scenarios/', it was left as is. Did you mean 'practice-scenarios/index.md'?
INFO    -  Doc file 'interview-prep/engineering-leadership/index.md' contains an unrecognized relative link 'level-4-interview-execution/tools/story-portfolio/', it was left as is. Did you mean 'level-4-interview-execution/tools/story-portfolio/index.md'?
INFO    -  Doc file 'interview-prep/engineering-leadership/index.md' contains an unrecognized relative link 'level-3-applications/', it was left as is. Did you mean 'level-3-applications/index.md'?
INFO    -  Doc file 'interview-prep/engineering-leadership/index.md' contains an unrecognized relative link 'hard-earned-wisdom/', it was left as is. Did you mean 'hard-earned-wisdom/index.md'?
INFO    -  Doc file 'interview-prep/engineering-leadership/index.md' contains an unrecognized relative link '../ic-interviews/', it was left as is. Did you mean '../ic-interviews/index.md'?
INFO    -  Doc file 'interview-prep/engineering-leadership/index.md' contains an unrecognized relative link '../ic-interviews/frameworks/', it was left as is. Did you mean '../ic-interviews/frameworks/index.md'?
INFO    -  Doc file 'interview-prep/engineering-leadership/index.md' contains an unrecognized relative link 'level-3-applications/people-management/', it was left as is. Did you mean 'level-3-applications/people-management/index.md'?
INFO    -  Doc file 'interview-prep/engineering-leadership/index.md' contains an unrecognized relative link '../ic-interviews/common-problems/', it was left as is. Did you mean '../ic-interviews/common-problems/index.md'?
INFO    -  Doc file 'interview-prep/engineering-leadership/framework-index.md' contains an unrecognized relative link 'level-3-applications/', it was left as is. Did you mean 'level-3-applications/index.md'?
INFO    -  Doc file 'interview-prep/engineering-leadership/framework-index.md' contains an unrecognized relative link 'level-1-first-principles/', it was left as is. Did you mean 'level-1-first-principles/index.md'?
INFO    -  Doc file 'interview-prep/engineering-leadership/framework-index.md' contains an unrecognized relative link 'level-2-core-business/', it was left as is. Did you mean 'level-2-core-business/index.md'?
INFO    -  Doc file 'interview-prep/engineering-leadership/framework-index.md' contains an unrecognized relative link 'level-2-core-business/', it was left as is. Did you mean 'level-2-core-business/index.md'?
INFO    -  Doc file 'interview-prep/engineering-leadership/framework-index.md' contains an unrecognized relative link 'level-4-interview-execution/', it was left as is. Did you mean 'level-4-interview-execution/index.md'?
INFO    -  Doc file 'interview-prep/engineering-leadership/framework-index.md' contains an unrecognized relative link 'level-1-first-principles/', it was left as is. Did you mean 'level-1-first-principles/index.md'?
INFO    -  Doc file 'interview-prep/engineering-leadership/framework-index.md' contains an unrecognized relative link 'level-1-first-principles/', it was left as is. Did you mean 'level-1-first-principles/index.md'?
INFO    -  Doc file 'interview-prep/engineering-leadership/framework-index.md' contains an unrecognized relative link 'level-2-core-business/', it was left as is. Did you mean 'level-2-core-business/index.md'?
INFO    -  Doc file 'interview-prep/engineering-leadership/framework-index.md' contains an unrecognized relative link 'level-3-applications/', it was left as is. Did you mean 'level-3-applications/index.md'?
INFO    -  Doc file 'interview-prep/engineering-leadership/framework-index.md' contains an unrecognized relative link 'level-4-interview-execution/', it was left as is. Did you mean 'level-4-interview-execution/index.md'?
INFO    -  Doc file 'interview-prep/engineering-leadership/framework-index.md' contains an unrecognized relative link 'level-1-first-principles/', it was left as is. Did you mean 'level-1-first-principles/index.md'?
INFO    -  Doc file 'interview-prep/engineering-leadership/framework-index.md' contains an unrecognized relative link 'level-2-core-business/', it was left as is. Did you mean 'level-2-core-business/index.md'?
INFO    -  Doc file 'interview-prep/engineering-leadership/framework-index.md' contains an unrecognized relative link 'level-3-applications/', it was left as is. Did you mean 'level-3-applications/index.md'?
INFO    -  Doc file 'interview-prep/engineering-leadership/framework-index.md' contains an unrecognized relative link 'level-4-interview-execution/', it was left as is. Did you mean 'level-4-interview-execution/index.md'?
INFO    -  Doc file 'interview-prep/engineering-leadership/framework-index.md' contains an unrecognized relative link 'level-3-applications/', it was left as is. Did you mean 'level-3-applications/index.md'?
INFO    -  Doc file 'interview-prep/engineering-leadership/framework-index.md' contains an unrecognized relative link 'level-4-interview-execution/', it was left as is. Did you mean 'level-4-interview-execution/index.md'?
INFO    -  Doc file 'interview-prep/engineering-leadership/framework-index.md' contains an unrecognized relative link 'level-2-core-business/', it was left as is. Did you mean 'level-2-core-business/index.md'?
INFO    -  Doc file 'interview-prep/engineering-leadership/framework-index.md' contains an unrecognized relative link 'level-1-first-principles/', it was left as is. Did you mean 'level-1-first-principles/index.md'?
INFO    -  Doc file 'interview-prep/engineering-leadership/framework-index.md' contains an unrecognized relative link 'level-4-interview-execution/tools/story-portfolio/', it was left as is. Did you mean 'level-4-interview-execution/tools/story-portfolio/index.md'?
INFO    -  Doc file 'interview-prep/engineering-leadership/framework-index.md' contains an unrecognized relative link 'level-1-first-principles/value-creation/', it was left as is. Did you mean 'level-1-first-principles/value-creation/index.md'?
INFO    -  Doc file 'interview-prep/engineering-leadership/framework-index.md' contains an unrecognized relative link 'level-1-first-principles/systems-thinking/', it was left as is. Did you mean 'level-1-first-principles/systems-thinking/index.md'?
INFO    -  Doc file 'interview-prep/engineering-leadership/framework-index.md' contains an unrecognized relative link 'level-1-first-principles/human-behavior/', it was left as is. Did you mean 'level-1-first-principles/human-behavior/index.md'?
INFO    -  Doc file 'interview-prep/engineering-leadership/framework-index.md' contains an unrecognized relative link 'level-2-core-business/strategy/', it was left as is. Did you mean 'level-2-core-business/strategy/index.md'?
INFO    -  Doc file 'interview-prep/engineering-leadership/framework-index.md' contains an unrecognized relative link 'level-2-core-business/operations/', it was left as is. Did you mean 'level-2-core-business/operations/index.md'?
INFO    -  Doc file 'interview-prep/engineering-leadership/framework-index.md' contains an unrecognized relative link 'level-2-core-business/leadership/', it was left as is. Did you mean 'level-2-core-business/leadership/index.md'?
INFO    -  Doc file 'interview-prep/engineering-leadership/framework-index.md' contains an unrecognized relative link 'level-3-applications/technical-leadership/', it was left as is. Did you mean 'level-3-applications/technical-leadership/index.md'?
INFO    -  Doc file 'interview-prep/engineering-leadership/framework-index.md' contains an unrecognized relative link 'level-3-applications/organizational-design/', it was left as is. Did you mean 'level-3-applications/organizational-design/index.md'?
INFO    -  Doc file 'interview-prep/engineering-leadership/framework-index.md' contains an unrecognized relative link 'level-3-applications/people-management/', it was left as is. Did you mean 'level-3-applications/people-management/index.md'?
INFO    -  Doc file 'interview-prep/engineering-leadership/framework-index.md' contains an unrecognized relative link 'level-4-interview-execution/behavioral/', it was left as is. Did you mean 'level-4-interview-execution/behavioral/index.md'?
INFO    -  Doc file 'interview-prep/engineering-leadership/framework-index.md' contains an unrecognized relative link 'level-4-interview-execution/system-org-design/', it was left as is. Did you mean 'level-4-interview-execution/system-org-design/index.md'?
INFO    -  Doc file 'interview-prep/engineering-leadership/framework-index.md' contains an unrecognized relative link 'level-4-interview-execution/tools/principle-hooks/', it was left as is. Did you mean 'level-4-interview-execution/tools/principle-hooks/index.md'?
INFO    -  Doc file 'interview-prep/engineering-leadership/framework-index.md' contains an unrecognized relative link 'hard-earned-wisdom/', it was left as is. Did you mean 'hard-earned-wisdom/index.md'?
INFO    -  Doc file 'interview-prep/engineering-leadership/framework-index.md' contains an unrecognized relative link 'hard-earned-wisdom/', it was left as is. Did you mean 'hard-earned-wisdom/index.md'?
INFO    -  Doc file 'interview-prep/engineering-leadership/navigation-guide.md' contains an unrecognized relative link 'level-3-applications/people-management/', it was left as is. Did you mean 'level-3-applications/people-management/index.md'?
INFO    -  Doc file 'interview-prep/engineering-leadership/navigation-guide.md' contains an unrecognized relative link 'level-3-applications/organizational-design/', it was left as is. Did you mean 'level-3-applications/organizational-design/index.md'?
INFO    -  Doc file 'interview-prep/engineering-leadership/navigation-guide.md' contains an unrecognized relative link 'level-2-core-business/leadership/', it was left as is. Did you mean 'level-2-core-business/leadership/index.md'?
INFO    -  Doc file 'interview-prep/engineering-leadership/navigation-guide.md' contains an unrecognized relative link 'level-1-first-principles/decision-making/', it was left as is. Did you mean 'level-1-first-principles/decision-making/index.md'?
INFO    -  Doc file 'interview-prep/engineering-leadership/navigation-guide.md' contains an unrecognized relative link 'level-2-core-business/strategy/', it was left as is. Did you mean 'level-2-core-business/strategy/index.md'?
INFO    -  Doc file 'interview-prep/engineering-leadership/navigation-guide.md' contains an unrecognized relative link 'company-specific/amazon/', it was left as is. Did you mean 'company-specific/amazon/index.md'?
INFO    -  Doc file 'interview-prep/engineering-leadership/navigation-guide.md' contains an unrecognized relative link 'company-specific/google/', it was left as is. Did you mean 'company-specific/google/index.md'?
INFO    -  Doc file 'interview-prep/engineering-leadership/navigation-guide.md' contains an unrecognized relative link 'company-specific/meta/', it was left as is. Did you mean 'company-specific/meta/index.md'?
INFO    -  Doc file 'interview-prep/engineering-leadership/navigation-guide.md' contains an unrecognized relative link 'company-specific/apple/', it was left as is. Did you mean 'company-specific/apple/index.md'?
INFO    -  Doc file 'interview-prep/engineering-leadership/navigation-guide.md' contains an unrecognized relative link 'company-specific/microsoft/', it was left as is. Did you mean 'company-specific/microsoft/index.md'?
INFO    -  Doc file 'interview-prep/engineering-leadership/navigation-guide.md' contains an unrecognized relative link 'company-specific/netflix/', it was left as is. Did you mean 'company-specific/netflix/index.md'?
INFO    -  Doc file 'interview-prep/engineering-leadership/navigation-guide.md' contains an unrecognized relative link 'hard-earned-wisdom/', it was left as is. Did you mean 'hard-earned-wisdom/index.md'?
INFO    -  Doc file 'interview-prep/engineering-leadership/navigation-guide.md' contains an unrecognized relative link 'level-1-first-principles/', it was left as is. Did you mean 'level-1-first-principles/index.md'?
INFO    -  Doc file 'interview-prep/engineering-leadership/navigation-guide.md' contains an unrecognized relative link 'level-4-interview-execution/tools/star-framework/', it was left as is. Did you mean 'level-4-interview-execution/tools/star-framework/index.md'?
INFO    -  Doc file 'interview-prep/engineering-leadership/navigation-guide.md' contains an unrecognized relative link 'level-2-core-business/', it was left as is. Did you mean 'level-2-core-business/index.md'?
INFO    -  Doc file 'interview-prep/engineering-leadership/navigation-guide.md' contains an unrecognized relative link 'practice-scenarios/', it was left as is. Did you mean 'practice-scenarios/index.md'?
INFO    -  Doc file 'interview-prep/engineering-leadership/navigation-guide.md' contains an unrecognized relative link 'hard-earned-wisdom/', it was left as is. Did you mean 'hard-earned-wisdom/index.md'?
INFO    -  Doc file 'interview-prep/engineering-leadership/level-1-first-principles/index.md' contains an unrecognized relative link 'value-creation/', it was left as is. Did you mean 'value-creation/index.md'?
INFO    -  Doc file 'interview-prep/engineering-leadership/level-1-first-principles/index.md' contains an unrecognized relative link 'decision-making/', it was left as is. Did you mean 'decision-making/index.md'?
INFO    -  Doc file 'interview-prep/engineering-leadership/level-1-first-principles/index.md' contains an unrecognized relative link 'decision-making/', it was left as is. Did you mean 'decision-making/index.md'?
INFO    -  Doc file 'interview-prep/engineering-leadership/level-1-first-principles/index.md' contains an unrecognized relative link 'human-behavior/', it was left as is. Did you mean 'human-behavior/index.md'?
INFO    -  Doc file 'interview-prep/engineering-leadership/level-1-first-principles/index.md' contains an unrecognized relative link 'human-behavior/', it was left as is. Did you mean 'human-behavior/index.md'?
INFO    -  Doc file 'interview-prep/engineering-leadership/level-1-first-principles/index.md' contains an unrecognized relative link 'systems-thinking/', it was left as is. Did you mean 'systems-thinking/index.md'?
INFO    -  Doc file 'interview-prep/engineering-leadership/level-1-first-principles/index.md' contains an unrecognized relative link 'systems-thinking/', it was left as is. Did you mean 'systems-thinking/index.md'?
INFO    -  Doc file 'interview-prep/engineering-leadership/level-1-first-principles/index.md' contains an unrecognized relative link 'integrity-ethics/', it was left as is. Did you mean 'integrity-ethics/index.md'?
INFO    -  Doc file 'interview-prep/engineering-leadership/level-1-first-principles/index.md' contains an unrecognized relative link 'integrity-ethics/', it was left as is. Did you mean 'integrity-ethics/index.md'?
INFO    -  Doc file 'interview-prep/engineering-leadership/level-1-first-principles/index.md' contains an unrecognized relative link 'value-creation/', it was left as is. Did you mean 'value-creation/index.md'?
INFO    -  Doc file 'interview-prep/engineering-leadership/level-1-first-principles/index.md' contains an unrecognized relative link 'human-behavior/', it was left as is. Did you mean 'human-behavior/index.md'?
INFO    -  Doc file 'interview-prep/engineering-leadership/level-1-first-principles/index.md' contains an unrecognized relative link 'decision-making/', it was left as is. Did you mean 'decision-making/index.md'?
INFO    -  Doc file 'interview-prep/engineering-leadership/level-1-first-principles/index.md' contains an unrecognized relative link 'value-creation/', it was left as is. Did you mean 'value-creation/index.md'?
INFO    -  Doc file 'interview-prep/engineering-leadership/level-1-first-principles/index.md' contains an unrecognized relative link 'systems-thinking/', it was left as is. Did you mean 'systems-thinking/index.md'?
INFO    -  Doc file 'interview-prep/engineering-leadership/level-1-first-principles/index.md' contains an unrecognized relative link 'value-creation/', it was left as is. Did you mean 'value-creation/index.md'?
INFO    -  Doc file 'interview-prep/engineering-leadership/level-1-first-principles/index.md' contains an unrecognized relative link 'integrity-ethics/', it was left as is. Did you mean 'integrity-ethics/index.md'?
INFO    -  Doc file 'interview-prep/engineering-leadership/level-1-first-principles/index.md' contains an unrecognized relative link 'integrity-ethics/', it was left as is. Did you mean 'integrity-ethics/index.md'?
INFO    -  Doc file 'interview-prep/engineering-leadership/level-1-first-principles/index.md' contains an unrecognized relative link 'systems-thinking/', it was left as is. Did you mean 'systems-thinking/index.md'?
INFO    -  Doc file 'interview-prep/engineering-leadership/level-1-first-principles/index.md' contains an unrecognized relative link '../level-2-core-business/', it was left as is. Did you mean '../level-2-core-business/index.md'?
INFO    -  Doc file 'interview-prep/engineering-leadership/level-1-first-principles/index.md' contains an unrecognized relative link '../level-3-applications/', it was left as is. Did you mean '../level-3-applications/index.md'?
INFO    -  Doc file 'interview-prep/engineering-leadership/level-1-first-principles/decision-making/index.md' contains an unrecognized relative link '../value-creation/', it was left as is. Did you mean '../value-creation/index.md'?
INFO    -  Doc file 'interview-prep/engineering-leadership/level-1-first-principles/decision-making/index.md' contains an unrecognized relative link '../human-behavior/', it was left as is. Did you mean '../human-behavior/index.md'?
INFO    -  Doc file 'interview-prep/engineering-leadership/level-1-first-principles/decision-making/index.md' contains an unrecognized relative link '../systems-thinking/', it was left as is. Did you mean '../systems-thinking/index.md'?
INFO    -  Doc file 'interview-prep/engineering-leadership/level-1-first-principles/decision-making/index.md' contains an unrecognized relative link '../integrity-ethics/', it was left as is. Did you mean '../integrity-ethics/index.md'?
INFO    -  Doc file 'interview-prep/engineering-leadership/level-1-first-principles/decision-making/index.md' contains an unrecognized relative link '../../level-2-core-business/strategy/', it was left as is. Did you mean '../../level-2-core-business/strategy/index.md'?
INFO    -  Doc file 'interview-prep/engineering-leadership/level-1-first-principles/decision-making/index.md' contains an unrecognized relative link '../../level-2-core-business/leadership/', it was left as is. Did you mean '../../level-2-core-business/leadership/index.md'?
INFO    -  Doc file 'interview-prep/engineering-leadership/level-1-first-principles/decision-making/index.md' contains an unrecognized relative link '../../level-2-core-business/risk-governance/', it was left as is. Did you mean '../../level-2-core-business/risk-governance/index.md'?
INFO    -  Doc file 'interview-prep/engineering-leadership/level-1-first-principles/decision-making/index.md' contains an unrecognized relative link '../../level-3-applications/technical-leadership/', it was left as is. Did you mean '../../level-3-applications/technical-leadership/index.md'?
INFO    -  Doc file 'interview-prep/engineering-leadership/level-1-first-principles/decision-making/index.md' contains an unrecognized relative link '../../level-3-applications/organizational-design/', it was left as is. Did you mean '../../level-3-applications/organizational-design/index.md'?
INFO    -  Doc file 'interview-prep/engineering-leadership/level-1-first-principles/decision-making/index.md' contains an unrecognized relative link '../../level-3-applications/people-management/', it was left as is. Did you mean '../../level-3-applications/people-management/index.md'?
INFO    -  Doc file 'interview-prep/engineering-leadership/level-1-first-principles/decision-making/index.md' contains an unrecognized relative link '../../level-4-interview-execution/behavioral/', it was left as is. Did you mean '../../level-4-interview-execution/behavioral/index.md'?
INFO    -  Doc file 'interview-prep/engineering-leadership/level-1-first-principles/decision-making/index.md' contains an unrecognized relative link '../../level-4-interview-execution/system-org-design/', it was left as is. Did you mean '../../level-4-interview-execution/system-org-design/index.md'?
INFO    -  Doc file 'interview-prep/engineering-leadership/level-1-first-principles/decision-making/index.md' contains an unrecognized relative link '../human-behavior/', it was left as is. Did you mean '../human-behavior/index.md'?
INFO    -  Doc file 'interview-prep/engineering-leadership/level-1-first-principles/decision-making/index.md' contains an unrecognized relative link '../../level-2-core-business/leadership/', it was left as is. Did you mean '../../level-2-core-business/leadership/index.md'?
INFO    -  Doc file 'interview-prep/engineering-leadership/level-1-first-principles/human-behavior/index.md' contains an unrecognized relative link '../value-creation/', it was left as is. Did you mean '../value-creation/index.md'?
INFO    -  Doc file 'interview-prep/engineering-leadership/level-1-first-principles/human-behavior/index.md' contains an unrecognized relative link '../decision-making/', it was left as is. Did you mean '../decision-making/index.md'?
INFO    -  Doc file 'interview-prep/engineering-leadership/level-1-first-principles/human-behavior/index.md' contains an unrecognized relative link '../systems-thinking/', it was left as is. Did you mean '../systems-thinking/index.md'?
INFO    -  Doc file 'interview-prep/engineering-leadership/level-1-first-principles/human-behavior/index.md' contains an unrecognized relative link '../integrity-ethics/', it was left as is. Did you mean '../integrity-ethics/index.md'?
INFO    -  Doc file 'interview-prep/engineering-leadership/level-1-first-principles/human-behavior/index.md' contains an unrecognized relative link '../../level-2-core-business/leadership/', it was left as is. Did you mean '../../level-2-core-business/leadership/index.md'?
INFO    -  Doc file 'interview-prep/engineering-leadership/level-1-first-principles/human-behavior/index.md' contains an unrecognized relative link '../../level-2-core-business/operations/', it was left as is. Did you mean '../../level-2-core-business/operations/index.md'?
INFO    -  Doc file 'interview-prep/engineering-leadership/level-1-first-principles/human-behavior/index.md' contains an unrecognized relative link '../../level-2-core-business/risk-governance/', it was left as is. Did you mean '../../level-2-core-business/risk-governance/index.md'?
INFO    -  Doc file 'interview-prep/engineering-leadership/level-1-first-principles/human-behavior/index.md' contains an unrecognized relative link '../../level-3-applications/people-management/', it was left as is. Did you mean '../../level-3-applications/people-management/index.md'?
INFO    -  Doc file 'interview-prep/engineering-leadership/level-1-first-principles/human-behavior/index.md' contains an unrecognized relative link '../../level-3-applications/organizational-design/', it was left as is. Did you mean '../../level-3-applications/organizational-design/index.md'?
INFO    -  Doc file 'interview-prep/engineering-leadership/level-1-first-principles/human-behavior/index.md' contains an unrecognized relative link '../../level-3-applications/technical-leadership/', it was left as is. Did you mean '../../level-3-applications/technical-leadership/index.md'?
INFO    -  Doc file 'interview-prep/engineering-leadership/level-1-first-principles/human-behavior/index.md' contains an unrecognized relative link '../../level-4-interview-execution/behavioral/', it was left as is. Did you mean '../../level-4-interview-execution/behavioral/index.md'?
INFO    -  Doc file 'interview-prep/engineering-leadership/level-1-first-principles/human-behavior/index.md' contains an unrecognized relative link '../../level-4-interview-execution/culture-values/', it was left as is. Did you mean '../../level-4-interview-execution/culture-values/index.md'?
INFO    -  Doc file 'interview-prep/engineering-leadership/level-1-first-principles/human-behavior/index.md' contains an unrecognized relative link '../systems-thinking/', it was left as is. Did you mean '../systems-thinking/index.md'?
INFO    -  Doc file 'interview-prep/engineering-leadership/level-1-first-principles/human-behavior/index.md' contains an unrecognized relative link '../../level-2-core-business/leadership/', it was left as is. Did you mean '../../level-2-core-business/leadership/index.md'?
INFO    -  Doc file 'interview-prep/engineering-leadership/level-1-first-principles/integrity-ethics/index.md' contains an unrecognized relative link '../value-creation/', it was left as is. Did you mean '../value-creation/index.md'?
INFO    -  Doc file 'interview-prep/engineering-leadership/level-1-first-principles/integrity-ethics/index.md' contains an unrecognized relative link '../decision-making/', it was left as is. Did you mean '../decision-making/index.md'?
INFO    -  Doc file 'interview-prep/engineering-leadership/level-1-first-principles/integrity-ethics/index.md' contains an unrecognized relative link '../human-behavior/', it was left as is. Did you mean '../human-behavior/index.md'?
INFO    -  Doc file 'interview-prep/engineering-leadership/level-1-first-principles/integrity-ethics/index.md' contains an unrecognized relative link '../systems-thinking/', it was left as is. Did you mean '../systems-thinking/index.md'?
INFO    -  Doc file 'interview-prep/engineering-leadership/level-1-first-principles/integrity-ethics/index.md' contains an unrecognized relative link '../../level-2-core-business/leadership/', it was left as is. Did you mean '../../level-2-core-business/leadership/index.md'?
INFO    -  Doc file 'interview-prep/engineering-leadership/level-1-first-principles/integrity-ethics/index.md' contains an unrecognized relative link '../../level-2-core-business/risk-governance/', it was left as is. Did you mean '../../level-2-core-business/risk-governance/index.md'?
INFO    -  Doc file 'interview-prep/engineering-leadership/level-1-first-principles/integrity-ethics/index.md' contains an unrecognized relative link '../../level-2-core-business/finance/', it was left as is. Did you mean '../../level-2-core-business/finance/index.md'?
INFO    -  Doc file 'interview-prep/engineering-leadership/level-1-first-principles/integrity-ethics/index.md' contains an unrecognized relative link '../../level-3-applications/people-management/', it was left as is. Did you mean '../../level-3-applications/people-management/index.md'?
INFO    -  Doc file 'interview-prep/engineering-leadership/level-1-first-principles/integrity-ethics/index.md' contains an unrecognized relative link '../../level-3-applications/technical-leadership/', it was left as is. Did you mean '../../level-3-applications/technical-leadership/index.md'?
INFO    -  Doc file 'interview-prep/engineering-leadership/level-1-first-principles/integrity-ethics/index.md' contains an unrecognized relative link '../../level-3-applications/business-acumen/', it was left as is. Did you mean '../../level-3-applications/business-acumen/index.md'?
INFO    -  Doc file 'interview-prep/engineering-leadership/level-1-first-principles/integrity-ethics/index.md' contains an unrecognized relative link '../../level-4-interview-execution/culture-values/', it was left as is. Did you mean '../../level-4-interview-execution/culture-values/index.md'?
INFO    -  Doc file 'interview-prep/engineering-leadership/level-1-first-principles/integrity-ethics/index.md' contains an unrecognized relative link '../../level-4-interview-execution/behavioral/', it was left as is. Did you mean '../../level-4-interview-execution/behavioral/index.md'?
INFO    -  Doc file 'interview-prep/engineering-leadership/level-1-first-principles/integrity-ethics/index.md' contains an unrecognized relative link '../../level-2-core-business/', it was left as is. Did you mean '../../level-2-core-business/index.md'?
INFO    -  Doc file 'interview-prep/engineering-leadership/level-1-first-principles/systems-thinking/index.md' contains an unrecognized relative link '../value-creation/', it was left as is. Did you mean '../value-creation/index.md'?
INFO    -  Doc file 'interview-prep/engineering-leadership/level-1-first-principles/systems-thinking/index.md' contains an unrecognized relative link '../decision-making/', it was left as is. Did you mean '../decision-making/index.md'?
INFO    -  Doc file 'interview-prep/engineering-leadership/level-1-first-principles/systems-thinking/index.md' contains an unrecognized relative link '../human-behavior/', it was left as is. Did you mean '../human-behavior/index.md'?
INFO    -  Doc file 'interview-prep/engineering-leadership/level-1-first-principles/systems-thinking/index.md' contains an unrecognized relative link '../integrity-ethics/', it was left as is. Did you mean '../integrity-ethics/index.md'?
INFO    -  Doc file 'interview-prep/engineering-leadership/level-1-first-principles/systems-thinking/index.md' contains an unrecognized relative link '../../level-2-core-business/strategy/', it was left as is. Did you mean '../../level-2-core-business/strategy/index.md'?
INFO    -  Doc file 'interview-prep/engineering-leadership/level-1-first-principles/systems-thinking/index.md' contains an unrecognized relative link '../../level-2-core-business/operations/', it was left as is. Did you mean '../../level-2-core-business/operations/index.md'?
INFO    -  Doc file 'interview-prep/engineering-leadership/level-1-first-principles/systems-thinking/index.md' contains an unrecognized relative link '../../level-2-core-business/risk-governance/', it was left as is. Did you mean '../../level-2-core-business/risk-governance/index.md'?
INFO    -  Doc file 'interview-prep/engineering-leadership/level-1-first-principles/systems-thinking/index.md' contains an unrecognized relative link '../../level-3-applications/organizational-design/', it was left as is. Did you mean '../../level-3-applications/organizational-design/index.md'?
INFO    -  Doc file 'interview-prep/engineering-leadership/level-1-first-principles/systems-thinking/index.md' contains an unrecognized relative link '../../level-3-applications/technical-leadership/', it was left as is. Did you mean '../../level-3-applications/technical-leadership/index.md'?
INFO    -  Doc file 'interview-prep/engineering-leadership/level-1-first-principles/systems-thinking/index.md' contains an unrecognized relative link '../../level-3-applications/business-acumen/', it was left as is. Did you mean '../../level-3-applications/business-acumen/index.md'?
INFO    -  Doc file 'interview-prep/engineering-leadership/level-1-first-principles/systems-thinking/index.md' contains an unrecognized relative link '../../level-4-interview-execution/system-org-design/', it was left as is. Did you mean '../../level-4-interview-execution/system-org-design/index.md'?
INFO    -  Doc file 'interview-prep/engineering-leadership/level-1-first-principles/systems-thinking/index.md' contains an unrecognized relative link '../../level-4-interview-execution/technical-leadership/', it was left as is. Did you mean '../../level-4-interview-execution/technical-leadership/index.md'?
INFO    -  Doc file 'interview-prep/engineering-leadership/level-1-first-principles/systems-thinking/index.md' contains an unrecognized relative link '../integrity-ethics/', it was left as is. Did you mean '../integrity-ethics/index.md'?
INFO    -  Doc file 'interview-prep/engineering-leadership/level-1-first-principles/systems-thinking/index.md' contains an unrecognized relative link '../../level-2-core-business/operations/', it was left as is. Did you mean '../../level-2-core-business/operations/index.md'?
INFO    -  Doc file 'interview-prep/engineering-leadership/level-1-first-principles/value-creation/index.md' contains an unrecognized relative link '../decision-making/', it was left as is. Did you mean '../decision-making/index.md'?
INFO    -  Doc file 'interview-prep/engineering-leadership/level-1-first-principles/value-creation/index.md' contains an unrecognized relative link '../human-behavior/', it was left as is. Did you mean '../human-behavior/index.md'?
INFO    -  Doc file 'interview-prep/engineering-leadership/level-1-first-principles/value-creation/index.md' contains an unrecognized relative link '../systems-thinking/', it was left as is. Did you mean '../systems-thinking/index.md'?
INFO    -  Doc file 'interview-prep/engineering-leadership/level-1-first-principles/value-creation/index.md' contains an unrecognized relative link '../integrity-ethics/', it was left as is. Did you mean '../integrity-ethics/index.md'?
INFO    -  Doc file 'interview-prep/engineering-leadership/level-1-first-principles/value-creation/index.md' contains an unrecognized relative link '../../level-2-core-business/strategy/', it was left as is. Did you mean '../../level-2-core-business/strategy/index.md'?
INFO    -  Doc file 'interview-prep/engineering-leadership/level-1-first-principles/value-creation/index.md' contains an unrecognized relative link '../../level-2-core-business/finance/', it was left as is. Did you mean '../../level-2-core-business/finance/index.md'?
INFO    -  Doc file 'interview-prep/engineering-leadership/level-1-first-principles/value-creation/index.md' contains an unrecognized relative link '../../level-2-core-business/operations/', it was left as is. Did you mean '../../level-2-core-business/operations/index.md'?
INFO    -  Doc file 'interview-prep/engineering-leadership/level-1-first-principles/value-creation/index.md' contains an unrecognized relative link '../../level-3-applications/technical-leadership/', it was left as is. Did you mean '../../level-3-applications/technical-leadership/index.md'?
INFO    -  Doc file 'interview-prep/engineering-leadership/level-1-first-principles/value-creation/index.md' contains an unrecognized relative link '../../level-3-applications/business-acumen/', it was left as is. Did you mean '../../level-3-applications/business-acumen/index.md'?
INFO    -  Doc file 'interview-prep/engineering-leadership/level-1-first-principles/value-creation/index.md' contains an unrecognized relative link '../../level-3-applications/people-management/', it was left as is. Did you mean '../../level-3-applications/people-management/index.md'?
INFO    -  Doc file 'interview-prep/engineering-leadership/level-1-first-principles/value-creation/index.md' contains an unrecognized relative link '../../level-4-interview-execution/behavioral/', it was left as is. Did you mean '../../level-4-interview-execution/behavioral/index.md'?
INFO    -  Doc file 'interview-prep/engineering-leadership/level-1-first-principles/value-creation/index.md' contains an unrecognized relative link '../../level-4-interview-execution/technical-leadership/', it was left as is. Did you mean '../../level-4-interview-execution/technical-leadership/index.md'?
INFO    -  Doc file 'interview-prep/engineering-leadership/level-1-first-principles/value-creation/index.md' contains an unrecognized relative link '../decision-making/', it was left as is. Did you mean '../decision-making/index.md'?
INFO    -  Doc file 'interview-prep/engineering-leadership/level-1-first-principles/value-creation/index.md' contains an unrecognized relative link '../../level-2-core-business/strategy/', it was left as is. Did you mean '../../level-2-core-business/strategy/index.md'?
INFO    -  Doc file 'interview-prep/engineering-leadership/level-2-core-business/index.md' contains an unrecognized relative link 'strategy/', it was left as is. Did you mean 'strategy/index.md'?
INFO    -  Doc file 'interview-prep/engineering-leadership/level-2-core-business/index.md' contains an unrecognized relative link '../level-1-first-principles/value-creation/', it was left as is. Did you mean '../level-1-first-principles/value-creation/index.md'?
INFO    -  Doc file 'interview-prep/engineering-leadership/level-2-core-business/index.md' contains an unrecognized relative link '../level-1-first-principles/systems-thinking/', it was left as is. Did you mean '../level-1-first-principles/systems-thinking/index.md'?
INFO    -  Doc file 'interview-prep/engineering-leadership/level-2-core-business/index.md' contains an unrecognized relative link 'leadership/', it was left as is. Did you mean 'leadership/index.md'?
INFO    -  Doc file 'interview-prep/engineering-leadership/level-2-core-business/index.md' contains an unrecognized relative link '../level-1-first-principles/human-behavior/', it was left as is. Did you mean '../level-1-first-principles/human-behavior/index.md'?
INFO    -  Doc file 'interview-prep/engineering-leadership/level-2-core-business/index.md' contains an unrecognized relative link '../level-1-first-principles/integrity-ethics/', it was left as is. Did you mean '../level-1-first-principles/integrity-ethics/index.md'?
INFO    -  Doc file 'interview-prep/engineering-leadership/level-2-core-business/index.md' contains an unrecognized relative link 'operations/', it was left as is. Did you mean 'operations/index.md'?
INFO    -  Doc file 'interview-prep/engineering-leadership/level-2-core-business/index.md' contains an unrecognized relative link '../level-1-first-principles/value-creation/', it was left as is. Did you mean '../level-1-first-principles/value-creation/index.md'?
INFO    -  Doc file 'interview-prep/engineering-leadership/level-2-core-business/index.md' contains an unrecognized relative link '../level-1-first-principles/systems-thinking/', it was left as is. Did you mean '../level-1-first-principles/systems-thinking/index.md'?
INFO    -  Doc file 'interview-prep/engineering-leadership/level-2-core-business/index.md' contains an unrecognized relative link 'finance/', it was left as is. Did you mean 'finance/index.md'?
INFO    -  Doc file 'interview-prep/engineering-leadership/level-2-core-business/index.md' contains an unrecognized relative link '../level-1-first-principles/value-creation/', it was left as is. Did you mean '../level-1-first-principles/value-creation/index.md'?
INFO    -  Doc file 'interview-prep/engineering-leadership/level-2-core-business/index.md' contains an unrecognized relative link '../level-1-first-principles/decision-making/', it was left as is. Did you mean '../level-1-first-principles/decision-making/index.md'?
INFO    -  Doc file 'interview-prep/engineering-leadership/level-2-core-business/index.md' contains an unrecognized relative link 'risk-governance/', it was left as is. Did you mean 'risk-governance/index.md'?
INFO    -  Doc file 'interview-prep/engineering-leadership/level-2-core-business/index.md' contains an unrecognized relative link '../level-1-first-principles/systems-thinking/', it was left as is. Did you mean '../level-1-first-principles/systems-thinking/index.md'?
INFO    -  Doc file 'interview-prep/engineering-leadership/level-2-core-business/index.md' contains an unrecognized relative link '../level-1-first-principles/integrity-ethics/', it was left as is. Did you mean '../level-1-first-principles/integrity-ethics/index.md'?
INFO    -  Doc file 'interview-prep/engineering-leadership/level-2-core-business/index.md' contains an unrecognized relative link 'finance/', it was left as is. Did you mean 'finance/index.md'?
INFO    -  Doc file 'interview-prep/engineering-leadership/level-2-core-business/index.md' contains an unrecognized relative link 'strategy/', it was left as is. Did you mean 'strategy/index.md'?
INFO    -  Doc file 'interview-prep/engineering-leadership/level-2-core-business/index.md' contains an unrecognized relative link 'leadership/', it was left as is. Did you mean 'leadership/index.md'?
INFO    -  Doc file 'interview-prep/engineering-leadership/level-2-core-business/index.md' contains an unrecognized relative link 'strategy/', it was left as is. Did you mean 'strategy/index.md'?
INFO    -  Doc file 'interview-prep/engineering-leadership/level-2-core-business/index.md' contains an unrecognized relative link 'operations/', it was left as is. Did you mean 'operations/index.md'?
INFO    -  Doc file 'interview-prep/engineering-leadership/level-2-core-business/index.md' contains an unrecognized relative link 'risk-governance/', it was left as is. Did you mean 'risk-governance/index.md'?
INFO    -  Doc file 'interview-prep/engineering-leadership/level-2-core-business/index.md' contains an unrecognized relative link '../level-3-applications/', it was left as is. Did you mean '../level-3-applications/index.md'?
INFO    -  Doc file 'interview-prep/engineering-leadership/level-2-core-business/index.md' contains an unrecognized relative link '../level-1-first-principles/', it was left as is. Did you mean '../level-1-first-principles/index.md'?
INFO    -  Doc file 'interview-prep/engineering-leadership/level-2-core-business/leadership/index.md' contains an unrecognized relative link '../../level-1-first-principles/human-behavior/', it was left as is. Did you mean '../../level-1-first-principles/human-behavior/index.md'?
INFO    -  Doc file 'interview-prep/engineering-leadership/level-2-core-business/leadership/index.md' contains an unrecognized relative link '../../level-1-first-principles/value-creation/', it was left as is. Did you mean '../../level-1-first-principles/value-creation/index.md'?
INFO    -  Doc file 'interview-prep/engineering-leadership/level-2-core-business/leadership/index.md' contains an unrecognized relative link '../../level-1-first-principles/decision-making/', it was left as is. Did you mean '../../level-1-first-principles/decision-making/index.md'?
INFO    -  Doc file 'interview-prep/engineering-leadership/level-2-core-business/leadership/index.md' contains an unrecognized relative link '../../level-1-first-principles/systems-thinking/', it was left as is. Did you mean '../../level-1-first-principles/systems-thinking/index.md'?
INFO    -  Doc file 'interview-prep/engineering-leadership/level-2-core-business/leadership/index.md' contains an unrecognized relative link '../../level-1-first-principles/integrity-ethics/', it was left as is. Did you mean '../../level-1-first-principles/integrity-ethics/index.md'?
INFO    -  Doc file 'interview-prep/engineering-leadership/level-2-core-business/leadership/index.md' contains an unrecognized relative link '../strategy/', it was left as is. Did you mean '../strategy/index.md'?
INFO    -  Doc file 'interview-prep/engineering-leadership/level-2-core-business/leadership/index.md' contains an unrecognized relative link '../operations/', it was left as is. Did you mean '../operations/index.md'?
INFO    -  Doc file 'interview-prep/engineering-leadership/level-2-core-business/leadership/index.md' contains an unrecognized relative link '../finance/', it was left as is. Did you mean '../finance/index.md'?
INFO    -  Doc file 'interview-prep/engineering-leadership/level-2-core-business/leadership/index.md' contains an unrecognized relative link '../risk-governance/', it was left as is. Did you mean '../risk-governance/index.md'?
INFO    -  Doc file 'interview-prep/engineering-leadership/level-2-core-business/leadership/index.md' contains an unrecognized relative link '../../level-3-applications/people-management/', it was left as is. Did you mean '../../level-3-applications/people-management/index.md'?
INFO    -  Doc file 'interview-prep/engineering-leadership/level-2-core-business/leadership/index.md' contains an unrecognized relative link '../../level-3-applications/technical-leadership/', it was left as is. Did you mean '../../level-3-applications/technical-leadership/index.md'?
INFO    -  Doc file 'interview-prep/engineering-leadership/level-2-core-business/leadership/index.md' contains an unrecognized relative link '../../level-3-applications/organizational-design/', it was left as is. Did you mean '../../level-3-applications/organizational-design/index.md'?
INFO    -  Doc file 'interview-prep/engineering-leadership/level-2-core-business/leadership/index.md' contains an unrecognized relative link '../../level-3-applications/business-acumen/', it was left as is. Did you mean '../../level-3-applications/business-acumen/index.md'?
INFO    -  Doc file 'interview-prep/engineering-leadership/level-2-core-business/leadership/index.md' contains an unrecognized relative link '../../level-4-interview-execution/behavioral/', it was left as is. Did you mean '../../level-4-interview-execution/behavioral/index.md'?
INFO    -  Doc file 'interview-prep/engineering-leadership/level-2-core-business/leadership/index.md' contains an unrecognized relative link '../../level-4-interview-execution/culture-values/', it was left as is. Did you mean '../../level-4-interview-execution/culture-values/index.md'?
INFO    -  Doc file 'interview-prep/engineering-leadership/level-2-core-business/leadership/index.md' contains an unrecognized relative link '../../level-4-interview-execution/technical-leadership/', it was left as is. Did you mean '../../level-4-interview-execution/technical-leadership/index.md'?
INFO    -  Doc file 'interview-prep/engineering-leadership/level-2-core-business/leadership/index.md' contains an unrecognized relative link '../operations/', it was left as is. Did you mean '../operations/index.md'?
INFO    -  Doc file 'interview-prep/engineering-leadership/level-2-core-business/leadership/index.md' contains an unrecognized relative link '../../level-3-applications/people-management/', it was left as is. Did you mean '../../level-3-applications/people-management/index.md'?
INFO    -  Doc file 'interview-prep/engineering-leadership/level-2-core-business/operations/index.md' contains an unrecognized relative link '../finance/', it was left as is. Did you mean '../finance/index.md'?
INFO    -  Doc file 'interview-prep/engineering-leadership/level-2-core-business/risk-governance/index.md' contains an unrecognized relative link '../../level-3-applications/', it was left as is. Did you mean '../../level-3-applications/index.md'?
INFO    -  Doc file 'interview-prep/engineering-leadership/level-2-core-business/strategy/index.md' contains an unrecognized relative link '../../level-1-first-principles/value-creation/', it was left as is. Did you mean '../../level-1-first-principles/value-creation/index.md'?
INFO    -  Doc file 'interview-prep/engineering-leadership/level-2-core-business/strategy/index.md' contains an unrecognized relative link '../../level-1-first-principles/decision-making/', it was left as is. Did you mean '../../level-1-first-principles/decision-making/index.md'?
INFO    -  Doc file 'interview-prep/engineering-leadership/level-2-core-business/strategy/index.md' contains an unrecognized relative link '../../level-1-first-principles/systems-thinking/', it was left as is. Did you mean '../../level-1-first-principles/systems-thinking/index.md'?
INFO    -  Doc file 'interview-prep/engineering-leadership/level-2-core-business/strategy/index.md' contains an unrecognized relative link '../../level-1-first-principles/human-behavior/', it was left as is. Did you mean '../../level-1-first-principles/human-behavior/index.md'?
INFO    -  Doc file 'interview-prep/engineering-leadership/level-2-core-business/strategy/index.md' contains an unrecognized relative link '../../level-1-first-principles/integrity-ethics/', it was left as is. Did you mean '../../level-1-first-principles/integrity-ethics/index.md'?
INFO    -  Doc file 'interview-prep/engineering-leadership/level-2-core-business/strategy/index.md' contains an unrecognized relative link '../leadership/', it was left as is. Did you mean '../leadership/index.md'?
INFO    -  Doc file 'interview-prep/engineering-leadership/level-2-core-business/strategy/index.md' contains an unrecognized relative link '../operations/', it was left as is. Did you mean '../operations/index.md'?
INFO    -  Doc file 'interview-prep/engineering-leadership/level-2-core-business/strategy/index.md' contains an unrecognized relative link '../finance/', it was left as is. Did you mean '../finance/index.md'?
INFO    -  Doc file 'interview-prep/engineering-leadership/level-2-core-business/strategy/index.md' contains an unrecognized relative link '../risk-governance/', it was left as is. Did you mean '../risk-governance/index.md'?
INFO    -  Doc file 'interview-prep/engineering-leadership/level-2-core-business/strategy/index.md' contains an unrecognized relative link '../../level-3-applications/technical-leadership/', it was left as is. Did you mean '../../level-3-applications/technical-leadership/index.md'?
INFO    -  Doc file 'interview-prep/engineering-leadership/level-2-core-business/strategy/index.md' contains an unrecognized relative link '../../level-3-applications/organizational-design/', it was left as is. Did you mean '../../level-3-applications/organizational-design/index.md'?
INFO    -  Doc file 'interview-prep/engineering-leadership/level-2-core-business/strategy/index.md' contains an unrecognized relative link '../../level-3-applications/business-acumen/', it was left as is. Did you mean '../../level-3-applications/business-acumen/index.md'?
INFO    -  Doc file 'interview-prep/engineering-leadership/level-2-core-business/strategy/index.md' contains an unrecognized relative link '../../level-3-applications/people-management/', it was left as is. Did you mean '../../level-3-applications/people-management/index.md'?
INFO    -  Doc file 'interview-prep/engineering-leadership/level-2-core-business/strategy/index.md' contains an unrecognized relative link '../../level-4-interview-execution/technical-leadership/', it was left as is. Did you mean '../../level-4-interview-execution/technical-leadership/index.md'?
INFO    -  Doc file 'interview-prep/engineering-leadership/level-2-core-business/strategy/index.md' contains an unrecognized relative link '../../level-4-interview-execution/system-org-design/', it was left as is. Did you mean '../../level-4-interview-execution/system-org-design/index.md'?
INFO    -  Doc file 'interview-prep/engineering-leadership/level-2-core-business/strategy/index.md' contains an unrecognized relative link '../../level-4-interview-execution/behavioral/', it was left as is. Did you mean '../../level-4-interview-execution/behavioral/index.md'?
INFO    -  Doc file 'interview-prep/engineering-leadership/level-2-core-business/strategy/index.md' contains an unrecognized relative link '../leadership/', it was left as is. Did you mean '../leadership/index.md'?
INFO    -  Doc file 'interview-prep/engineering-leadership/level-2-core-business/strategy/index.md' contains an unrecognized relative link '../../level-3-applications/technical-leadership/', it was left as is. Did you mean '../../level-3-applications/technical-leadership/index.md'?
INFO    -  Doc file 'interview-prep/engineering-leadership/level-3-applications/index.md' contains an unrecognized relative link '../level-1-first-principles/', it was left as is. Did you mean '../level-1-first-principles/index.md'?
INFO    -  Doc file 'interview-prep/engineering-leadership/level-3-applications/index.md' contains an unrecognized relative link '../level-1-first-principles/human-behavior/', it was left as is. Did you mean '../level-1-first-principles/human-behavior/index.md'?
INFO    -  Doc file 'interview-prep/engineering-leadership/level-3-applications/index.md' contains an unrecognized relative link '../level-1-first-principles/value-creation/', it was left as is. Did you mean '../level-1-first-principles/value-creation/index.md'?
INFO    -  Doc file 'interview-prep/engineering-leadership/level-3-applications/index.md' contains an unrecognized relative link '../level-1-first-principles/systems-thinking/', it was left as is. Did you mean '../level-1-first-principles/systems-thinking/index.md'?
INFO    -  Doc file 'interview-prep/engineering-leadership/level-3-applications/index.md' contains an unrecognized relative link '../level-2-core-business/', it was left as is. Did you mean '../level-2-core-business/index.md'?
INFO    -  Doc file 'interview-prep/engineering-leadership/level-3-applications/index.md' contains an unrecognized relative link '../level-2-core-business/leadership/', it was left as is. Did you mean '../level-2-core-business/leadership/index.md'?
INFO    -  Doc file 'interview-prep/engineering-leadership/level-3-applications/index.md' contains an unrecognized relative link '../level-2-core-business/strategy/', it was left as is. Did you mean '../level-2-core-business/strategy/index.md'?
INFO    -  Doc file 'interview-prep/engineering-leadership/level-3-applications/index.md' contains an unrecognized relative link '../level-2-core-business/operations/', it was left as is. Did you mean '../level-2-core-business/operations/index.md'?
INFO    -  Doc file 'interview-prep/engineering-leadership/level-3-applications/index.md' contains an unrecognized relative link '../level-2-core-business/finance/', it was left as is. Did you mean '../level-2-core-business/finance/index.md'?
INFO    -  Doc file 'interview-prep/engineering-leadership/level-3-applications/index.md' contains an unrecognized relative link '../practice-scenarios/', it was left as is. Did you mean '../practice-scenarios/index.md'?
INFO    -  Doc file 'interview-prep/engineering-leadership/level-3-applications/index.md' contains an unrecognized relative link '../level-4-interview-execution/', it was left as is. Did you mean '../level-4-interview-execution/index.md'?
INFO    -  Doc file 'interview-prep/engineering-leadership/level-3-applications/index.md' contains an unrecognized relative link '../hard-earned-wisdom/', it was left as is. Did you mean '../hard-earned-wisdom/index.md'?
WARNING -  Doc file 'interview-prep/engineering-leadership/level-3-applications/business-acumen/index.md' contains a link '../../interactive-tools/self-assessment.md#business', but the target 'interview-prep/engineering-leadership/interactive-tools/self-assessment.md' is not found among documentation files.
INFO    -  Doc file 'interview-prep/engineering-leadership/level-3-applications/people-management/index.md' contains an unrecognized relative link '../../level-1-first-principles/human-behavior/', it was left as is. Did you mean '../../level-1-first-principles/human-behavior/index.md'?
INFO    -  Doc file 'interview-prep/engineering-leadership/level-3-applications/people-management/index.md' contains an unrecognized relative link '../../level-1-first-principles/value-creation/', it was left as is. Did you mean '../../level-1-first-principles/value-creation/index.md'?
INFO    -  Doc file 'interview-prep/engineering-leadership/level-3-applications/people-management/index.md' contains an unrecognized relative link '../../level-1-first-principles/integrity-ethics/', it was left as is. Did you mean '../../level-1-first-principles/integrity-ethics/index.md'?
INFO    -  Doc file 'interview-prep/engineering-leadership/level-3-applications/people-management/index.md' contains an unrecognized relative link '../../level-1-first-principles/decision-making/', it was left as is. Did you mean '../../level-1-first-principles/decision-making/index.md'?
INFO    -  Doc file 'interview-prep/engineering-leadership/level-3-applications/people-management/index.md' contains an unrecognized relative link '../../level-1-first-principles/systems-thinking/', it was left as is. Did you mean '../../level-1-first-principles/systems-thinking/index.md'?
INFO    -  Doc file 'interview-prep/engineering-leadership/level-3-applications/people-management/index.md' contains an unrecognized relative link '../../level-2-core-business/leadership/', it was left as is. Did you mean '../../level-2-core-business/leadership/index.md'?
INFO    -  Doc file 'interview-prep/engineering-leadership/level-3-applications/people-management/index.md' contains an unrecognized relative link '../../level-2-core-business/operations/', it was left as is. Did you mean '../../level-2-core-business/operations/index.md'?
INFO    -  Doc file 'interview-prep/engineering-leadership/level-3-applications/people-management/index.md' contains an unrecognized relative link '../../level-2-core-business/strategy/', it was left as is. Did you mean '../../level-2-core-business/strategy/index.md'?
WARNING -  Doc file 'interview-prep/engineering-leadership/level-3-applications/people-management/index.md' contains a link 'communication-relationships.md', but the target 'interview-prep/engineering-leadership/level-3-applications/people-management/communication-relationships.md' is not found among documentation files.
WARNING -  Doc file 'interview-prep/engineering-leadership/level-3-applications/people-management/index.md' contains a link 'templates/one-on-one.md', but the target 'interview-prep/engineering-leadership/level-3-applications/people-management/templates/one-on-one.md' is not found among documentation files.
WARNING -  Doc file 'interview-prep/engineering-leadership/level-3-applications/people-management/index.md' contains a link 'templates/performance-review.md', but the target 'interview-prep/engineering-leadership/level-3-applications/people-management/templates/performance-review.md' is not found among documentation files.
WARNING -  Doc file 'interview-prep/engineering-leadership/level-3-applications/people-management/index.md' contains a link 'templates/career-plan.md', but the target 'interview-prep/engineering-leadership/level-3-applications/people-management/templates/career-plan.md' is not found among documentation files.
WARNING -  Doc file 'interview-prep/engineering-leadership/level-3-applications/people-management/index.md' contains a link 'templates/psychological-safety.md', but the target 'interview-prep/engineering-leadership/level-3-applications/people-management/templates/psychological-safety.md' is not found among documentation files.
WARNING -  Doc file 'interview-prep/engineering-leadership/level-3-applications/people-management/index.md' contains a link 'templates/culture-rituals.md', but the target 'interview-prep/engineering-leadership/level-3-applications/people-management/templates/culture-rituals.md' is not found among documentation files.
WARNING -  Doc file 'interview-prep/engineering-leadership/level-3-applications/people-management/index.md' contains a link 'templates/space-metrics.md', but the target 'interview-prep/engineering-leadership/level-3-applications/people-management/templates/space-metrics.md' is not found among documentation files.
WARNING -  Doc file 'interview-prep/engineering-leadership/level-3-applications/people-management/index.md' contains a link 'best-practices/remote-teams.md', but the target 'interview-prep/engineering-leadership/level-3-applications/people-management/best-practices/remote-teams.md' is not found among documentation files.
WARNING -  Doc file 'interview-prep/engineering-leadership/level-3-applications/people-management/index.md' contains a link 'best-practices/inclusion.md', but the target 'interview-prep/engineering-leadership/level-3-applications/people-management/best-practices/inclusion.md' is not found among documentation files.
WARNING -  Doc file 'interview-prep/engineering-leadership/level-3-applications/people-management/index.md' contains a link 'best-practices/feedback.md', but the target 'interview-prep/engineering-leadership/level-3-applications/people-management/best-practices/feedback.md' is not found among documentation files.
WARNING -  Doc file 'interview-prep/engineering-leadership/level-3-applications/people-management/index.md' contains a link 'best-practices/safe-sharp-culture.md', but the target 'interview-prep/engineering-leadership/level-3-applications/people-management/best-practices/safe-sharp-culture.md' is not found among documentation files.
WARNING -  Doc file 'interview-prep/engineering-leadership/level-3-applications/people-management/index.md' contains a link 'best-practices/burnout-prevention.md', but the target 'interview-prep/engineering-leadership/level-3-applications/people-management/best-practices/burnout-prevention.md' is not found among documentation files.
WARNING -  Doc file 'interview-prep/engineering-leadership/level-3-applications/people-management/index.md' contains a link 'best-practices/space-framework.md', but the target 'interview-prep/engineering-leadership/level-3-applications/people-management/best-practices/space-framework.md' is not found among documentation files.
INFO    -  Doc file 'interview-prep/engineering-leadership/level-3-applications/people-management/index.md' contains an unrecognized relative link '../technical-leadership/', it was left as is. Did you mean '../technical-leadership/index.md'?
INFO    -  Doc file 'interview-prep/engineering-leadership/level-3-applications/people-management/index.md' contains an unrecognized relative link '../organizational-design/', it was left as is. Did you mean '../organizational-design/index.md'?
INFO    -  Doc file 'interview-prep/engineering-leadership/level-3-applications/people-management/index.md' contains an unrecognized relative link '../business-acumen/', it was left as is. Did you mean '../business-acumen/index.md'?
INFO    -  Doc file 'interview-prep/engineering-leadership/level-3-applications/people-management/index.md' contains an unrecognized relative link '../../level-4-interview-execution/behavioral/', it was left as is. Did you mean '../../level-4-interview-execution/behavioral/index.md'?
INFO    -  Doc file 'interview-prep/engineering-leadership/level-3-applications/people-management/index.md' contains an unrecognized relative link '../../level-4-interview-execution/culture-values/', it was left as is. Did you mean '../../level-4-interview-execution/culture-values/index.md'?
INFO    -  Doc file 'interview-prep/engineering-leadership/level-3-applications/people-management/index.md' contains an unrecognized relative link '../../level-4-interview-execution/tools/star-framework/', it was left as is. Did you mean '../../level-4-interview-execution/tools/star-framework/index.md'?
INFO    -  Doc file 'interview-prep/engineering-leadership/level-3-applications/people-management/index.md' contains an unrecognized relative link '../../level-1-first-principles/human-behavior/', it was left as is. Did you mean '../../level-1-first-principles/human-behavior/index.md'?
INFO    -  Doc file 'interview-prep/engineering-leadership/level-3-applications/people-management/index.md' contains an unrecognized relative link '../../level-1-first-principles/value-creation/', it was left as is. Did you mean '../../level-1-first-principles/value-creation/index.md'?
INFO    -  Doc file 'interview-prep/engineering-leadership/level-3-applications/technical-leadership/index.md' contains an unrecognized relative link '../../level-1-first-principles/value-creation/', it was left as is. Did you mean '../../level-1-first-principles/value-creation/index.md'?
INFO    -  Doc file 'interview-prep/engineering-leadership/level-3-applications/technical-leadership/index.md' contains an unrecognized relative link '../../level-1-first-principles/decision-making/', it was left as is. Did you mean '../../level-1-first-principles/decision-making/index.md'?
INFO    -  Doc file 'interview-prep/engineering-leadership/level-3-applications/technical-leadership/index.md' contains an unrecognized relative link '../../level-1-first-principles/systems-thinking/', it was left as is. Did you mean '../../level-1-first-principles/systems-thinking/index.md'?
INFO    -  Doc file 'interview-prep/engineering-leadership/level-3-applications/technical-leadership/index.md' contains an unrecognized relative link '../../level-1-first-principles/integrity-ethics/', it was left as is. Did you mean '../../level-1-first-principles/integrity-ethics/index.md'?
INFO    -  Doc file 'interview-prep/engineering-leadership/level-3-applications/technical-leadership/index.md' contains an unrecognized relative link '../../level-1-first-principles/human-behavior/', it was left as is. Did you mean '../../level-1-first-principles/human-behavior/index.md'?
INFO    -  Doc file 'interview-prep/engineering-leadership/level-3-applications/technical-leadership/index.md' contains an unrecognized relative link '../../level-2-core-business/strategy/', it was left as is. Did you mean '../../level-2-core-business/strategy/index.md'?
INFO    -  Doc file 'interview-prep/engineering-leadership/level-3-applications/technical-leadership/index.md' contains an unrecognized relative link '../../level-2-core-business/operations/', it was left as is. Did you mean '../../level-2-core-business/operations/index.md'?
INFO    -  Doc file 'interview-prep/engineering-leadership/level-3-applications/technical-leadership/index.md' contains an unrecognized relative link '../../level-2-core-business/risk-governance/', it was left as is. Did you mean '../../level-2-core-business/risk-governance/index.md'?
INFO    -  Doc file 'interview-prep/engineering-leadership/level-3-applications/technical-leadership/index.md' contains an unrecognized relative link '../people-management/', it was left as is. Did you mean '../people-management/index.md'?
INFO    -  Doc file 'interview-prep/engineering-leadership/level-3-applications/technical-leadership/index.md' contains an unrecognized relative link '../organizational-design/', it was left as is. Did you mean '../organizational-design/index.md'?
INFO    -  Doc file 'interview-prep/engineering-leadership/level-3-applications/technical-leadership/index.md' contains an unrecognized relative link '../business-acumen/', it was left as is. Did you mean '../business-acumen/index.md'?
INFO    -  Doc file 'interview-prep/engineering-leadership/level-3-applications/technical-leadership/index.md' contains an unrecognized relative link '../../level-4-interview-execution/technical-leadership/', it was left as is. Did you mean '../../level-4-interview-execution/technical-leadership/index.md'?
INFO    -  Doc file 'interview-prep/engineering-leadership/level-3-applications/technical-leadership/index.md' contains an unrecognized relative link '../../level-4-interview-execution/system-org-design/', it was left as is. Did you mean '../../level-4-interview-execution/system-org-design/index.md'?
INFO    -  Doc file 'interview-prep/engineering-leadership/level-3-applications/technical-leadership/index.md' contains an unrecognized relative link '../../level-4-interview-execution/behavioral/', it was left as is. Did you mean '../../level-4-interview-execution/behavioral/index.md'?
INFO    -  Doc file 'interview-prep/engineering-leadership/level-3-applications/technical-leadership/index.md' contains an unrecognized relative link '../../../company-specific/', it was left as is.
INFO    -  Doc file 'interview-prep/engineering-leadership/level-4-interview-execution/index.md' contains an unrecognized relative link '../level-1-first-principles/', it was left as is. Did you mean '../level-1-first-principles/index.md'?
INFO    -  Doc file 'interview-prep/engineering-leadership/level-4-interview-execution/index.md' contains an unrecognized relative link '../level-2-core-business/', it was left as is. Did you mean '../level-2-core-business/index.md'?
INFO    -  Doc file 'interview-prep/engineering-leadership/level-4-interview-execution/index.md' contains an unrecognized relative link '../level-3-applications/', it was left as is. Did you mean '../level-3-applications/index.md'?
INFO    -  Doc file 'interview-prep/engineering-leadership/level-4-interview-execution/index.md' contains an unrecognized relative link 'behavioral/', it was left as is. Did you mean 'behavioral/index.md'?
INFO    -  Doc file 'interview-prep/engineering-leadership/level-4-interview-execution/index.md' contains an unrecognized relative link 'technical-leadership/', it was left as is. Did you mean 'technical-leadership/index.md'?
INFO    -  Doc file 'interview-prep/engineering-leadership/level-4-interview-execution/index.md' contains an unrecognized relative link 'system-org-design/', it was left as is. Did you mean 'system-org-design/index.md'?
INFO    -  Doc file 'interview-prep/engineering-leadership/level-4-interview-execution/index.md' contains an unrecognized relative link 'culture-values/', it was left as is. Did you mean 'culture-values/index.md'?
INFO    -  Doc file 'interview-prep/engineering-leadership/level-4-interview-execution/index.md' contains an unrecognized relative link 'tools/star-framework/', it was left as is. Did you mean 'tools/star-framework/index.md'?
INFO    -  Doc file 'interview-prep/engineering-leadership/level-4-interview-execution/index.md' contains an unrecognized relative link 'tools/story-portfolio/', it was left as is. Did you mean 'tools/story-portfolio/index.md'?
INFO    -  Doc file 'interview-prep/engineering-leadership/level-4-interview-execution/index.md' contains an unrecognized relative link 'tools/principle-hooks/', it was left as is. Did you mean 'tools/principle-hooks/index.md'?
INFO    -  Doc file 'interview-prep/engineering-leadership/level-4-interview-execution/index.md' contains an unrecognized relative link 'tools/interactive/', it was left as is. Did you mean 'tools/interactive/index.md'?
INFO    -  Doc file 'interview-prep/engineering-leadership/level-4-interview-execution/index.md' contains an unrecognized relative link 'tools/interactive/', it was left as is. Did you mean 'tools/interactive/index.md'?
WARNING -  Doc file 'interview-prep/engineering-leadership/level-4-interview-execution/index.md' contains a link '../../company-specific/amazon/index.md', but the target 'interview-prep/company-specific/amazon/index.md' is not found among documentation files.
INFO    -  Doc file 'interview-prep/engineering-leadership/level-4-interview-execution/index.md' contains an unrecognized relative link '../practice-scenarios/', it was left as is. Did you mean '../practice-scenarios/index.md'?
INFO    -  Doc file 'interview-prep/engineering-leadership/level-4-interview-execution/index.md' contains an unrecognized relative link '../hard-earned-wisdom/', it was left as is. Did you mean '../hard-earned-wisdom/index.md'?
WARNING -  Doc file 'interview-prep/engineering-leadership/level-4-interview-execution/index.md' contains a link '../../company-specific/amazon/index.md', but the target 'interview-prep/company-specific/amazon/index.md' is not found among documentation files.
INFO    -  Doc file 'interview-prep/engineering-leadership/level-4-interview-execution/index.md' contains an unrecognized relative link 'tools/star-framework/', it was left as is. Did you mean 'tools/star-framework/index.md'?
INFO    -  Doc file 'interview-prep/engineering-leadership/level-4-interview-execution/index.md' contains an unrecognized relative link 'tools/story-portfolio/', it was left as is. Did you mean 'tools/story-portfolio/index.md'?
INFO    -  Doc file 'interview-prep/engineering-leadership/level-4-interview-execution/index.md' contains an unrecognized relative link 'tools/principle-hooks/', it was left as is. Did you mean 'tools/principle-hooks/index.md'?
INFO    -  Doc file 'interview-prep/engineering-leadership/level-4-interview-execution/index.md' contains an unrecognized relative link 'tools/interactive/', it was left as is. Did you mean 'tools/interactive/index.md'?
INFO    -  Doc file 'interview-prep/engineering-leadership/level-4-interview-execution/behavioral/index.md' contains an unrecognized relative link '../../level-1-first-principles/human-behavior/', it was left as is. Did you mean '../../level-1-first-principles/human-behavior/index.md'?
INFO    -  Doc file 'interview-prep/engineering-leadership/level-4-interview-execution/behavioral/index.md' contains an unrecognized relative link '../../level-1-first-principles/value-creation/', it was left as is. Did you mean '../../level-1-first-principles/value-creation/index.md'?
INFO    -  Doc file 'interview-prep/engineering-leadership/level-4-interview-execution/behavioral/index.md' contains an unrecognized relative link '../../level-1-first-principles/decision-making/', it was left as is. Did you mean '../../level-1-first-principles/decision-making/index.md'?
INFO    -  Doc file 'interview-prep/engineering-leadership/level-4-interview-execution/behavioral/index.md' contains an unrecognized relative link '../../level-1-first-principles/systems-thinking/', it was left as is. Did you mean '../../level-1-first-principles/systems-thinking/index.md'?
INFO    -  Doc file 'interview-prep/engineering-leadership/level-4-interview-execution/behavioral/index.md' contains an unrecognized relative link '../../level-1-first-principles/integrity-ethics/', it was left as is. Did you mean '../../level-1-first-principles/integrity-ethics/index.md'?
INFO    -  Doc file 'interview-prep/engineering-leadership/level-4-interview-execution/behavioral/index.md' contains an unrecognized relative link '../../level-2-core-business/leadership/', it was left as is. Did you mean '../../level-2-core-business/leadership/index.md'?
INFO    -  Doc file 'interview-prep/engineering-leadership/level-4-interview-execution/behavioral/index.md' contains an unrecognized relative link '../../level-2-core-business/strategy/', it was left as is. Did you mean '../../level-2-core-business/strategy/index.md'?
INFO    -  Doc file 'interview-prep/engineering-leadership/level-4-interview-execution/behavioral/index.md' contains an unrecognized relative link '../../level-2-core-business/operations/', it was left as is. Did you mean '../../level-2-core-business/operations/index.md'?
INFO    -  Doc file 'interview-prep/engineering-leadership/level-4-interview-execution/behavioral/index.md' contains an unrecognized relative link '../../level-3-applications/people-management/', it was left as is. Did you mean '../../level-3-applications/people-management/index.md'?
INFO    -  Doc file 'interview-prep/engineering-leadership/level-4-interview-execution/behavioral/index.md' contains an unrecognized relative link '../../level-3-applications/technical-leadership/', it was left as is. Did you mean '../../level-3-applications/technical-leadership/index.md'?
INFO    -  Doc file 'interview-prep/engineering-leadership/level-4-interview-execution/behavioral/index.md' contains an unrecognized relative link '../../level-3-applications/organizational-design/', it was left as is. Did you mean '../../level-3-applications/organizational-design/index.md'?
INFO    -  Doc file 'interview-prep/engineering-leadership/level-4-interview-execution/behavioral/index.md' contains an unrecognized relative link '../../level-3-applications/business-acumen/', it was left as is. Did you mean '../../level-3-applications/business-acumen/index.md'?
INFO    -  Doc file 'interview-prep/engineering-leadership/level-4-interview-execution/behavioral/index.md' contains an unrecognized relative link '../../practice-scenarios/', it was left as is. Did you mean '../../practice-scenarios/index.md'?
INFO    -  Doc file 'interview-prep/engineering-leadership/level-4-interview-execution/behavioral/index.md' contains an unrecognized relative link '../tools/story-portfolio/', it was left as is. Did you mean '../tools/story-portfolio/index.md'?
INFO    -  Doc file 'interview-prep/engineering-leadership/level-4-interview-execution/behavioral/index.md' contains an unrecognized relative link '../tools/star-framework/', it was left as is. Did you mean '../tools/star-framework/index.md'?
INFO    -  Doc file 'interview-prep/engineering-leadership/level-4-interview-execution/behavioral/index.md' contains an unrecognized relative link '../tools/principle-hooks/', it was left as is. Did you mean '../tools/principle-hooks/index.md'?
INFO    -  Doc file 'interview-prep/engineering-leadership/level-4-interview-execution/culture-values/index.md' contains an unrecognized relative link '../tools/principle-hooks/', it was left as is. Did you mean '../tools/principle-hooks/index.md'?
INFO    -  Doc file 'interview-prep/engineering-leadership/level-4-interview-execution/system-org-design/index.md' contains an unrecognized relative link '../../../company-specific/', it was left as is.
INFO    -  Doc file 'interview-prep/engineering-leadership/level-4-interview-execution/system-org-design/index.md' contains an unrecognized relative link '../tools/interactive/', it was left as is. Did you mean '../tools/interactive/index.md'?
INFO    -  Doc file 'interview-prep/engineering-leadership/level-4-interview-execution/technical-leadership/index.md' contains an unrecognized relative link '../system-org-design/', it was left as is. Did you mean '../system-org-design/index.md'?
INFO    -  Doc file 'interview-prep/engineering-leadership/level-4-interview-execution/technical-leadership/index.md' contains an unrecognized relative link '../tools/interactive/', it was left as is. Did you mean '../tools/interactive/index.md'?
INFO    -  Doc file 'interview-prep/engineering-leadership/level-4-interview-execution/tools/index.md' contains an unrecognized relative link 'star-framework/', it was left as is. Did you mean 'star-framework/index.md'?
INFO    -  Doc file 'interview-prep/engineering-leadership/level-4-interview-execution/tools/index.md' contains an unrecognized relative link 'story-portfolio/', it was left as is. Did you mean 'story-portfolio/index.md'?
INFO    -  Doc file 'interview-prep/engineering-leadership/level-4-interview-execution/tools/index.md' contains an unrecognized relative link 'principle-hooks/', it was left as is. Did you mean 'principle-hooks/index.md'?
INFO    -  Doc file 'interview-prep/engineering-leadership/level-4-interview-execution/tools/index.md' contains an unrecognized relative link 'interactive/', it was left as is. Did you mean 'interactive/index.md'?
INFO    -  Doc file 'interview-prep/engineering-leadership/level-4-interview-execution/tools/index.md' contains an unrecognized relative link 'story-portfolio/', it was left as is. Did you mean 'story-portfolio/index.md'?
INFO    -  Doc file 'interview-prep/engineering-leadership/level-4-interview-execution/tools/index.md' contains an unrecognized relative link 'star-framework/', it was left as is. Did you mean 'star-framework/index.md'?
INFO    -  Doc file 'interview-prep/engineering-leadership/level-4-interview-execution/tools/index.md' contains an unrecognized relative link 'principle-hooks/', it was left as is. Did you mean 'principle-hooks/index.md'?
INFO    -  Doc file 'interview-prep/engineering-leadership/level-4-interview-execution/tools/index.md' contains an unrecognized relative link 'story-portfolio/', it was left as is. Did you mean 'story-portfolio/index.md'?
INFO    -  Doc file 'interview-prep/engineering-leadership/level-4-interview-execution/tools/index.md' contains an unrecognized relative link 'star-framework/', it was left as is. Did you mean 'star-framework/index.md'?
INFO    -  Doc file 'interview-prep/engineering-leadership/level-4-interview-execution/tools/index.md' contains an unrecognized relative link 'story-portfolio/', it was left as is. Did you mean 'story-portfolio/index.md'?
INFO    -  Doc file 'interview-prep/engineering-leadership/level-4-interview-execution/tools/principle-hooks/index.md' contains an unrecognized relative link '../story-portfolio/', it was left as is. Did you mean '../story-portfolio/index.md'?
INFO    -  Doc file 'interview-prep/engineering-leadership/level-4-interview-execution/tools/star-framework/index.md' contains an unrecognized relative link '../story-portfolio/', it was left as is. Did you mean '../story-portfolio/index.md'?
INFO    -  Doc file 'interview-prep/engineering-leadership/level-4-interview-execution/tools/star-framework/index.md' contains an unrecognized relative link '../../practice-scenarios/', it was left as is.
WARNING -  Doc file 'interview-prep/engineering-leadership/level-4-interview-execution/tools/story-portfolio/index.md' contains a link './story-mining-worksheet.md', but the target 'interview-prep/engineering-leadership/level-4-interview-execution/tools/story-portfolio/story-mining-worksheet.md' is not found among documentation files.
WARNING -  Doc file 'interview-prep/engineering-leadership/level-4-interview-execution/tools/story-portfolio/index.md' contains a link './portfolio-tracker.md', but the target 'interview-prep/engineering-leadership/level-4-interview-execution/tools/story-portfolio/portfolio-tracker.md' is not found among documentation files.
INFO    -  Doc file 'interview-prep/engineering-leadership/practice-scenarios/index.md' contains an unrecognized relative link '../level-4-interview-execution/tools/star-framework/', it was left as is. Did you mean '../level-4-interview-execution/tools/star-framework/index.md'?
INFO    -  Doc file 'interview-prep/engineering-leadership/practice-scenarios/index.md' contains an unrecognized relative link '../level-4-interview-execution/tools/story-portfolio/', it was left as is. Did you mean '../level-4-interview-execution/tools/story-portfolio/index.md'?
INFO    -  Doc file 'interview-prep/engineering-leadership/practice-scenarios/index.md' contains an unrecognized relative link '../level-1-first-principles/', it was left as is. Did you mean '../level-1-first-principles/index.md'?
INFO    -  Doc file 'interview-prep/engineering-leadership/practice-scenarios/index.md' contains an unrecognized relative link '../level-4-interview-execution/tools/mock-interview-guide/', it was left as is. Did you mean '../level-4-interview-execution/tools/mock-interview-guide.md'?
INFO    -  Doc file 'interview-prep/ic-interviews/index.md' contains an unrecognized relative link 'behavioral/', it was left as is. Did you mean 'behavioral/index.md'?
INFO    -  Doc file 'interview-prep/ic-interviews/index.md' contains an unrecognized relative link 'frameworks/', it was left as is. Did you mean 'frameworks/index.md'?
INFO    -  Doc file 'interview-prep/ic-interviews/index.md' contains an unrecognized relative link 'common-problems/', it was left as is. Did you mean 'common-problems/index.md'?
INFO    -  Doc file 'interview-prep/ic-interviews/index.md' contains an unrecognized relative link 'cheatsheets/', it was left as is. Did you mean 'cheatsheets/index.md'?
INFO    -  Doc file 'interview-prep/ic-interviews/index.md' contains an unrecognized relative link 'behavioral/', it was left as is. Did you mean 'behavioral/index.md'?
INFO    -  Doc file 'interview-prep/ic-interviews/index.md' contains an unrecognized relative link 'behavioral/#common-ic-behavioral-mistakes', it was left as is. Did you mean 'behavioral/index.md#common-ic-behavioral-mistakes'?
INFO    -  Doc file 'interview-prep/ic-interviews/index.md' contains an unrecognized relative link 'frameworks/', it was left as is. Did you mean 'frameworks/index.md'?
INFO    -  Doc file 'interview-prep/ic-interviews/index.md' contains an unrecognized relative link 'common-problems/', it was left as is. Did you mean 'common-problems/index.md'?
INFO    -  Doc file 'interview-prep/ic-interviews/index.md' contains an unrecognized relative link 'cheatsheets/', it was left as is. Did you mean 'cheatsheets/index.md'?
INFO    -  Doc file 'interview-prep/ic-interviews/index.md' contains an unrecognized relative link '../engineering-leadership/', it was left as is. Did you mean '../engineering-leadership/index.md'?
INFO    -  Doc file 'interview-prep/ic-interviews/behavioral/index.md' contains an unrecognized relative link 'scenarios/', it was left as is. Did you mean 'scenarios.md'?
INFO    -  Doc file 'interview-prep/ic-interviews/behavioral/index.md' contains an unrecognized relative link 'by-level/', it was left as is. Did you mean 'by-level.md'?
INFO    -  Doc file 'interview-prep/ic-interviews/behavioral/index.md' contains an unrecognized relative link '../', it was left as is. Did you mean '../index.md'?
INFO    -  Doc file 'interview-prep/ic-interviews/behavioral/by-level.md' contains an unrecognized relative link 'scenarios/', it was left as is. Did you mean 'scenarios.md'?
INFO    -  Doc file 'interview-prep/ic-interviews/behavioral/by-level.md' contains an unrecognized relative link 'index/', it was left as is. Did you mean 'index.md'?
INFO    -  Doc file 'interview-prep/ic-interviews/behavioral/by-level.md' contains an unrecognized relative link '../', it was left as is. Did you mean '../index.md'?
INFO    -  Doc file 'interview-prep/ic-interviews/behavioral/scenarios.md' contains an unrecognized relative link 'by-level/', it was left as is. Did you mean 'by-level.md'?
INFO    -  Doc file 'interview-prep/ic-interviews/behavioral/scenarios.md' contains an unrecognized relative link 'index/', it was left as is. Did you mean 'index.md'?
INFO    -  Doc file 'interview-prep/ic-interviews/behavioral/scenarios.md' contains an unrecognized relative link '../', it was left as is. Did you mean '../index.md'?
INFO    -  Doc file 'interview-prep/ic-interviews/common-problems/index.md' contains an unrecognized relative link '../frameworks/', it was left as is. Did you mean '../frameworks/index.md'?
INFO    -  Doc file 'interview-prep/ic-interviews/common-problems/index.md' contains an unrecognized relative link '../pattern-library/', it was left as is.
INFO    -  Doc file 'interview-prep/ic-interviews/common-problems/index.md' contains an unrecognized relative link '../cheatsheets/', it was left as is. Did you mean '../cheatsheets/index.md'?
INFO    -  Doc file 'pattern-library/index.md' contains an unrecognized relative link 'communication/', it was left as is. Did you mean 'communication/index.md'?
INFO    -  Doc file 'pattern-library/index.md' contains an unrecognized relative link 'resilience/', it was left as is. Did you mean 'resilience/index.md'?
INFO    -  Doc file 'pattern-library/index.md' contains an unrecognized relative link 'data-management/', it was left as is. Did you mean 'data-management/index.md'?
INFO    -  Doc file 'pattern-library/index.md' contains an unrecognized relative link 'scaling/', it was left as is. Did you mean 'scaling/index.md'?
INFO    -  Doc file 'pattern-library/index.md' contains an unrecognized relative link 'architecture/', it was left as is. Did you mean 'architecture/index.md'?
INFO    -  Doc file 'pattern-library/index.md' contains an unrecognized relative link 'coordination/', it was left as is. Did you mean 'coordination/index.md'?
INFO    -  Doc file 'pattern-library/pattern-implementation-roadmap.md' contains an unrecognized relative link '../resilience/health-check/', it was left as is. Did you mean 'resilience/health-check.md'?
INFO    -  Doc file 'pattern-library/pattern-implementation-roadmap.md' contains an unrecognized relative link '../scaling/load-balancing/', it was left as is. Did you mean 'scaling/load-balancing.md'?
INFO    -  Doc file 'pattern-library/pattern-implementation-roadmap.md' contains an unrecognized relative link '../scaling/caching-strategies/', it was left as is. Did you mean 'scaling/caching-strategies.md'?
INFO    -  Doc file 'pattern-library/pattern-implementation-roadmap.md' contains an unrecognized relative link '../resilience/circuit-breaker/', it was left as is. Did you mean 'resilience/circuit-breaker.md'?
INFO    -  Doc file 'pattern-library/pattern-implementation-roadmap.md' contains an unrecognized relative link '../resilience/retry-backoff/', it was left as is. Did you mean 'resilience/retry-backoff.md'?
INFO    -  Doc file 'pattern-library/pattern-implementation-roadmap.md' contains an unrecognized relative link '../resilience/timeout/', it was left as is. Did you mean 'resilience/timeout.md'?
INFO    -  Doc file 'pattern-library/pattern-implementation-roadmap.md' contains an unrecognized relative link '../scaling/auto-scaling/', it was left as is. Did you mean 'scaling/auto-scaling.md'?
INFO    -  Doc file 'pattern-library/pattern-implementation-roadmap.md' contains an unrecognized relative link '../scaling/sharding/', it was left as is. Did you mean 'scaling/sharding.md'?
INFO    -  Doc file 'pattern-library/pattern-implementation-roadmap.md' contains an unrecognized relative link '../architecture/event-driven/', it was left as is. Did you mean 'architecture/event-driven.md'?
WARNING -  Doc file 'pattern-library/pattern-implementation-roadmap.md' contains a link 'roadmaps/startup-roadmap.xlsx', but the target 'pattern-library/roadmaps/startup-roadmap.xlsx' is not found among documentation files.
WARNING -  Doc file 'pattern-library/pattern-implementation-roadmap.md' contains a link 'roadmaps/scale-roadmap.xlsx', but the target 'pattern-library/roadmaps/scale-roadmap.xlsx' is not found among documentation files.
WARNING -  Doc file 'pattern-library/pattern-implementation-roadmap.md' contains a link 'roadmaps/enterprise-roadmap.xlsx', but the target 'pattern-library/roadmaps/enterprise-roadmap.xlsx' is not found among documentation files.
WARNING -  Doc file 'pattern-library/pattern-implementation-roadmap.md' contains a link 'roadmaps/migration-roadmap.xlsx', but the target 'pattern-library/roadmaps/migration-roadmap.xlsx' is not found among documentation files.
WARNING -  Doc file 'pattern-library/pattern-migration-guides.md' contains a link 'playbooks/monolith-microservices.pdf', but the target 'pattern-library/playbooks/monolith-microservices.pdf' is not found among documentation files.
WARNING -  Doc file 'pattern-library/pattern-migration-guides.md' contains a link 'playbooks/sync-async.pdf', but the target 'pattern-library/playbooks/sync-async.pdf' is not found among documentation files.
WARNING -  Doc file 'pattern-library/pattern-migration-guides.md' contains a link 'playbooks/database-split.pdf', but the target 'pattern-library/playbooks/database-split.pdf' is not found among documentation files.
WARNING -  Doc file 'pattern-library/pattern-migration-guides.md' contains a link 'playbooks/legacy-sunset.pdf', but the target 'pattern-library/playbooks/legacy-sunset.pdf' is not found among documentation files.
WARNING -  Doc file 'pattern-library/pattern-template-v2.md' contains a link '../category/pattern1.md', but the target 'category/pattern1.md' is not found among documentation files.
WARNING -  Doc file 'pattern-library/pattern-template-v2.md' contains a link '../category/pattern2.md', but the target 'category/pattern2.md' is not found among documentation files.
WARNING -  Doc file 'pattern-library/pattern-template-v2.md' contains a link '../category/pattern3.md', but the target 'category/pattern3.md' is not found among documentation files.
INFO    -  Doc file 'pattern-library/pattern-template-v2.md' contains an unrecognized relative link '../../part1-axioms/law1/', it was left as is.
INFO    -  Doc file 'pattern-library/pattern-template-v2.md' contains an unrecognized relative link '../../part1-axioms/law2/', it was left as is.
INFO    -  Doc file 'pattern-library/pattern-template-v2.md' contains an unrecognized relative link '../../part2-pillars/pillar1/', it was left as is.
INFO    -  Doc file 'pattern-library/pattern-template-v2.md' contains an unrecognized relative link '../../part2-pillars/pillar2/', it was left as is.
WARNING -  Doc file 'pattern-library/pattern-template-v2.md' contains a link '../../excellence/guides/pattern-setup.md', but the target '../excellence/guides/pattern-setup.md' is not found among documentation files.
WARNING -  Doc file 'pattern-library/pattern-template-v2.md' contains a link '../../excellence/guides/pattern-testing.md', but the target '../excellence/guides/pattern-testing.md' is not found among documentation files.
WARNING -  Doc file 'pattern-library/pattern-template-v2.md' contains a link '../../excellence/migrations/to-pattern.md', but the target '../excellence/migrations/to-pattern.md' is not found among documentation files.
WARNING -  Doc file 'pattern-library/architecture/index.md' contains a link 'architecture/event-driven.md', but the target 'pattern-library/architecture/architecture/event-driven.md' is not found among documentation files.
WARNING -  Doc file 'pattern-library/architecture/index.md' contains a link 'architecture/sidecar.md', but the target 'pattern-library/architecture/architecture/sidecar.md' is not found among documentation files.
INFO    -  Doc file 'pattern-library/architecture/index.md' contains an unrecognized relative link '../', it was left as is. Did you mean '../index.md'?
WARNING -  Doc file 'pattern-library/architecture/anti-corruption-layer.md' contains a link 'architecture/sidecar.md', but the target 'pattern-library/architecture/architecture/sidecar.md' is not found among documentation files.
WARNING -  Doc file 'pattern-library/architecture/cap-theorem.md' contains a link 'tunable-consistency.md', but the target 'pattern-library/architecture/tunable-consistency.md' is not found among documentation files.
WARNING -  Doc file 'pattern-library/architecture/cap-theorem.md' contains a link 'coordination/consensus.md', but the target 'pattern-library/architecture/coordination/consensus.md' is not found among documentation files.
WARNING -  Doc file 'pattern-library/architecture/cap-theorem.md' contains a link 'multi-region.md', but the target 'pattern-library/architecture/multi-region.md' is not found among documentation files.
INFO    -  Doc file 'pattern-library/architecture/cap-theorem.md' contains an unrecognized relative link '../../part1-axioms/law2/', it was left as is.
INFO    -  Doc file 'pattern-library/architecture/cap-theorem.md' contains an unrecognized relative link '../../part1-axioms/law3/', it was left as is.
INFO    -  Doc file 'pattern-library/architecture/cap-theorem.md' contains an unrecognized relative link '../../part2-pillars/state/', it was left as is.
INFO    -  Doc file 'pattern-library/architecture/cap-theorem.md' contains an unrecognized relative link '../../part2-pillars/truth/', it was left as is.
WARNING -  Doc file 'pattern-library/architecture/cap-theorem.md' contains a link '../../excellence/guides/pacelc-analysis.md', but the target 'excellence/guides/pacelc-analysis.md' is not found among documentation files.
WARNING -  Doc file 'pattern-library/architecture/cap-theorem.md' contains a link '../../excellence/guides/tunable-consistency.md', but the target 'excellence/guides/tunable-consistency.md' is not found among documentation files.
WARNING -  Doc file 'pattern-library/architecture/cap-theorem.md' contains a link '../../excellence/guides/crdt-setup.md', but the target 'excellence/guides/crdt-setup.md' is not found among documentation files.
WARNING -  Doc file 'pattern-library/architecture/cell-based.md' contains a link 'communication/service-mesh.md', but the target 'pattern-library/architecture/communication/service-mesh.md' is not found among documentation files.
WARNING -  Doc file 'pattern-library/architecture/choreography.md' contains a link '../coordination/saga.md', but the target 'pattern-library/coordination/saga.md' is not found among documentation files.
INFO    -  Doc file 'pattern-library/architecture/choreography.md' contains an unrecognized relative link '../../part1-axioms/law2/', it was left as is.
INFO    -  Doc file 'pattern-library/architecture/choreography.md' contains an unrecognized relative link '../../part1-axioms/law3/', it was left as is.
INFO    -  Doc file 'pattern-library/architecture/choreography.md' contains an unrecognized relative link '../../part2-pillars/control/', it was left as is.
INFO    -  Doc file 'pattern-library/architecture/choreography.md' contains an unrecognized relative link '../../part2-pillars/intelligence/', it was left as is.
WARNING -  Doc file 'pattern-library/architecture/choreography.md' contains a link '../../excellence/migrations/choreography-to-streaming.md', but the target 'excellence/migrations/choreography-to-streaming.md' is not found among documentation files.
WARNING -  Doc file 'pattern-library/architecture/choreography.md' contains a link '../../excellence/migrations/choreography-to-saga.md', but the target 'excellence/migrations/choreography-to-saga.md' is not found among documentation files.
WARNING -  Doc file 'pattern-library/architecture/choreography.md' contains a link '../../excellence/guides/event-bus-setup.md', but the target 'excellence/guides/event-bus-setup.md' is not found among documentation files.
WARNING -  Doc file 'pattern-library/architecture/event-driven.md' contains a link 'scaling/edge-computing.md', but the target 'pattern-library/architecture/scaling/edge-computing.md' is not found among documentation files.
WARNING -  Doc file 'pattern-library/architecture/event-driven.md' contains a link 'data-management/event-sourcing.md', but the target 'pattern-library/architecture/data-management/event-sourcing.md' is not found among documentation files.
WARNING -  Doc file 'pattern-library/architecture/event-streaming.md' contains a link 'architecture/event-driven.md', but the target 'pattern-library/architecture/architecture/event-driven.md' is not found among documentation files.
INFO    -  Doc file 'pattern-library/architecture/event-streaming.md' contains an unrecognized relative link '../../part1-axioms/law2/', it was left as is.
INFO    -  Doc file 'pattern-library/architecture/event-streaming.md' contains an unrecognized relative link '../../part1-axioms/law3/', it was left as is.
INFO    -  Doc file 'pattern-library/architecture/event-streaming.md' contains an unrecognized relative link '../../part2-pillars/work/', it was left as is.
INFO    -  Doc file 'pattern-library/architecture/event-streaming.md' contains an unrecognized relative link '../../part2-pillars/state/', it was left as is.
WARNING -  Doc file 'pattern-library/architecture/event-streaming.md' contains a link '../../excellence/guides/kafka-setup.md', but the target 'excellence/guides/kafka-setup.md' is not found among documentation files.
WARNING -  Doc file 'pattern-library/architecture/event-streaming.md' contains a link '../../excellence/guides/flink-best-practices.md', but the target 'excellence/guides/flink-best-practices.md' is not found among documentation files.
WARNING -  Doc file 'pattern-library/architecture/event-streaming.md' contains a link '../../excellence/guides/stream-testing.md', but the target 'excellence/guides/stream-testing.md' is not found among documentation files.
WARNING -  Doc file 'pattern-library/architecture/graphql-federation.md' contains a link '../architecture/api-gateway.md', but the target 'pattern-library/architecture/api-gateway.md' is not found among documentation files.
WARNING -  Doc file 'pattern-library/architecture/graphql-federation.md' contains a link '../architecture/service-mesh.md', but the target 'pattern-library/architecture/service-mesh.md' is not found among documentation files.
WARNING -  Doc file 'pattern-library/architecture/graphql-federation.md' contains a link '../architecture/cqrs.md', but the target 'pattern-library/architecture/cqrs.md' is not found among documentation files.
WARNING -  Doc file 'pattern-library/architecture/graphql-federation.md' contains a link '../architecture/event-sourcing.md', but the target 'pattern-library/architecture/event-sourcing.md' is not found among documentation files.
WARNING -  Doc file 'pattern-library/architecture/graphql-federation.md' contains a link '../architecture/bff.md', but the target 'pattern-library/architecture/bff.md' is not found among documentation files.
WARNING -  Doc file 'pattern-library/architecture/graphql-federation.md' contains a link '../architecture/api-gateway.md', but the target 'pattern-library/architecture/api-gateway.md' is not found among documentation files.
WARNING -  Doc file 'pattern-library/architecture/serverless-faas.md' contains a link 'data-management/saga.md', but the target 'pattern-library/architecture/data-management/saga.md' is not found among documentation files.
WARNING -  Doc file 'pattern-library/architecture/serverless-faas.md' contains a link 'communication/service-discovery.md', but the target 'pattern-library/architecture/communication/service-discovery.md' is not found among documentation files.
WARNING -  Doc file 'pattern-library/architecture/shared-nothing.md' contains a link 'scaling/sharding.md', but the target 'pattern-library/architecture/scaling/sharding.md' is not found among documentation files.
WARNING -  Doc file 'pattern-library/architecture/shared-nothing.md' contains a link 'data-management/consistent-hashing.md', but the target 'pattern-library/architecture/data-management/consistent-hashing.md' is not found among documentation files.
WARNING -  Doc file 'pattern-library/architecture/shared-nothing.md' contains a link 'communication/service-mesh.md', but the target 'pattern-library/architecture/communication/service-mesh.md' is not found among documentation files.
WARNING -  Doc file 'pattern-library/architecture/shared-nothing.md' contains a link 'resilience/bulkhead.md', but the target 'pattern-library/architecture/resilience/bulkhead.md' is not found among documentation files.
WARNING -  Doc file 'pattern-library/architecture/sidecar.md' contains a link '../architecture/service-mesh.md', but the target 'pattern-library/architecture/service-mesh.md' is not found among documentation files.
WARNING -  Doc file 'pattern-library/architecture/sidecar.md' contains a link '../architecture/api-gateway.md', but the target 'pattern-library/architecture/api-gateway.md' is not found among documentation files.
WARNING -  Doc file 'pattern-library/architecture/strangler-fig.md' contains a link 'communication/api-gateway.md', but the target 'pattern-library/architecture/communication/api-gateway.md' is not found among documentation files.
WARNING -  Doc file 'pattern-library/architecture/strangler-fig.md' contains a link 'communication/service-mesh.md', but the target 'pattern-library/architecture/communication/service-mesh.md' is not found among documentation files.
WARNING -  Doc file 'pattern-library/architecture/strangler-fig.md' contains a link 'data-management/event-sourcing.md', but the target 'pattern-library/architecture/data-management/event-sourcing.md' is not found among documentation files.
WARNING -  Doc file 'pattern-library/architecture/strangler-fig.md' contains a link 'resilience/circuit-breaker.md', but the target 'pattern-library/architecture/resilience/circuit-breaker.md' is not found among documentation files.
WARNING -  Doc file 'pattern-library/architecture/valet-key.md' contains a link '../pattern-library/communication/api-gateway.md', but the target 'pattern-library/pattern-library/communication/api-gateway.md' is not found among documentation files.
WARNING -  Doc file 'pattern-library/architecture/valet-key.md' contains a link '../pattern-library/resilience/circuit-breaker.md', but the target 'pattern-library/pattern-library/resilience/circuit-breaker.md' is not found among documentation files.
WARNING -  Doc file 'pattern-library/architecture/valet-key.md' contains a link '../pattern-library/scaling/rate-limiting.md', but the target 'pattern-library/pattern-library/scaling/rate-limiting.md' is not found among documentation files.
INFO    -  Doc file 'pattern-library/architecture/valet-key.md' contains an unrecognized relative link 'part1-axioms/law7-economics/index', it was left as is.
INFO    -  Doc file 'pattern-library/architecture/valet-key.md' contains an unrecognized relative link 'part2-pillars/control/index', it was left as is.
WARNING -  Doc file 'pattern-library/architecture/valet-key.md' contains a link '../pattern-library/scaling/edge-computing.md', but the target 'pattern-library/pattern-library/scaling/edge-computing.md' is not found among documentation files.
WARNING -  Doc file 'pattern-library/architecture/valet-key.md' contains a link '../pattern-library/distributed-storage.md#encryption', but the target 'pattern-library/pattern-library/distributed-storage.md' is not found among documentation files.
WARNING -  Doc file 'pattern-library/communication/index.md' contains a link 'communication/publish-subscribe.md', but the target 'pattern-library/communication/communication/publish-subscribe.md' is not found among documentation files.
WARNING -  Doc file 'pattern-library/communication/index.md' contains a link 'communication/websocket.md', but the target 'pattern-library/communication/communication/websocket.md' is not found among documentation files.
WARNING -  Doc file 'pattern-library/communication/index.md' contains a link 'communication/service-discovery.md', but the target 'pattern-library/communication/communication/service-discovery.md' is not found among documentation files.
WARNING -  Doc file 'pattern-library/communication/index.md' contains a link 'communication/api-gateway.md', but the target 'pattern-library/communication/communication/api-gateway.md' is not found among documentation files.
WARNING -  Doc file 'pattern-library/communication/index.md' contains a link 'communication/service-mesh.md', but the target 'pattern-library/communication/communication/service-mesh.md' is not found among documentation files.
WARNING -  Doc file 'pattern-library/communication/index.md' contains a link 'communication/publish-subscribe.md', but the target 'pattern-library/communication/communication/publish-subscribe.md' is not found among documentation files.
WARNING -  Doc file 'pattern-library/communication/index.md' contains a link 'communication/websocket.md', but the target 'pattern-library/communication/communication/websocket.md' is not found among documentation files.
WARNING -  Doc file 'pattern-library/communication/index.md' contains a link 'communication/api-gateway.md', but the target 'pattern-library/communication/communication/api-gateway.md' is not found among documentation files.
WARNING -  Doc file 'pattern-library/communication/index.md' contains a link 'communication/service-mesh.md', but the target 'pattern-library/communication/communication/service-mesh.md' is not found among documentation files.
WARNING -  Doc file 'pattern-library/communication/index.md' contains a link 'communication/service-discovery.md', but the target 'pattern-library/communication/communication/service-discovery.md' is not found among documentation files.
INFO    -  Doc file 'pattern-library/communication/index.md' contains an unrecognized relative link '../', it was left as is. Did you mean '../index.md'?
WARNING -  Doc file 'pattern-library/communication/api-gateway.md' contains a link 'communication/service-mesh.md', but the target 'pattern-library/communication/communication/service-mesh.md' is not found among documentation files.
WARNING -  Doc file 'pattern-library/communication/grpc.md' contains a link 'communication/websocket.md', but the target 'pattern-library/communication/communication/websocket.md' is not found among documentation files.
WARNING -  Doc file 'pattern-library/communication/request-reply.md' contains a link 'communication/websocket.md', but the target 'pattern-library/communication/communication/websocket.md' is not found among documentation files.
WARNING -  Doc file 'pattern-library/communication/request-reply.md' contains a link 'communication/publish-subscribe.md', but the target 'pattern-library/communication/communication/publish-subscribe.md' is not found among documentation files.
WARNING -  Doc file 'pattern-library/communication/service-discovery.md' contains a link 'communication/service-mesh.md', but the target 'pattern-library/communication/communication/service-mesh.md' is not found among documentation files.
WARNING -  Doc file 'pattern-library/communication/service-discovery.md' contains a link '../observability/health-check.md', but the target 'pattern-library/observability/health-check.md' is not found among documentation files.
WARNING -  Doc file 'pattern-library/communication/service-discovery.md' contains a link 'communication/api-gateway.md', but the target 'pattern-library/communication/communication/api-gateway.md' is not found among documentation files.
WARNING -  Doc file 'pattern-library/communication/service-discovery.md' contains a link '../architecture/configuration-management.md', but the target 'pattern-library/architecture/configuration-management.md' is not found among documentation files.
WARNING -  Doc file 'pattern-library/communication/service-discovery.md' contains a link 'communication/publish-subscribe.md', but the target 'pattern-library/communication/communication/publish-subscribe.md' is not found among documentation files.
WARNING -  Doc file 'pattern-library/communication/service-discovery.md' contains a link 'communication/websocket.md', but the target 'pattern-library/communication/communication/websocket.md' is not found among documentation files.
WARNING -  Doc file 'pattern-library/communication/service-registry.md' contains a link 'communication/service-discovery.md', but the target 'pattern-library/communication/communication/service-discovery.md' is not found among documentation files.
WARNING -  Doc file 'pattern-library/communication/service-registry.md' contains a link 'communication/api-gateway.md', but the target 'pattern-library/communication/communication/api-gateway.md' is not found among documentation files.
WARNING -  Doc file 'pattern-library/communication/websocket.md' contains a link 'communication/service-discovery.md', but the target 'pattern-library/communication/communication/service-discovery.md' is not found among documentation files.
WARNING -  Doc file 'pattern-library/coordination/index.md' contains a link 'coordination/consensus.md', but the target 'pattern-library/coordination/coordination/consensus.md' is not found among documentation files.
WARNING -  Doc file 'pattern-library/coordination/index.md' contains a link 'coordination/leader-election.md', but the target 'pattern-library/coordination/coordination/leader-election.md' is not found among documentation files.
WARNING -  Doc file 'pattern-library/coordination/index.md' contains a link 'coordination/logical-clocks.md', but the target 'pattern-library/coordination/coordination/logical-clocks.md' is not found among documentation files.
WARNING -  Doc file 'pattern-library/coordination/index.md' contains a link 'coordination/hlc.md', but the target 'pattern-library/coordination/coordination/hlc.md' is not found among documentation files.
WARNING -  Doc file 'pattern-library/coordination/index.md' contains a link 'coordination/clock-sync.md', but the target 'pattern-library/coordination/coordination/clock-sync.md' is not found among documentation files.
WARNING -  Doc file 'pattern-library/coordination/index.md' contains a link 'coordination/distributed-lock.md', but the target 'pattern-library/coordination/coordination/distributed-lock.md' is not found among documentation files.
INFO    -  Doc file 'pattern-library/coordination/index.md' contains an unrecognized relative link '../', it was left as is. Did you mean '../index.md'?
WARNING -  Doc file 'pattern-library/coordination/actor-model.md' contains a link '../architecture/service-mesh.md', but the target 'pattern-library/architecture/service-mesh.md' is not found among documentation files.
WARNING -  Doc file 'pattern-library/coordination/actor-model.md' contains a link '../architecture/service-mesh.md', but the target 'pattern-library/architecture/service-mesh.md' is not found among documentation files.
WARNING -  Doc file 'pattern-library/coordination/actor-model.md' contains a link '../scaling/serverless.md', but the target 'pattern-library/scaling/serverless.md' is not found among documentation files.
WARNING -  Doc file 'pattern-library/coordination/actor-model.md' contains a link '../architecture/cqrs.md', but the target 'pattern-library/architecture/cqrs.md' is not found among documentation files.
WARNING -  Doc file 'pattern-library/coordination/actor-model.md' contains a link '../architecture/service-mesh.md', but the target 'pattern-library/architecture/service-mesh.md' is not found among documentation files.
WARNING -  Doc file 'pattern-library/coordination/actor-model.md' contains a link '../scaling/serverless.md', but the target 'pattern-library/scaling/serverless.md' is not found among documentation files.
INFO    -  Doc file 'pattern-library/coordination/actor-model.md' contains an unrecognized relative link '../../part1-axioms/law2-asynchrony/', it was left as is.
INFO    -  Doc file 'pattern-library/coordination/actor-model.md' contains an unrecognized relative link '../../part1-axioms/law3-emergence/', it was left as is.
INFO    -  Doc file 'pattern-library/coordination/actor-model.md' contains an unrecognized relative link '../../part2-pillars/work/', it was left as is.
INFO    -  Doc file 'pattern-library/coordination/actor-model.md' contains an unrecognized relative link '../../part2-pillars/control/', it was left as is.
WARNING -  Doc file 'pattern-library/coordination/actor-model.md' contains a link '../../excellence/migrations/actor-to-service-mesh.md', but the target 'excellence/migrations/actor-to-service-mesh.md' is not found among documentation files.
WARNING -  Doc file 'pattern-library/coordination/actor-model.md' contains a link '../../excellence/migrations/actor-to-serverless.md', but the target 'excellence/migrations/actor-to-serverless.md' is not found among documentation files.
WARNING -  Doc file 'pattern-library/coordination/actor-model.md' contains a link '../../excellence/guides/modern-concurrency.md', but the target 'excellence/guides/modern-concurrency.md' is not found among documentation files.
WARNING -  Doc file 'pattern-library/coordination/cas.md' contains a link '../coordination/stm.md', but the target 'pattern-library/coordination/stm.md' is not found among documentation files.
WARNING -  Doc file 'pattern-library/coordination/cas.md' contains a link '../data-management/optimistic-locking.md', but the target 'pattern-library/data-management/optimistic-locking.md' is not found among documentation files.
WARNING -  Doc file 'pattern-library/coordination/cas.md' contains a link '../data-management/optimistic-locking.md', but the target 'pattern-library/data-management/optimistic-locking.md' is not found among documentation files.
WARNING -  Doc file 'pattern-library/coordination/cas.md' contains a link '../coordination/atomic-broadcast.md', but the target 'pattern-library/coordination/atomic-broadcast.md' is not found among documentation files.
INFO    -  Doc file 'pattern-library/coordination/cas.md' contains an unrecognized relative link '../../part1-axioms/law2-asynchrony/', it was left as is.
INFO    -  Doc file 'pattern-library/coordination/cas.md' contains an unrecognized relative link '../../part1-axioms/law4-optimization/', it was left as is.
INFO    -  Doc file 'pattern-library/coordination/cas.md' contains an unrecognized relative link '../../part2-pillars/work/', it was left as is.
INFO    -  Doc file 'pattern-library/coordination/cas.md' contains an unrecognized relative link '../../part2-pillars/state/', it was left as is.
WARNING -  Doc file 'pattern-library/coordination/cas.md' contains a link '../../excellence/guides/lock-free-programming.md', but the target 'excellence/guides/lock-free-programming.md' is not found among documentation files.
WARNING -  Doc file 'pattern-library/coordination/cas.md' contains a link '../../excellence/guides/memory-models.md', but the target 'excellence/guides/memory-models.md' is not found among documentation files.
WARNING -  Doc file 'pattern-library/coordination/cas.md' contains a link '../../excellence/guides/concurrency-testing.md', but the target 'excellence/guides/concurrency-testing.md' is not found among documentation files.
WARNING -  Doc file 'pattern-library/coordination/clock-sync.md' contains a link 'coordination/logical-clocks.md', but the target 'pattern-library/coordination/coordination/logical-clocks.md' is not found among documentation files.
WARNING -  Doc file 'pattern-library/coordination/clock-sync.md' contains a link '../data-management/vector-clocks.md', but the target 'pattern-library/data-management/vector-clocks.md' is not found among documentation files.
WARNING -  Doc file 'pattern-library/coordination/clock-sync.md' contains a link 'coordination/consensus.md', but the target 'pattern-library/coordination/coordination/consensus.md' is not found among documentation files.
WARNING -  Doc file 'pattern-library/coordination/clock-sync.md' contains a link 'coordination/distributed-lock.md', but the target 'pattern-library/coordination/coordination/distributed-lock.md' is not found among documentation files.
WARNING -  Doc file 'pattern-library/coordination/clock-sync.md' contains a link 'coordination/logical-clocks.md', but the target 'pattern-library/coordination/coordination/logical-clocks.md' is not found among documentation files.
WARNING -  Doc file 'pattern-library/coordination/clock-sync.md' contains a link 'coordination/hlc.md', but the target 'pattern-library/coordination/coordination/hlc.md' is not found among documentation files.
INFO    -  Doc file 'pattern-library/coordination/clock-sync.md' contains an unrecognized relative link '../../part1-axioms/law2-asynchrony/', it was left as is.
INFO    -  Doc file 'pattern-library/coordination/clock-sync.md' contains an unrecognized relative link '../../part1-axioms/law1-failure/', it was left as is.
INFO    -  Doc file 'pattern-library/coordination/clock-sync.md' contains an unrecognized relative link '../../part2-pillars/truth/', it was left as is.
INFO    -  Doc file 'pattern-library/coordination/clock-sync.md' contains an unrecognized relative link '../../part2-pillars/control/', it was left as is.
WARNING -  Doc file 'pattern-library/coordination/clock-sync.md' contains a link '../../excellence/guides/ntp-setup.md', but the target 'excellence/guides/ntp-setup.md' is not found among documentation files.
WARNING -  Doc file 'pattern-library/coordination/clock-sync.md' contains a link '../../excellence/guides/ptp-config.md', but the target 'excellence/guides/ptp-config.md' is not found among documentation files.
WARNING -  Doc file 'pattern-library/coordination/clock-sync.md' contains a link '../../excellence/guides/time-monitoring.md', but the target 'excellence/guides/time-monitoring.md' is not found among documentation files.
INFO    -  Doc file 'pattern-library/coordination/consensus.md' contains an unrecognized relative link 'part1-axioms/law1-failure/index', it was left as is.
INFO    -  Doc file 'pattern-library/coordination/consensus.md' contains an unrecognized relative link 'part1-axioms/law2-asynchrony/', it was left as is.
INFO    -  Doc file 'pattern-library/coordination/consensus.md' contains an unrecognized relative link 'part1-axioms/law3-emergence/index', it was left as is.
INFO    -  Doc file 'pattern-library/coordination/consensus.md' contains an unrecognized relative link 'part1-axioms/law4-tradeoffs/index', it was left as is.
INFO    -  Doc file 'pattern-library/coordination/consensus.md' contains an unrecognized relative link 'part1-axioms/law5-epistemology/index', it was left as is.
INFO    -  Doc file 'pattern-library/coordination/consensus.md' contains an unrecognized relative link 'part2-pillars/state/index', it was left as is.
INFO    -  Doc file 'pattern-library/coordination/consensus.md' contains an unrecognized relative link 'part2-pillars/truth/index', it was left as is.
INFO    -  Doc file 'pattern-library/coordination/consensus.md' contains an unrecognized relative link 'part2-pillars/control/index', it was left as is.
INFO    -  Doc file 'pattern-library/coordination/consensus.md' contains an unrecognized relative link 'pattern-library/leader-election', it was left as is.
INFO    -  Doc file 'pattern-library/coordination/consensus.md' contains an unrecognized relative link 'pattern-library/distributed-lock', it was left as is.
INFO    -  Doc file 'pattern-library/coordination/consensus.md' contains an unrecognized relative link 'pattern-library/two-phase-commit', it was left as is.
INFO    -  Doc file 'pattern-library/coordination/consensus.md' contains an unrecognized relative link 'pattern-library/circuit-breaker', it was left as is.
INFO    -  Doc file 'pattern-library/coordination/consensus.md' contains an unrecognized relative link 'pattern-library/saga', it was left as is.
INFO    -  Doc file 'pattern-library/coordination/consensus.md' contains an unrecognized relative link 'pattern-library/event-sourcing', it was left as is.
INFO    -  Doc file 'pattern-library/coordination/consensus.md' contains an unrecognized relative link 'pattern-library/wal', it was left as is.
INFO    -  Doc file 'pattern-library/coordination/consensus.md' contains an unrecognized relative link 'pattern-library/gossip-protocol', it was left as is.
INFO    -  Doc file 'pattern-library/coordination/consensus.md' contains an unrecognized relative link 'pattern-library/vector-clocks', it was left as is.
WARNING -  Doc file 'pattern-library/coordination/consensus.md' contains a link 'resilience/circuit-breaker.md', but the target 'pattern-library/coordination/resilience/circuit-breaker.md' is not found among documentation files.
WARNING -  Doc file 'pattern-library/coordination/consensus.md' contains a link 'data-management/cqrs.md', but the target 'pattern-library/coordination/data-management/cqrs.md' is not found among documentation files.
INFO    -  Doc file 'pattern-library/coordination/distributed-lock.md' contains an unrecognized relative link '../../part1-axioms/law2-async/', it was left as is.
INFO    -  Doc file 'pattern-library/coordination/distributed-lock.md' contains an unrecognized relative link '../../part1-axioms/law3-emergence/', it was left as is.
INFO    -  Doc file 'pattern-library/coordination/distributed-lock.md' contains an unrecognized relative link '../../part2-pillars/truth/', it was left as is.
INFO    -  Doc file 'pattern-library/coordination/distributed-lock.md' contains an unrecognized relative link '../../part2-pillars/control/', it was left as is.
WARNING -  Doc file 'pattern-library/coordination/distributed-lock.md' contains a link '../../excellence/guides/lock-setup.md', but the target 'excellence/guides/lock-setup.md' is not found among documentation files.
WARNING -  Doc file 'pattern-library/coordination/distributed-lock.md' contains a link '../../excellence/guides/distributed-testing.md', but the target 'excellence/guides/distributed-testing.md' is not found among documentation files.
WARNING -  Doc file 'pattern-library/coordination/distributed-lock.md' contains a link '../../excellence/migrations/redis-to-etcd.md', but the target 'excellence/migrations/redis-to-etcd.md' is not found among documentation files.
WARNING -  Doc file 'pattern-library/coordination/distributed-queue.md' contains a link '../coordination/saga.md', but the target 'pattern-library/coordination/saga.md' is not found among documentation files.
WARNING -  Doc file 'pattern-library/coordination/distributed-queue.md' contains a link '../coordination/saga.md', but the target 'pattern-library/coordination/saga.md' is not found among documentation files.
INFO    -  Doc file 'pattern-library/coordination/distributed-queue.md' contains an unrecognized relative link '../../part1-axioms/law2-asynchrony/', it was left as is.
INFO    -  Doc file 'pattern-library/coordination/distributed-queue.md' contains an unrecognized relative link '../../part1-axioms/law1-failure/', it was left as is.
INFO    -  Doc file 'pattern-library/coordination/distributed-queue.md' contains an unrecognized relative link '../../part2-pillars/work/', it was left as is.
INFO    -  Doc file 'pattern-library/coordination/distributed-queue.md' contains an unrecognized relative link '../../part2-pillars/state/', it was left as is.
WARNING -  Doc file 'pattern-library/coordination/distributed-queue.md' contains a link '../../excellence/guides/kafka-setup.md', but the target 'excellence/guides/kafka-setup.md' is not found among documentation files.
WARNING -  Doc file 'pattern-library/coordination/distributed-queue.md' contains a link '../../excellence/guides/queue-monitoring.md', but the target 'excellence/guides/queue-monitoring.md' is not found among documentation files.
WARNING -  Doc file 'pattern-library/coordination/distributed-queue.md' contains a link '../../excellence/guides/dlq-patterns.md', but the target 'excellence/guides/dlq-patterns.md' is not found among documentation files.
WARNING -  Doc file 'pattern-library/coordination/emergent-leader.md' contains a link 'coordination/consensus.md', but the target 'pattern-library/coordination/coordination/consensus.md' is not found among documentation files.
WARNING -  Doc file 'pattern-library/coordination/emergent-leader.md' contains a link 'coordination/leader-election.md', but the target 'pattern-library/coordination/coordination/leader-election.md' is not found among documentation files.
WARNING -  Doc file 'pattern-library/coordination/emergent-leader.md' contains a link 'coordination/consensus.md', but the target 'pattern-library/coordination/coordination/consensus.md' is not found among documentation files.
WARNING -  Doc file 'pattern-library/coordination/emergent-leader.md' contains a link 'coordination/leader-election.md', but the target 'pattern-library/coordination/coordination/leader-election.md' is not found among documentation files.
WARNING -  Doc file 'pattern-library/coordination/generation-clock.md' contains a link 'vector-clock.md', but the target 'pattern-library/coordination/vector-clock.md' is not found among documentation files.
WARNING -  Doc file 'pattern-library/coordination/generation-clock.md' contains a link 'coordination/clock-sync.md', but the target 'pattern-library/coordination/coordination/clock-sync.md' is not found among documentation files.
WARNING -  Doc file 'pattern-library/coordination/leader-election.md' contains a link '../communication/heartbeat.md', but the target 'pattern-library/communication/heartbeat.md' is not found among documentation files.
INFO    -  Doc file 'pattern-library/coordination/leader-election.md' contains an unrecognized relative link '../../part1-axioms/law4-tradeoffs/', it was left as is.
INFO    -  Doc file 'pattern-library/coordination/leader-election.md' contains an unrecognized relative link '../../part1-axioms/law2-async/', it was left as is.
INFO    -  Doc file 'pattern-library/coordination/leader-election.md' contains an unrecognized relative link '../../part2-pillars/control/', it was left as is.
INFO    -  Doc file 'pattern-library/coordination/leader-election.md' contains an unrecognized relative link '../../part2-pillars/truth/', it was left as is.
WARNING -  Doc file 'pattern-library/coordination/leader-election.md' contains a link '../../excellence/guides/election-setup.md', but the target 'excellence/guides/election-setup.md' is not found among documentation files.
WARNING -  Doc file 'pattern-library/coordination/leader-election.md' contains a link '../../excellence/guides/partition-testing.md', but the target 'excellence/guides/partition-testing.md' is not found among documentation files.
WARNING -  Doc file 'pattern-library/coordination/leader-election.md' contains a link '../../excellence/guides/raft-implementation.md', but the target 'excellence/guides/raft-implementation.md' is not found among documentation files.
WARNING -  Doc file 'pattern-library/coordination/leader-follower.md' contains a link 'coordination/leader-election.md', but the target 'pattern-library/coordination/coordination/leader-election.md' is not found among documentation files.
WARNING -  Doc file 'pattern-library/coordination/leader-follower.md' contains a link 'coordination/consensus.md', but the target 'pattern-library/coordination/coordination/consensus.md' is not found among documentation files.
WARNING -  Doc file 'pattern-library/coordination/leader-follower.md' contains a link 'primary-backup.md', but the target 'pattern-library/coordination/primary-backup.md' is not found among documentation files.
WARNING -  Doc file 'pattern-library/coordination/leader-follower.md' contains a link 'multi-master.md', but the target 'pattern-library/coordination/multi-master.md' is not found among documentation files.
WARNING -  Doc file 'pattern-library/coordination/leader-follower.md' contains a link 'chain-replication.md', but the target 'pattern-library/coordination/chain-replication.md' is not found among documentation files.
INFO    -  Doc file 'pattern-library/coordination/leader-follower.md' contains an unrecognized relative link 'part1-axioms/law1-failure/index', it was left as is.
INFO    -  Doc file 'pattern-library/coordination/leader-follower.md' contains an unrecognized relative link 'part1-axioms/law4-tradeoffs/index', it was left as is.
INFO    -  Doc file 'pattern-library/coordination/leader-follower.md' contains an unrecognized relative link 'part1-axioms/law5-epistemology/index', it was left as is.
INFO    -  Doc file 'pattern-library/coordination/low-high-water-marks.md' contains an unrecognized relative link 'part1-axioms/law1-failure/index', it was left as is.
INFO    -  Doc file 'pattern-library/coordination/low-high-water-marks.md' contains an unrecognized relative link 'part1-axioms/law2-asynchrony/', it was left as is.
INFO    -  Doc file 'pattern-library/coordination/low-high-water-marks.md' contains an unrecognized relative link 'part1-axioms/law3-emergence/', it was left as is.
INFO    -  Doc file 'pattern-library/coordination/low-high-water-marks.md' contains an unrecognized relative link 'part1-axioms/law7-economics/index', it was left as is.
INFO    -  Doc file 'pattern-library/coordination/low-high-water-marks.md' contains an unrecognized relative link 'part2-pillars/work/index', it was left as is.
INFO    -  Doc file 'pattern-library/coordination/low-high-water-marks.md' contains an unrecognized relative link 'part2-pillars/control/index', it was left as is.
INFO    -  Doc file 'pattern-library/coordination/low-high-water-marks.md' contains an unrecognized relative link 'part2-pillars/state/index', it was left as is.
WARNING -  Doc file 'pattern-library/coordination/low-high-water-marks.md' contains a link '../pattern-library/scaling/backpressure.md', but the target 'pattern-library/pattern-library/scaling/backpressure.md' is not found among documentation files.
WARNING -  Doc file 'pattern-library/coordination/low-high-water-marks.md' contains a link '../pattern-library/resilience/circuit-breaker.md', but the target 'pattern-library/pattern-library/resilience/circuit-breaker.md' is not found among documentation files.
WARNING -  Doc file 'pattern-library/coordination/low-high-water-marks.md' contains a link '../pattern-library/scaling/rate-limiting.md', but the target 'pattern-library/pattern-library/scaling/rate-limiting.md' is not found among documentation files.
WARNING -  Doc file 'pattern-library/coordination/low-high-water-marks.md' contains a link '../pattern-library/coordination/distributed-queue.md', but the target 'pattern-library/pattern-library/coordination/distributed-queue.md' is not found among documentation files.
WARNING -  Doc file 'pattern-library/coordination/low-high-water-marks.md' contains a link '../pattern-library/resilience/timeout.md', but the target 'pattern-library/pattern-library/resilience/timeout.md' is not found among documentation files.
WARNING -  Doc file 'pattern-library/coordination/low-high-water-marks.md' contains a link '../pattern-library/resilience/bulkhead.md', but the target 'pattern-library/pattern-library/resilience/bulkhead.md' is not found among documentation files.
WARNING -  Doc file 'pattern-library/coordination/low-high-water-marks.md' contains a link '../pattern-library/rate-limiting.md#admission-control', but the target 'pattern-library/pattern-library/rate-limiting.md' is not found among documentation files.
WARNING -  Doc file 'pattern-library/coordination/low-high-water-marks.md' contains a link '../pattern-library/load-shedding.md', but the target 'pattern-library/pattern-library/load-shedding.md' is not found among documentation files.
WARNING -  Doc file 'pattern-library/coordination/low-high-water-marks.md' contains a link '../pattern-library/rate-limiting.md#throttling', but the target 'pattern-library/pattern-library/rate-limiting.md' is not found among documentation files.
WARNING -  Doc file 'pattern-library/coordination/state-watch.md' contains a link 'coordination/distributed-lock.md', but the target 'pattern-library/coordination/coordination/distributed-lock.md' is not found among documentation files.
WARNING -  Doc file 'pattern-library/coordination/state-watch.md' contains a link 'coordination/leader-election.md', but the target 'pattern-library/coordination/coordination/leader-election.md' is not found among documentation files.
WARNING -  Doc file 'pattern-library/coordination/state-watch.md' contains a link 'communication/service-discovery.md', but the target 'pattern-library/coordination/communication/service-discovery.md' is not found among documentation files.
WARNING -  Doc file 'pattern-library/coordination/state-watch.md' contains a link 'coordination/consensus.md', but the target 'pattern-library/coordination/coordination/consensus.md' is not found among documentation files.
WARNING -  Doc file 'pattern-library/coordination/state-watch.md' contains a link 'data-management/event-sourcing.md', but the target 'pattern-library/coordination/data-management/event-sourcing.md' is not found among documentation files.
INFO    -  Doc file 'pattern-library/data-management/index.md' contains an unrecognized relative link '../', it was left as is. Did you mean '../index.md'?
WARNING -  Doc file 'pattern-library/data-management/bloom-filter.md' contains a link '../data-management/cuckoo-hashing.md', but the target 'pattern-library/data-management/cuckoo-hashing.md' is not found among documentation files.
INFO    -  Doc file 'pattern-library/data-management/bloom-filter.md' contains an unrecognized relative link '../../part1-axioms/law4-optimization/', it was left as is.
INFO    -  Doc file 'pattern-library/data-management/bloom-filter.md' contains an unrecognized relative link '../../part1-axioms/law5-knowledge/', it was left as is.
INFO    -  Doc file 'pattern-library/data-management/bloom-filter.md' contains an unrecognized relative link '../../part2-pillars/state/', it was left as is.
INFO    -  Doc file 'pattern-library/data-management/bloom-filter.md' contains an unrecognized relative link '../../part2-pillars/intelligence/', it was left as is.
WARNING -  Doc file 'pattern-library/data-management/bloom-filter.md' contains a link '../../quantitative/bloom-calculator.md', but the target 'quantitative/bloom-calculator.md' is not found among documentation files.
WARNING -  Doc file 'pattern-library/data-management/bloom-filter.md' contains a link '../../excellence/guides/hash-functions.md', but the target 'excellence/guides/hash-functions.md' is not found among documentation files.
WARNING -  Doc file 'pattern-library/data-management/bloom-filter.md' contains a link '../../excellence/guides/bloom-testing.md', but the target 'excellence/guides/bloom-testing.md' is not found among documentation files.
WARNING -  Doc file 'pattern-library/data-management/cdc.md' contains a link '../pattern-library/data-management/outbox.md', but the target 'pattern-library/pattern-library/data-management/outbox.md' is not found among documentation files.
WARNING -  Doc file 'pattern-library/data-management/cdc.md' contains a link '../patterns/stream-processing.md', but the target 'pattern-library/patterns/stream-processing.md' is not found among documentation files.
WARNING -  Doc file 'pattern-library/data-management/cdc.md' contains a link '../patterns/cache-invalidation.md', but the target 'pattern-library/patterns/cache-invalidation.md' is not found among documentation files.
WARNING -  Doc file 'pattern-library/data-management/cdc.md' contains a link '../patterns/etl.md', but the target 'pattern-library/patterns/etl.md' is not found among documentation files.
WARNING -  Doc file 'pattern-library/data-management/cdc.md' contains a link '../patterns/replication.md', but the target 'pattern-library/patterns/replication.md' is not found among documentation files.
WARNING -  Doc file 'pattern-library/data-management/cdc.md' contains a link '../patterns/polling.md', but the target 'pattern-library/patterns/polling.md' is not found among documentation files.
INFO    -  Doc file 'pattern-library/data-management/consistent-hashing.md' contains an absolute link '/', it was left as is. Did you mean '../../index.md'?
INFO    -  Doc file 'pattern-library/data-management/consistent-hashing.md' contains an unrecognized relative link '../pattern-library/', it was left as is.
WARNING -  Doc file 'pattern-library/data-management/consistent-hashing.md' contains a link '../patterns/index.md#data-patterns', but the target 'pattern-library/patterns/index.md' is not found among documentation files.
WARNING -  Doc file 'pattern-library/data-management/cqrs.md' contains a link '../communication/event-driven.md', but the target 'pattern-library/communication/event-driven.md' is not found among documentation files.
WARNING -  Doc file 'pattern-library/data-management/cqrs.md' contains a link '../pattern-library/data-management/materialized-view.md', but the target 'pattern-library/pattern-library/data-management/materialized-view.md' is not found among documentation files.
WARNING -  Doc file 'pattern-library/data-management/cqrs.md' contains a link '../pattern-library/scaling/caching-strategies.md.md', but the target 'pattern-library/pattern-library/scaling/caching-strategies.md.md' is not found among documentation files.
WARNING -  Doc file 'pattern-library/data-management/cqrs.md' contains a link '../patterns/database-per-service.md', but the target 'pattern-library/patterns/database-per-service.md' is not found among documentation files.
WARNING -  Doc file 'pattern-library/data-management/cqrs.md' contains a link '../patterns/read-replicas.md', but the target 'pattern-library/patterns/read-replicas.md' is not found among documentation files.
WARNING -  Doc file 'pattern-library/data-management/cqrs.md' contains a link '../pattern-library/scaling/caching-strategies.md', but the target 'pattern-library/pattern-library/scaling/caching-strategies.md' is not found among documentation files.
WARNING -  Doc file 'pattern-library/data-management/cqrs.md' contains a link '../patterns/api-composition.md', but the target 'pattern-library/patterns/api-composition.md' is not found among documentation files.
WARNING -  Doc file 'pattern-library/data-management/crdt.md' contains a link 'data-management/eventual-consistency.md', but the target 'pattern-library/data-management/data-management/eventual-consistency.md' is not found among documentation files.
WARNING -  Doc file 'pattern-library/data-management/crdt.md' contains a link 'coordination/logical-clocks.md', but the target 'pattern-library/data-management/coordination/logical-clocks.md' is not found among documentation files.
WARNING -  Doc file 'pattern-library/data-management/crdt.md' contains a link 'coordination/logical-clocks.md', but the target 'pattern-library/data-management/coordination/logical-clocks.md' is not found among documentation files.
WARNING -  Doc file 'pattern-library/data-management/data-lake.md' contains a link '../../excellence/guides/data-mesh-patterns.md', but the target 'excellence/guides/data-mesh-patterns.md' is not found among documentation files.
WARNING -  Doc file 'pattern-library/data-management/data-lake.md' contains a link '../../excellence/guides/lakehouse-architecture.md', but the target 'excellence/guides/lakehouse-architecture.md' is not found among documentation files.
WARNING -  Doc file 'pattern-library/data-management/data-lake.md' contains a link '../../excellence/guides/feature-store-design.md', but the target 'excellence/guides/feature-store-design.md' is not found among documentation files.
INFO    -  Doc file 'pattern-library/data-management/data-lake.md' contains an unrecognized relative link '../../part1-axioms/law4-tradeoffs/', it was left as is.
INFO    -  Doc file 'pattern-library/data-management/data-lake.md' contains an unrecognized relative link '../../part1-axioms/law7-economics/', it was left as is.
INFO    -  Doc file 'pattern-library/data-management/data-lake.md' contains an unrecognized relative link '../../part2-pillars/state/', it was left as is.
INFO    -  Doc file 'pattern-library/data-management/data-lake.md' contains an unrecognized relative link '../../part2-pillars/intelligence/', it was left as is.
WARNING -  Doc file 'pattern-library/data-management/data-lake.md' contains a link '../../excellence/migrations/data-lake-to-mesh.md', but the target 'excellence/migrations/data-lake-to-mesh.md' is not found among documentation files.
WARNING -  Doc file 'pattern-library/data-management/data-lake.md' contains a link '../../excellence/migrations/lake-to-lakehouse.md', but the target 'excellence/migrations/lake-to-lakehouse.md' is not found among documentation files.
WARNING -  Doc file 'pattern-library/data-management/data-lake.md' contains a link '../../excellence/guides/data-governance.md', but the target 'excellence/guides/data-governance.md' is not found among documentation files.
WARNING -  Doc file 'pattern-library/data-management/data-lake.md' contains a link '../../excellence/guides/data-mesh-patterns.md', but the target 'excellence/guides/data-mesh-patterns.md' is not found among documentation files.
INFO    -  Doc file 'pattern-library/data-management/deduplication.md' contains an unrecognized relative link 'pattern-library/cas', it was left as is.
INFO    -  Doc file 'pattern-library/data-management/deduplication.md' contains an unrecognized relative link 'pattern-library/caching-strategies', it was left as is.
INFO    -  Doc file 'pattern-library/data-management/deduplication.md' contains an unrecognized relative link 'case-studies/google-drive', it was left as is.
INFO    -  Doc file 'pattern-library/data-management/delta-sync.md' contains an unrecognized relative link '../../part1-axioms/law2-asynchrony/', it was left as is.
INFO    -  Doc file 'pattern-library/data-management/delta-sync.md' contains an unrecognized relative link '../../part1-axioms/law4-optimization/', it was left as is.
INFO    -  Doc file 'pattern-library/data-management/delta-sync.md' contains an unrecognized relative link '../../part2-pillars/state/', it was left as is.
INFO    -  Doc file 'pattern-library/data-management/delta-sync.md' contains an unrecognized relative link '../../part2-pillars/truth/', it was left as is.
WARNING -  Doc file 'pattern-library/data-management/delta-sync.md' contains a link '../../excellence/guides/delta-compression.md', but the target 'excellence/guides/delta-compression.md' is not found among documentation files.
WARNING -  Doc file 'pattern-library/data-management/delta-sync.md' contains a link '../../excellence/guides/conflict-resolution.md', but the target 'excellence/guides/conflict-resolution.md' is not found among documentation files.
WARNING -  Doc file 'pattern-library/data-management/delta-sync.md' contains a link '../../excellence/guides/sync-testing.md', but the target 'excellence/guides/sync-testing.md' is not found among documentation files.
INFO    -  Doc file 'pattern-library/data-management/distributed-storage.md' contains an absolute link '/', it was left as is. Did you mean '../../index.md'?
INFO    -  Doc file 'pattern-library/data-management/distributed-storage.md' contains an unrecognized relative link '../pattern-library/', it was left as is.
WARNING -  Doc file 'pattern-library/data-management/distributed-storage.md' contains a link '../patterns/index.md#data-patterns', but the target 'pattern-library/patterns/index.md' is not found among documentation files.
WARNING -  Doc file 'pattern-library/data-management/distributed-storage.md' contains a link 'data-management/consistent-hashing.md', but the target 'pattern-library/data-management/data-management/consistent-hashing.md' is not found among documentation files.
WARNING -  Doc file 'pattern-library/data-management/distributed-storage.md' contains a link 'data-management/eventual-consistency.md', but the target 'pattern-library/data-management/data-management/eventual-consistency.md' is not found among documentation files.
WARNING -  Doc file 'pattern-library/data-management/distributed-storage.md' contains a link 'data-management/crdt.md', but the target 'pattern-library/data-management/data-management/crdt.md' is not found among documentation files.
WARNING -  Doc file 'pattern-library/data-management/distributed-storage.md' contains a link 'data-management/eventual-consistency.md', but the target 'pattern-library/data-management/data-management/eventual-consistency.md' is not found among documentation files.
WARNING -  Doc file 'pattern-library/data-management/event-sourcing.md' contains a link '../communication/event-driven.md', but the target 'pattern-library/communication/event-driven.md' is not found among documentation files.
WARNING -  Doc file 'pattern-library/data-management/event-sourcing.md' contains a link '../patterns/snapshot.md', but the target 'pattern-library/patterns/snapshot.md' is not found among documentation files.
WARNING -  Doc file 'pattern-library/data-management/event-sourcing.md' contains a link '../patterns/memento.md', but the target 'pattern-library/patterns/memento.md' is not found among documentation files.
WARNING -  Doc file 'pattern-library/data-management/event-sourcing.md' contains a link '../patterns/message-store.md', but the target 'pattern-library/patterns/message-store.md' is not found among documentation files.
WARNING -  Doc file 'pattern-library/data-management/event-sourcing.md' contains a link '../patterns/audit-log.md', but the target 'pattern-library/patterns/audit-log.md' is not found among documentation files.
WARNING -  Doc file 'pattern-library/data-management/event-sourcing.md' contains a link './wal.md', but the target 'pattern-library/data-management/wal.md' is not found among documentation files.
WARNING -  Doc file 'pattern-library/data-management/eventual-consistency.md' contains a link 'data-management/crdt.md', but the target 'pattern-library/data-management/data-management/crdt.md' is not found among documentation files.
WARNING -  Doc file 'pattern-library/data-management/eventual-consistency.md' contains a link '../coordination/vector-clocks.md', but the target 'pattern-library/coordination/vector-clocks.md' is not found among documentation files.
INFO    -  Doc file 'pattern-library/data-management/eventual-consistency.md' contains an unrecognized relative link '../../part1-axioms/law1-failure/', it was left as is.
INFO    -  Doc file 'pattern-library/data-management/eventual-consistency.md' contains an unrecognized relative link '../../part1-axioms/law2-asynchrony/', it was left as is.
INFO    -  Doc file 'pattern-library/data-management/eventual-consistency.md' contains an unrecognized relative link '../../part2-pillars/state/', it was left as is.
INFO    -  Doc file 'pattern-library/data-management/eventual-consistency.md' contains an unrecognized relative link '../../part2-pillars/truth/', it was left as is.
WARNING -  Doc file 'pattern-library/data-management/eventual-consistency.md' contains a link '../../excellence/guides/consistency-testing.md', but the target 'excellence/guides/consistency-testing.md' is not found among documentation files.
WARNING -  Doc file 'pattern-library/data-management/eventual-consistency.md' contains a link '../../excellence/guides/conflict-resolution.md', but the target 'excellence/guides/conflict-resolution.md' is not found among documentation files.
WARNING -  Doc file 'pattern-library/data-management/eventual-consistency.md' contains a link '../../excellence/migrations/strong-to-eventual.md', but the target 'excellence/migrations/strong-to-eventual.md' is not found among documentation files.
WARNING -  Doc file 'pattern-library/data-management/eventual-consistency.md' contains a link 'data-management/crdt.md', but the target 'pattern-library/data-management/data-management/crdt.md' is not found among documentation files.
WARNING -  Doc file 'pattern-library/data-management/materialized-view.md' contains a link 'data-management/event-sourcing.md', but the target 'pattern-library/data-management/data-management/event-sourcing.md' is not found among documentation files.
WARNING -  Doc file 'pattern-library/data-management/materialized-view.md' contains a link 'data-management/cqrs.md', but the target 'pattern-library/data-management/data-management/cqrs.md' is not found among documentation files.
INFO    -  Doc file 'pattern-library/data-management/materialized-view.md' contains an unrecognized relative link '../../part1-axioms/law4-tradeoffs/', it was left as is.
INFO    -  Doc file 'pattern-library/data-management/materialized-view.md' contains an unrecognized relative link '../../part1-axioms/law7-economics/', it was left as is.
INFO    -  Doc file 'pattern-library/data-management/materialized-view.md' contains an unrecognized relative link '../../part2-pillars/state/', it was left as is.
INFO    -  Doc file 'pattern-library/data-management/materialized-view.md' contains an unrecognized relative link '../../part2-pillars/work/', it was left as is.
WARNING -  Doc file 'pattern-library/data-management/materialized-view.md' contains a link '../../excellence/guides/materialized-view-design.md', but the target 'excellence/guides/materialized-view-design.md' is not found among documentation files.
WARNING -  Doc file 'pattern-library/data-management/materialized-view.md' contains a link '../../excellence/guides/mv-refresh-strategies.md', but the target 'excellence/guides/mv-refresh-strategies.md' is not found among documentation files.
WARNING -  Doc file 'pattern-library/data-management/materialized-view.md' contains a link '../../excellence/guides/mv-performance-tuning.md', but the target 'excellence/guides/mv-performance-tuning.md' is not found among documentation files.
WARNING -  Doc file 'pattern-library/data-management/materialized-view.md' contains a link 'data-management/event-sourcing.md', but the target 'pattern-library/data-management/data-management/event-sourcing.md' is not found among documentation files.
INFO    -  Doc file 'pattern-library/data-management/merkle-trees.md' contains an unrecognized relative link '../../part1-axioms/law4-optimization/', it was left as is.
INFO    -  Doc file 'pattern-library/data-management/merkle-trees.md' contains an unrecognized relative link '../../part1-axioms/law5-knowledge/', it was left as is.
INFO    -  Doc file 'pattern-library/data-management/merkle-trees.md' contains an unrecognized relative link '../../part2-pillars/state/', it was left as is.
INFO    -  Doc file 'pattern-library/data-management/merkle-trees.md' contains an unrecognized relative link '../../part2-pillars/truth/', it was left as is.
WARNING -  Doc file 'pattern-library/data-management/merkle-trees.md' contains a link '../../excellence/guides/crypto-practices.md', but the target 'excellence/guides/crypto-practices.md' is not found among documentation files.
WARNING -  Doc file 'pattern-library/data-management/merkle-trees.md' contains a link '../../excellence/guides/tree-optimization.md', but the target 'excellence/guides/tree-optimization.md' is not found among documentation files.
WARNING -  Doc file 'pattern-library/data-management/merkle-trees.md' contains a link '../../excellence/guides/proof-systems.md', but the target 'excellence/guides/proof-systems.md' is not found among documentation files.
WARNING -  Doc file 'pattern-library/data-management/outbox.md' contains a link '../coordination/saga.md', but the target 'pattern-library/coordination/saga.md' is not found among documentation files.
INFO    -  Doc file 'pattern-library/data-management/outbox.md' contains an unrecognized relative link '../../part1-axioms/law1-failure/', it was left as is.
INFO    -  Doc file 'pattern-library/data-management/outbox.md' contains an unrecognized relative link '../../part1-axioms/law4-tradeoffs/', it was left as is.
INFO    -  Doc file 'pattern-library/data-management/outbox.md' contains an unrecognized relative link '../../part2-pillars/state/', it was left as is.
INFO    -  Doc file 'pattern-library/data-management/outbox.md' contains an unrecognized relative link '../../part2-pillars/truth/', it was left as is.
WARNING -  Doc file 'pattern-library/data-management/outbox.md' contains a link '../../excellence/guides/outbox-setup.md', but the target 'excellence/guides/outbox-setup.md' is not found among documentation files.
WARNING -  Doc file 'pattern-library/data-management/outbox.md' contains a link '../../excellence/guides/cdc-setup.md', but the target 'excellence/guides/cdc-setup.md' is not found among documentation files.
WARNING -  Doc file 'pattern-library/data-management/outbox.md' contains a link '../../excellence/guides/event-schemas.md', but the target 'excellence/guides/event-schemas.md' is not found among documentation files.
WARNING -  Doc file 'pattern-library/data-management/polyglot-persistence.md' contains a link 'data-management/cqrs.md', but the target 'pattern-library/data-management/data-management/cqrs.md' is not found among documentation files.
WARNING -  Doc file 'pattern-library/data-management/polyglot-persistence.md' contains a link 'data-management/event-sourcing.md', but the target 'pattern-library/data-management/data-management/event-sourcing.md' is not found among documentation files.
WARNING -  Doc file 'pattern-library/data-management/polyglot-persistence.md' contains a link 'data-management/saga.md', but the target 'pattern-library/data-management/data-management/saga.md' is not found among documentation files.
WARNING -  Doc file 'pattern-library/data-management/polyglot-persistence.md' contains a link 'architecture/backends-for-frontends.md', but the target 'pattern-library/data-management/architecture/backends-for-frontends.md' is not found among documentation files.
WARNING -  Doc file 'pattern-library/data-management/polyglot-persistence.md' contains a link 'data-management/outbox.md', but the target 'pattern-library/data-management/data-management/outbox.md' is not found among documentation files.
WARNING -  Doc file 'pattern-library/data-management/read-repair.md' contains a link '../data-management/anti-entropy.md', but the target 'pattern-library/data-management/anti-entropy.md' is not found among documentation files.
WARNING -  Doc file 'pattern-library/data-management/read-repair.md' contains a link '../data-management/vector-clocks.md', but the target 'pattern-library/data-management/vector-clocks.md' is not found among documentation files.
INFO    -  Doc file 'pattern-library/data-management/read-repair.md' contains an unrecognized relative link '../../part1-axioms/law2-async/', it was left as is.
INFO    -  Doc file 'pattern-library/data-management/read-repair.md' contains an unrecognized relative link '../../part1-axioms/law4-tradeoffs/', it was left as is.
INFO    -  Doc file 'pattern-library/data-management/read-repair.md' contains an unrecognized relative link '../../part2-pillars/state/', it was left as is.
INFO    -  Doc file 'pattern-library/data-management/read-repair.md' contains an unrecognized relative link '../../part2-pillars/truth/', it was left as is.
WARNING -  Doc file 'pattern-library/data-management/read-repair.md' contains a link '../../excellence/guides/read-repair-setup.md', but the target 'excellence/guides/read-repair-setup.md' is not found among documentation files.
WARNING -  Doc file 'pattern-library/data-management/read-repair.md' contains a link '../../excellence/guides/consistency-tuning.md', but the target 'excellence/guides/consistency-tuning.md' is not found among documentation files.
WARNING -  Doc file 'pattern-library/data-management/read-repair.md' contains a link '../../excellence/guides/repair-optimization.md', but the target 'excellence/guides/repair-optimization.md' is not found among documentation files.
WARNING -  Doc file 'pattern-library/data-management/saga.md' contains a link '../pattern-library/data-management/saga.md', but the target 'pattern-library/pattern-library/data-management/saga.md' is not found among documentation files.
WARNING -  Doc file 'pattern-library/data-management/saga.md' contains a link '../pattern-library/data-management/outbox.md', but the target 'pattern-library/pattern-library/data-management/outbox.md' is not found among documentation files.
WARNING -  Doc file 'pattern-library/data-management/saga.md' contains a link '../patterns/idempotent-receiver.md', but the target 'pattern-library/patterns/idempotent-receiver.md' is not found among documentation files.
WARNING -  Doc file 'pattern-library/data-management/segmented-log.md' contains a link './wal.md', but the target 'pattern-library/data-management/wal.md' is not found among documentation files.
WARNING -  Doc file 'pattern-library/data-management/segmented-log.md' contains a link '../patterns/append-only.md', but the target 'pattern-library/patterns/append-only.md' is not found among documentation files.
WARNING -  Doc file 'pattern-library/data-management/segmented-log.md' contains a link '../patterns/snapshot.md', but the target 'pattern-library/patterns/snapshot.md' is not found among documentation files.
WARNING -  Doc file 'pattern-library/data-management/segmented-log.md' contains a link '../patterns/compaction.md', but the target 'pattern-library/patterns/compaction.md' is not found among documentation files.
WARNING -  Doc file 'pattern-library/data-management/segmented-log.md' contains a link '../patterns/replication-log.md', but the target 'pattern-library/patterns/replication-log.md' is not found among documentation files.
WARNING -  Doc file 'pattern-library/data-management/segmented-log.md' contains a link '../case-studies/kafka.md', but the target 'pattern-library/case-studies/kafka.md' is not found among documentation files.
WARNING -  Doc file 'pattern-library/data-management/segmented-log.md' contains a link '../case-studies/rocksdb.md', but the target 'pattern-library/case-studies/rocksdb.md' is not found among documentation files.
WARNING -  Doc file 'pattern-library/data-management/segmented-log.md' contains a link '../case-studies/cassandra.md', but the target 'pattern-library/case-studies/cassandra.md' is not found among documentation files.
WARNING -  Doc file 'pattern-library/data-management/shared-database.md' contains a link '../excellence/migrations/shared-db-to-database-per-service.md', but the target 'pattern-library/excellence/migrations/shared-db-to-database-per-service.md' is not found among documentation files.
WARNING -  Doc file 'pattern-library/data-management/shared-database.md' contains a link '../excellence/migrations/shared-db-to-event-driven.md', but the target 'pattern-library/excellence/migrations/shared-db-to-event-driven.md' is not found among documentation files.
WARNING -  Doc file 'pattern-library/data-management/shared-database.md' contains a link '../excellence/migrations/shared-db-to-cqrs.md', but the target 'pattern-library/excellence/migrations/shared-db-to-cqrs.md' is not found among documentation files.
WARNING -  Doc file 'pattern-library/data-management/shared-database.md' contains a link '../excellence/migrations/shared-db-to-apis.md', but the target 'pattern-library/excellence/migrations/shared-db-to-apis.md' is not found among documentation files.
WARNING -  Doc file 'pattern-library/data-management/shared-database.md' contains a link '../excellence/case-studies/amazon-service-migration.md', but the target 'pattern-library/excellence/case-studies/amazon-service-migration.md' is not found among documentation files.
WARNING -  Doc file 'pattern-library/data-management/shared-database.md' contains a link '../excellence/case-studies/netflix-db-migration.md', but the target 'pattern-library/excellence/case-studies/netflix-db-migration.md' is not found among documentation files.
WARNING -  Doc file 'pattern-library/data-management/shared-database.md' contains a link '../excellence/case-studies/uber-domain-services.md', but the target 'pattern-library/excellence/case-studies/uber-domain-services.md' is not found among documentation files.
WARNING -  Doc file 'pattern-library/data-management/shared-database.md' contains a link '../excellence/tools/db-migration-toolkit.md', but the target 'pattern-library/excellence/tools/db-migration-toolkit.md' is not found among documentation files.
WARNING -  Doc file 'pattern-library/data-management/shared-database.md' contains a link '../excellence/pattern-library/service-extraction.md', but the target 'pattern-library/excellence/pattern-library/service-extraction.md' is not found among documentation files.
WARNING -  Doc file 'pattern-library/data-management/shared-database.md' contains a link '../excellence/guides/data-sync-strategies.md', but the target 'pattern-library/excellence/guides/data-sync-strategies.md' is not found among documentation files.
WARNING -  Doc file 'pattern-library/data-management/shared-database.md' contains a link 'database-per-service.md', but the target 'pattern-library/data-management/database-per-service.md' is not found among documentation files.
WARNING -  Doc file 'pattern-library/data-management/shared-database.md' contains a link 'architecture/event-driven.md', but the target 'pattern-library/data-management/architecture/event-driven.md' is not found among documentation files.
WARNING -  Doc file 'pattern-library/data-management/shared-database.md' contains a link 'communication/api-gateway.md', but the target 'pattern-library/data-management/communication/api-gateway.md' is not found among documentation files.
WARNING -  Doc file 'pattern-library/data-management/shared-database.md' contains a link 'data-management/cqrs.md', but the target 'pattern-library/data-management/data-management/cqrs.md' is not found among documentation files.
WARNING -  Doc file 'pattern-library/data-management/shared-database.md' contains a link 'data-management/saga.md', but the target 'pattern-library/data-management/data-management/saga.md' is not found among documentation files.
WARNING -  Doc file 'pattern-library/data-management/write-ahead-log.md' contains a link '../coordination/two-phase-commit.md', but the target 'pattern-library/coordination/two-phase-commit.md' is not found among documentation files.
INFO    -  Doc file 'pattern-library/data-management/write-ahead-log.md' contains an unrecognized relative link '../../part1-axioms/law1-failure/', it was left as is.
INFO    -  Doc file 'pattern-library/data-management/write-ahead-log.md' contains an unrecognized relative link '../../part1-axioms/law4-optimization/', it was left as is.
INFO    -  Doc file 'pattern-library/data-management/write-ahead-log.md' contains an unrecognized relative link '../../part2-pillars/state/', it was left as is.
INFO    -  Doc file 'pattern-library/data-management/write-ahead-log.md' contains an unrecognized relative link '../../part2-pillars/truth/', it was left as is.
WARNING -  Doc file 'pattern-library/data-management/write-ahead-log.md' contains a link '../../excellence/guides/wal-implementation.md', but the target 'excellence/guides/wal-implementation.md' is not found among documentation files.
WARNING -  Doc file 'pattern-library/data-management/write-ahead-log.md' contains a link '../../excellence/guides/recovery-testing.md', but the target 'excellence/guides/recovery-testing.md' is not found among documentation files.
WARNING -  Doc file 'pattern-library/data-management/write-ahead-log.md' contains a link '../../excellence/guides/storage-optimization.md', but the target 'excellence/guides/storage-optimization.md' is not found among documentation files.
WARNING -  Doc file 'pattern-library/resilience/index.md' contains a link 'resilience/circuit-breaker.md', but the target 'pattern-library/resilience/resilience/circuit-breaker.md' is not found among documentation files.
WARNING -  Doc file 'pattern-library/resilience/index.md' contains a link 'resilience/retry-backoff.md', but the target 'pattern-library/resilience/resilience/retry-backoff.md' is not found among documentation files.
WARNING -  Doc file 'pattern-library/resilience/index.md' contains a link 'resilience/timeout.md', but the target 'pattern-library/resilience/resilience/timeout.md' is not found among documentation files.
WARNING -  Doc file 'pattern-library/resilience/index.md' contains a link 'resilience/bulkhead.md', but the target 'pattern-library/resilience/resilience/bulkhead.md' is not found among documentation files.
WARNING -  Doc file 'pattern-library/resilience/index.md' contains a link 'resilience/health-check.md', but the target 'pattern-library/resilience/resilience/health-check.md' is not found among documentation files.
WARNING -  Doc file 'pattern-library/resilience/index.md' contains a link 'resilience/failover.md', but the target 'pattern-library/resilience/resilience/failover.md' is not found among documentation files.
WARNING -  Doc file 'pattern-library/resilience/index.md' contains a link 'resilience/graceful-degradation.md', but the target 'pattern-library/resilience/resilience/graceful-degradation.md' is not found among documentation files.
WARNING -  Doc file 'pattern-library/resilience/index.md' contains a link 'timeout-advanced.md', but the target 'pattern-library/resilience/timeout-advanced.md' is not found among documentation files.
WARNING -  Doc file 'pattern-library/resilience/index.md' contains a link 'resilience/circuit-breaker.md', but the target 'pattern-library/resilience/resilience/circuit-breaker.md' is not found among documentation files.
WARNING -  Doc file 'pattern-library/resilience/index.md' contains a link 'resilience/retry-backoff.md', but the target 'pattern-library/resilience/resilience/retry-backoff.md' is not found among documentation files.
WARNING -  Doc file 'pattern-library/resilience/index.md' contains a link 'resilience/bulkhead.md', but the target 'pattern-library/resilience/resilience/bulkhead.md' is not found among documentation files.
WARNING -  Doc file 'pattern-library/resilience/index.md' contains a link 'resilience/timeout.md', but the target 'pattern-library/resilience/resilience/timeout.md' is not found among documentation files.
WARNING -  Doc file 'pattern-library/resilience/index.md' contains a link 'resilience/failover.md', but the target 'pattern-library/resilience/resilience/failover.md' is not found among documentation files.
WARNING -  Doc file 'pattern-library/resilience/index.md' contains a link 'resilience/health-check.md', but the target 'pattern-library/resilience/resilience/health-check.md' is not found among documentation files.
WARNING -  Doc file 'pattern-library/resilience/index.md' contains a link 'resilience/timeout.md', but the target 'pattern-library/resilience/resilience/timeout.md' is not found among documentation files.
WARNING -  Doc file 'pattern-library/resilience/index.md' contains a link 'resilience/health-check.md', but the target 'pattern-library/resilience/resilience/health-check.md' is not found among documentation files.
WARNING -  Doc file 'pattern-library/resilience/index.md' contains a link 'resilience/circuit-breaker.md', but the target 'pattern-library/resilience/resilience/circuit-breaker.md' is not found among documentation files.
WARNING -  Doc file 'pattern-library/resilience/index.md' contains a link 'resilience/retry-backoff.md', but the target 'pattern-library/resilience/resilience/retry-backoff.md' is not found among documentation files.
WARNING -  Doc file 'pattern-library/resilience/index.md' contains a link 'resilience/bulkhead.md', but the target 'pattern-library/resilience/resilience/bulkhead.md' is not found among documentation files.
WARNING -  Doc file 'pattern-library/resilience/index.md' contains a link 'resilience/graceful-degradation.md', but the target 'pattern-library/resilience/resilience/graceful-degradation.md' is not found among documentation files.
INFO    -  Doc file 'pattern-library/resilience/index.md' contains an unrecognized relative link '../', it was left as is. Did you mean '../index.md'?
INFO    -  Doc file 'pattern-library/resilience/index.md' contains an unrecognized relative link '../communication/', it was left as is. Did you mean '../communication/index.md'?
INFO    -  Doc file 'pattern-library/resilience/bulkhead.md' contains an unrecognized relative link '../../part1-axioms/law1-failure/', it was left as is.
INFO    -  Doc file 'pattern-library/resilience/bulkhead.md' contains an unrecognized relative link '../../part1-axioms/law3-emergence/', it was left as is.
INFO    -  Doc file 'pattern-library/resilience/bulkhead.md' contains an unrecognized relative link '../../part1-axioms/law7-economics/', it was left as is.
INFO    -  Doc file 'pattern-library/resilience/failover.md' contains an unrecognized relative link '../../part1-axioms/law1-failure/', it was left as is.
INFO    -  Doc file 'pattern-library/resilience/failover.md' contains an unrecognized relative link '../../part1-axioms/law2-asynchrony/', it was left as is.
INFO    -  Doc file 'pattern-library/resilience/failover.md' contains an unrecognized relative link '../../part1-axioms/law5-epistemology/', it was left as is.
INFO    -  Doc file 'pattern-library/resilience/fault-tolerance.md' contains an unrecognized relative link '../../part1-axioms/law1-failure/', it was left as is.
INFO    -  Doc file 'pattern-library/resilience/fault-tolerance.md' contains an unrecognized relative link '../../part1-axioms/law3-emergence/', it was left as is.
INFO    -  Doc file 'pattern-library/resilience/fault-tolerance.md' contains an unrecognized relative link '../../part1-axioms/law7-economics/', it was left as is.
WARNING -  Doc file 'pattern-library/resilience/graceful-degradation.md' contains a link '../deployment/feature-flags.md', but the target 'pattern-library/deployment/feature-flags.md' is not found among documentation files.
INFO    -  Doc file 'pattern-library/resilience/graceful-degradation.md' contains an unrecognized relative link '../../part1-axioms/law1-failure/', it was left as is.
INFO    -  Doc file 'pattern-library/resilience/graceful-degradation.md' contains an unrecognized relative link '../../part1-axioms/law4-tradeoffs/', it was left as is.
INFO    -  Doc file 'pattern-library/resilience/graceful-degradation.md' contains an unrecognized relative link '../../part1-axioms/law7-economics/', it was left as is.
WARNING -  Doc file 'pattern-library/resilience/health-check.md' contains a link '../coordination/service-discovery.md', but the target 'pattern-library/coordination/service-discovery.md' is not found among documentation files.
WARNING -  Doc file 'pattern-library/resilience/health-check.md' contains a link './graceful-shutdown.md', but the target 'pattern-library/resilience/graceful-shutdown.md' is not found among documentation files.
WARNING -  Doc file 'pattern-library/resilience/health-check.md' contains a link '../observability/monitoring.md', but the target 'pattern-library/observability/monitoring.md' is not found among documentation files.
INFO    -  Doc file 'pattern-library/resilience/heartbeat.md' contains an unrecognized relative link '../../part1-axioms/law1-failure/', it was left as is.
INFO    -  Doc file 'pattern-library/resilience/heartbeat.md' contains an unrecognized relative link '../../part1-axioms/law2-asynchrony/', it was left as is.
INFO    -  Doc file 'pattern-library/resilience/heartbeat.md' contains an unrecognized relative link '../../part1-axioms/law5-epistemology/', it was left as is.
WARNING -  Doc file 'pattern-library/resilience/load-shedding.md' contains a link '../communication/backpressure.md', but the target 'pattern-library/communication/backpressure.md' is not found among documentation files.
INFO    -  Doc file 'pattern-library/resilience/load-shedding.md' contains an unrecognized relative link '../../part1-axioms/law1-failure/', it was left as is.
INFO    -  Doc file 'pattern-library/resilience/load-shedding.md' contains an unrecognized relative link '../../part1-axioms/law3-emergence/', it was left as is.
INFO    -  Doc file 'pattern-library/resilience/load-shedding.md' contains an unrecognized relative link '../../part1-axioms/law7-economics/', it was left as is.
WARNING -  Doc file 'pattern-library/resilience/split-brain.md' contains a link '../coordination/fencing.md', but the target 'pattern-library/coordination/fencing.md' is not found among documentation files.
INFO    -  Doc file 'pattern-library/resilience/split-brain.md' contains an unrecognized relative link '../../part1-axioms/law1-failure/', it was left as is.
INFO    -  Doc file 'pattern-library/resilience/split-brain.md' contains an unrecognized relative link '../../part1-axioms/law2-asynchrony/', it was left as is.
INFO    -  Doc file 'pattern-library/resilience/split-brain.md' contains an unrecognized relative link '../../part1-axioms/law5-epistemology/', it was left as is.
WARNING -  Doc file 'pattern-library/resilience/timeout.md' contains a link '../coordination/deadline-propagation.md', but the target 'pattern-library/coordination/deadline-propagation.md' is not found among documentation files.
WARNING -  Doc file 'pattern-library/scaling/index.md' contains a link './geographic-load-balancing.md', but the target 'pattern-library/scaling/geographic-load-balancing.md' is not found among documentation files.
WARNING -  Doc file 'pattern-library/scaling/index.md' contains a link './content-delivery-network.md', but the target 'pattern-library/scaling/content-delivery-network.md' is not found among documentation files.
WARNING -  Doc file 'pattern-library/scaling/index.md' contains a link './database-sharding.md', but the target 'pattern-library/scaling/database-sharding.md' is not found among documentation files.
WARNING -  Doc file 'pattern-library/scaling/index.md' contains a link './database-per-service.md', but the target 'pattern-library/scaling/database-per-service.md' is not found among documentation files.
WARNING -  Doc file 'pattern-library/scaling/index.md' contains a link './horizontal-pod-autoscaler.md', but the target 'pattern-library/scaling/horizontal-pod-autoscaler.md' is not found among documentation files.
WARNING -  Doc file 'pattern-library/scaling/index.md' contains a link './database-sharding.md', but the target 'pattern-library/scaling/database-sharding.md' is not found among documentation files.
WARNING -  Doc file 'pattern-library/scaling/index.md' contains a link './geographic-load-balancing.md', but the target 'pattern-library/scaling/geographic-load-balancing.md' is not found among documentation files.
WARNING -  Doc file 'pattern-library/scaling/index.md' contains a link './content-delivery-network.md', but the target 'pattern-library/scaling/content-delivery-network.md' is not found among documentation files.
WARNING -  Doc file 'pattern-library/scaling/index.md' contains a link './database-per-service.md', but the target 'pattern-library/scaling/database-per-service.md' is not found among documentation files.
WARNING -  Doc file 'pattern-library/scaling/index.md' contains a link './horizontal-pod-autoscaler.md', but the target 'pattern-library/scaling/horizontal-pod-autoscaler.md' is not found among documentation files.
WARNING -  Doc file 'pattern-library/scaling/index.md' contains a link './geographic-load-balancing.md', but the target 'pattern-library/scaling/geographic-load-balancing.md' is not found among documentation files.
WARNING -  Doc file 'pattern-library/scaling/index.md' contains a link './content-delivery-network.md', but the target 'pattern-library/scaling/content-delivery-network.md' is not found among documentation files.
WARNING -  Doc file 'pattern-library/scaling/index.md' contains a link './database-sharding.md', but the target 'pattern-library/scaling/database-sharding.md' is not found among documentation files.
INFO    -  Doc file 'pattern-library/scaling/index.md' contains an unrecognized relative link '../', it was left as is. Did you mean '../index.md'?
INFO    -  Doc file 'pattern-library/scaling/index.md' contains an unrecognized relative link '../data-management/', it was left as is. Did you mean '../data-management/index.md'?
WARNING -  Doc file 'pattern-library/scaling/analytics-scale.md' contains a link '../architecture/cqrs.md', but the target 'pattern-library/architecture/cqrs.md' is not found among documentation files.
WARNING -  Doc file 'pattern-library/scaling/analytics-scale.md' contains a link '../data-management/streaming.md', but the target 'pattern-library/data-management/streaming.md' is not found among documentation files.
WARNING -  Doc file 'pattern-library/scaling/analytics-scale.md' contains a link '../architecture/cqrs.md', but the target 'pattern-library/architecture/cqrs.md' is not found among documentation files.
INFO    -  Doc file 'pattern-library/scaling/analytics-scale.md' contains an unrecognized relative link '../../part1-axioms/law2/', it was left as is.
INFO    -  Doc file 'pattern-library/scaling/analytics-scale.md' contains an unrecognized relative link '../../part1-axioms/law4/', it was left as is.
INFO    -  Doc file 'pattern-library/scaling/analytics-scale.md' contains an unrecognized relative link '../../part2-pillars/state/', it was left as is.
INFO    -  Doc file 'pattern-library/scaling/analytics-scale.md' contains an unrecognized relative link '../../part2-pillars/work/', it was left as is.
WARNING -  Doc file 'pattern-library/scaling/analytics-scale.md' contains a link '../../excellence/guides/analytics-setup.md', but the target 'excellence/guides/analytics-setup.md' is not found among documentation files.
WARNING -  Doc file 'pattern-library/scaling/analytics-scale.md' contains a link '../../excellence/guides/query-optimization.md', but the target 'excellence/guides/query-optimization.md' is not found among documentation files.
WARNING -  Doc file 'pattern-library/scaling/analytics-scale.md' contains a link '../../excellence/guides/analytics-cost-control.md', but the target 'excellence/guides/analytics-cost-control.md' is not found among documentation files.
WARNING -  Doc file 'pattern-library/scaling/auto-scaling.md' contains a link 'scaling/load-balancing.md', but the target 'pattern-library/scaling/scaling/load-balancing.md' is not found among documentation files.
WARNING -  Doc file 'pattern-library/scaling/auto-scaling.md' contains a link 'scaling/load-balancing.md', but the target 'pattern-library/scaling/scaling/load-balancing.md' is not found among documentation files.
INFO    -  Doc file 'pattern-library/scaling/auto-scaling.md' contains an unrecognized relative link '../../part1-axioms/law2/', it was left as is.
INFO    -  Doc file 'pattern-library/scaling/auto-scaling.md' contains an unrecognized relative link '../../part1-axioms/law7/', it was left as is.
INFO    -  Doc file 'pattern-library/scaling/auto-scaling.md' contains an unrecognized relative link '../../part2-pillars/work/', it was left as is.
INFO    -  Doc file 'pattern-library/scaling/auto-scaling.md' contains an unrecognized relative link '../../part2-pillars/control/', it was left as is.
WARNING -  Doc file 'pattern-library/scaling/auto-scaling.md' contains a link '../../excellence/guides/autoscaling-setup.md', but the target 'excellence/guides/autoscaling-setup.md' is not found among documentation files.
WARNING -  Doc file 'pattern-library/scaling/auto-scaling.md' contains a link '../../excellence/guides/scaling-metrics.md', but the target 'excellence/guides/scaling-metrics.md' is not found among documentation files.
WARNING -  Doc file 'pattern-library/scaling/auto-scaling.md' contains a link '../../excellence/guides/scaling-cost-optimization.md', but the target 'excellence/guides/scaling-cost-optimization.md' is not found among documentation files.
WARNING -  Doc file 'pattern-library/scaling/backpressure.md' contains a link 'scaling/rate-limiting.md', but the target 'pattern-library/scaling/scaling/rate-limiting.md' is not found among documentation files.
WARNING -  Doc file 'pattern-library/scaling/backpressure.md' contains a link 'scaling/rate-limiting.md', but the target 'pattern-library/scaling/scaling/rate-limiting.md' is not found among documentation files.
INFO    -  Doc file 'pattern-library/scaling/backpressure.md' contains an unrecognized relative link '../../part1-axioms/law1/', it was left as is.
INFO    -  Doc file 'pattern-library/scaling/backpressure.md' contains an unrecognized relative link '../../part1-axioms/law2/', it was left as is.
INFO    -  Doc file 'pattern-library/scaling/backpressure.md' contains an unrecognized relative link '../../part2-pillars/work/', it was left as is.
INFO    -  Doc file 'pattern-library/scaling/backpressure.md' contains an unrecognized relative link '../../part2-pillars/control/', it was left as is.
WARNING -  Doc file 'pattern-library/scaling/backpressure.md' contains a link '../../excellence/guides/backpressure-setup.md', but the target 'excellence/guides/backpressure-setup.md' is not found among documentation files.
WARNING -  Doc file 'pattern-library/scaling/backpressure.md' contains a link '../../excellence/guides/backpressure-testing.md', but the target 'excellence/guides/backpressure-testing.md' is not found among documentation files.
WARNING -  Doc file 'pattern-library/scaling/backpressure.md' contains a link '../../excellence/guides/backpressure-optimization.md', but the target 'excellence/guides/backpressure-optimization.md' is not found among documentation files.
WARNING -  Doc file 'pattern-library/scaling/caching-strategies.md' contains a link '../architecture/cqrs.md', but the target 'pattern-library/architecture/cqrs.md' is not found among documentation files.
WARNING -  Doc file 'pattern-library/scaling/caching-strategies.md' contains a link '../infrastructure/cdn.md', but the target 'pattern-library/infrastructure/cdn.md' is not found among documentation files.
WARNING -  Doc file 'pattern-library/scaling/caching-strategies.md' contains a link '../infrastructure/cdn.md', but the target 'pattern-library/infrastructure/cdn.md' is not found among documentation files.
WARNING -  Doc file 'pattern-library/scaling/caching-strategies.md' contains a link 'scaling/sharding.md', but the target 'pattern-library/scaling/scaling/sharding.md' is not found among documentation files.
WARNING -  Doc file 'pattern-library/scaling/caching-strategies.md' contains a link '../architecture/cqrs.md', but the target 'pattern-library/architecture/cqrs.md' is not found among documentation files.
INFO    -  Doc file 'pattern-library/scaling/caching-strategies.md' contains an unrecognized relative link '../../part1-axioms/law4/', it was left as is.
INFO    -  Doc file 'pattern-library/scaling/caching-strategies.md' contains an unrecognized relative link '../../part1-axioms/law7/', it was left as is.
INFO    -  Doc file 'pattern-library/scaling/caching-strategies.md' contains an unrecognized relative link '../../part2-pillars/state/', it was left as is.
INFO    -  Doc file 'pattern-library/scaling/caching-strategies.md' contains an unrecognized relative link '../../part2-pillars/work/', it was left as is.
WARNING -  Doc file 'pattern-library/scaling/caching-strategies.md' contains a link '../../excellence/guides/cache-setup.md', but the target 'excellence/guides/cache-setup.md' is not found among documentation files.
WARNING -  Doc file 'pattern-library/scaling/caching-strategies.md' contains a link '../../excellence/guides/cache-optimization.md', but the target 'excellence/guides/cache-optimization.md' is not found among documentation files.
WARNING -  Doc file 'pattern-library/scaling/caching-strategies.md' contains a link '../../excellence/guides/cache-monitoring.md', but the target 'excellence/guides/cache-monitoring.md' is not found among documentation files.
WARNING -  Doc file 'pattern-library/scaling/chunking.md' contains a link '../performance/loading.md', but the target 'pattern-library/performance/loading.md' is not found among documentation files.
WARNING -  Doc file 'pattern-library/scaling/chunking.md' contains a link '../performance/batching.md', but the target 'pattern-library/performance/batching.md' is not found among documentation files.
WARNING -  Doc file 'pattern-library/scaling/chunking.md' contains a link '../performance/streaming.md', but the target 'pattern-library/performance/streaming.md' is not found among documentation files.
WARNING -  Doc file 'pattern-library/scaling/chunking.md' contains a link '../ui/pagination.md', but the target 'pattern-library/ui/pagination.md' is not found among documentation files.
WARNING -  Doc file 'pattern-library/scaling/chunking.md' contains a link '../reliability/circuit-breaker.md', but the target 'pattern-library/reliability/circuit-breaker.md' is not found among documentation files.
WARNING -  Doc file 'pattern-library/scaling/edge-computing.md' contains a link 'scaling/sharding.md', but the target 'pattern-library/scaling/scaling/sharding.md' is not found among documentation files.
WARNING -  Doc file 'pattern-library/scaling/edge-computing.md' contains a link '../architecture/gateway.md', but the target 'pattern-library/architecture/gateway.md' is not found among documentation files.
WARNING -  Doc file 'pattern-library/scaling/geo-distribution.md' contains a link '../architecture/multi-region.md', but the target 'pattern-library/architecture/multi-region.md' is not found among documentation files.
WARNING -  Doc file 'pattern-library/scaling/geo-distribution.md' contains a link 'scaling/edge-computing.md', but the target 'pattern-library/scaling/scaling/edge-computing.md' is not found among documentation files.
WARNING -  Doc file 'pattern-library/scaling/geo-distribution.md' contains a link '../performance/cdn.md', but the target 'pattern-library/performance/cdn.md' is not found among documentation files.
WARNING -  Doc file 'pattern-library/scaling/geo-distribution.md' contains a link '../data-management/replication.md', but the target 'pattern-library/data-management/replication.md' is not found among documentation files.
WARNING -  Doc file 'pattern-library/scaling/geo-distribution.md' contains a link '../architecture/global-load-balancing.md', but the target 'pattern-library/architecture/global-load-balancing.md' is not found among documentation files.
WARNING -  Doc file 'pattern-library/scaling/geo-replication.md' contains a link '../performance/cdn.md', but the target 'pattern-library/performance/cdn.md' is not found among documentation files.
WARNING -  Doc file 'pattern-library/scaling/geo-replication.md' contains a link 'scaling/id-generation-scale.md', but the target 'pattern-library/scaling/scaling/id-generation-scale.md' is not found among documentation files.
WARNING -  Doc file 'pattern-library/scaling/load-balancing.md' contains a link 'scaling/auto-scaling.md', but the target 'pattern-library/scaling/scaling/auto-scaling.md' is not found among documentation files.
WARNING -  Doc file 'pattern-library/scaling/load-balancing.md' contains a link 'scaling/auto-scaling.md', but the target 'pattern-library/scaling/scaling/auto-scaling.md' is not found among documentation files.
INFO    -  Doc file 'pattern-library/scaling/load-balancing.md' contains an unrecognized relative link '../../part1-axioms/law1/', it was left as is.
INFO    -  Doc file 'pattern-library/scaling/load-balancing.md' contains an unrecognized relative link '../../part1-axioms/law2/', it was left as is.
INFO    -  Doc file 'pattern-library/scaling/load-balancing.md' contains an unrecognized relative link '../../part2-pillars/work/', it was left as is.
INFO    -  Doc file 'pattern-library/scaling/load-balancing.md' contains an unrecognized relative link '../../part2-pillars/control/', it was left as is.
WARNING -  Doc file 'pattern-library/scaling/load-balancing.md' contains a link '../../excellence/guides/load-balancer-setup.md', but the target 'excellence/guides/load-balancer-setup.md' is not found among documentation files.
WARNING -  Doc file 'pattern-library/scaling/load-balancing.md' contains a link '../../excellence/guides/health-check-config.md', but the target 'excellence/guides/health-check-config.md' is not found among documentation files.
WARNING -  Doc file 'pattern-library/scaling/load-balancing.md' contains a link '../../excellence/guides/ssl-termination.md', but the target 'excellence/guides/ssl-termination.md' is not found among documentation files.
INFO    -  Doc file 'pattern-library/scaling/queues-streaming.md' contains an unrecognized relative link 'part1-axioms/law4-tradeoffs', it was left as is.
INFO    -  Doc file 'pattern-library/scaling/queues-streaming.md' contains an unrecognized relative link 'part1-axioms/law2-asynchrony', it was left as is.
INFO    -  Doc file 'pattern-library/scaling/queues-streaming.md' contains an unrecognized relative link 'part1-axioms/law1-failure', it was left as is.
INFO    -  Doc file 'pattern-library/scaling/queues-streaming.md' contains an unrecognized relative link 'part1-axioms/law4-tradeoffs', it was left as is.
INFO    -  Doc file 'pattern-library/scaling/queues-streaming.md' contains an unrecognized relative link 'part1-axioms/law5-epistemology/index', it was left as is.
WARNING -  Doc file 'pattern-library/scaling/queues-streaming.md' contains a link '../pattern-library/architecture/event-driven.md', but the target 'pattern-library/pattern-library/architecture/event-driven.md' is not found among documentation files.
WARNING -  Doc file 'pattern-library/scaling/queues-streaming.md' contains a link '../pattern-library/data-management/cqrs.md', but the target 'pattern-library/pattern-library/data-management/cqrs.md' is not found among documentation files.
WARNING -  Doc file 'pattern-library/scaling/queues-streaming.md' contains a link '../pattern-library/data-management/saga.md', but the target 'pattern-library/pattern-library/data-management/saga.md' is not found among documentation files.
WARNING -  Doc file 'pattern-library/scaling/queues-streaming.md' contains a link '../pattern-library/resilience/circuit-breaker.md', but the target 'pattern-library/pattern-library/resilience/circuit-breaker.md' is not found among documentation files.
INFO    -  Doc file 'pattern-library/scaling/queues-streaming.md' contains an unrecognized relative link 'part1-axioms/law4-tradeoffs', it was left as is.
INFO    -  Doc file 'pattern-library/scaling/queues-streaming.md' contains an unrecognized relative link 'part1-axioms/law2-asynchrony', it was left as is.
INFO    -  Doc file 'pattern-library/scaling/queues-streaming.md' contains an unrecognized relative link 'part1-axioms/law1-failure/index', it was left as is.
WARNING -  Doc file 'pattern-library/scaling/rate-limiting.md' contains a link '../architecture/api-gateway.md', but the target 'pattern-library/architecture/api-gateway.md' is not found among documentation files.
WARNING -  Doc file 'pattern-library/scaling/rate-limiting.md' contains a link '../architecture/api-gateway.md', but the target 'pattern-library/architecture/api-gateway.md' is not found among documentation files.
INFO    -  Doc file 'pattern-library/scaling/rate-limiting.md' contains an unrecognized relative link '../../part1-axioms/law1/', it was left as is.
INFO    -  Doc file 'pattern-library/scaling/rate-limiting.md' contains an unrecognized relative link '../../part1-axioms/law7/', it was left as is.
INFO    -  Doc file 'pattern-library/scaling/rate-limiting.md' contains an unrecognized relative link '../../part2-pillars/control/', it was left as is.
INFO    -  Doc file 'pattern-library/scaling/rate-limiting.md' contains an unrecognized relative link '../../part2-pillars/work/', it was left as is.
WARNING -  Doc file 'pattern-library/scaling/rate-limiting.md' contains a link '../../excellence/guides/rate-limiting-setup.md', but the target 'excellence/guides/rate-limiting-setup.md' is not found among documentation files.
WARNING -  Doc file 'pattern-library/scaling/rate-limiting.md' contains a link '../../excellence/guides/rate-limiting-algorithms.md', but the target 'excellence/guides/rate-limiting-algorithms.md' is not found among documentation files.
WARNING -  Doc file 'pattern-library/scaling/rate-limiting.md' contains a link '../../excellence/guides/rate-limiting-monitoring.md', but the target 'excellence/guides/rate-limiting-monitoring.md' is not found among documentation files.
WARNING -  Doc file 'pattern-library/scaling/request-batching.md' contains a link '../part2-pillars/1-work-distribution/index.md', but the target 'pattern-library/part2-pillars/1-work-distribution/index.md' is not found among documentation files.
WARNING -  Doc file 'pattern-library/scaling/request-batching.md' contains a link 'resilience/circuit-breaker.md', but the target 'pattern-library/scaling/resilience/circuit-breaker.md' is not found among documentation files.
WARNING -  Doc file 'pattern-library/scaling/request-batching.md' contains a link 'resilience/bulkhead.md', but the target 'pattern-library/scaling/resilience/bulkhead.md' is not found among documentation files.
WARNING -  Doc file 'pattern-library/scaling/request-batching.md' contains a link 'queue-load-leveling.md', but the target 'pattern-library/scaling/queue-load-leveling.md' is not found among documentation files.
WARNING -  Doc file 'pattern-library/scaling/request-batching.md' contains a link 'data-management/saga.md', but the target 'pattern-library/scaling/data-management/saga.md' is not found among documentation files.
WARNING -  Doc file 'pattern-library/scaling/request-batching.md' contains a link '../architects-handbook/quantitative-analysis/littles-law.md', but the target 'pattern-library/architects-handbook/quantitative-analysis/littles-law.md' is not found among documentation files.
WARNING -  Doc file 'pattern-library/scaling/request-batching.md' contains a link '../architects-handbook/quantitative-analysis/queueing-models.md', but the target 'pattern-library/architects-handbook/quantitative-analysis/queueing-models.md' is not found among documentation files.
WARNING -  Doc file 'pattern-library/scaling/request-batching.md' contains a link '../quantitative/capacity-planning.md', but the target 'pattern-library/quantitative/capacity-planning.md' is not found among documentation files.
WARNING -  Doc file 'pattern-library/scaling/request-batching.md' contains a link '../human-factors/performance-testing.md', but the target 'pattern-library/human-factors/performance-testing.md' is not found among documentation files.
WARNING -  Doc file 'pattern-library/scaling/scatter-gather.md' contains a link 'resilience/circuit-breaker.md', but the target 'pattern-library/scaling/resilience/circuit-breaker.md' is not found among documentation files.
WARNING -  Doc file 'pattern-library/scaling/scatter-gather.md' contains a link 'scaling/load-balancing.md', but the target 'pattern-library/scaling/scaling/load-balancing.md' is not found among documentation files.
WARNING -  Doc file 'pattern-library/scaling/scatter-gather.md' contains a link 'data-management/saga.md', but the target 'pattern-library/scaling/data-management/saga.md' is not found among documentation files.
WARNING -  Doc file 'pattern-library/scaling/scatter-gather.md' contains a link 'communication/api-gateway.md', but the target 'pattern-library/scaling/communication/api-gateway.md' is not found among documentation files.
WARNING -  Doc file 'pattern-library/scaling/sharding.md' contains a link '../scaling/consistent-hashing.md', but the target 'pattern-library/scaling/consistent-hashing.md' is not found among documentation files.
WARNING -  Doc file 'pattern-library/scaling/sharding.md' contains a link '../data/database-per-service.md', but the target 'pattern-library/data/database-per-service.md' is not found among documentation files.
WARNING -  Doc file 'pattern-library/scaling/sharding.md' contains a link '../data/cqrs.md', but the target 'pattern-library/data/cqrs.md' is not found among documentation files.
WARNING -  Doc file 'pattern-library/scaling/sharding.md' contains a link '../infrastructure/service-mesh.md', but the target 'pattern-library/infrastructure/service-mesh.md' is not found among documentation files.
WARNING -  Doc file 'pattern-library/scaling/sharding.md' contains a link '../case-studies/discord-messages.md', but the target 'pattern-library/case-studies/discord-messages.md' is not found among documentation files.
WARNING -  Doc file 'pattern-library/scaling/sharding.md' contains a link '../case-studies/pinterest-sharding.md', but the target 'pattern-library/case-studies/pinterest-sharding.md' is not found among documentation files.
WARNING -  Doc file 'pattern-library/scaling/sharding.md' contains a link '../case-studies/uber-schemaless.md', but the target 'pattern-library/case-studies/uber-schemaless.md' is not found among documentation files.
INFO    -  Doc file 'pattern-library/scaling/tile-caching.md' contains an unrecognized relative link 'pattern-library/edge-computing', it was left as is.
WARNING -  Doc file 'pattern-library/scaling/tile-caching.md' contains a link 'cache-aside.md', but the target 'pattern-library/scaling/cache-aside.md' is not found among documentation files.
INFO    -  Doc file 'pattern-library/scaling/tile-caching.md' contains an unrecognized relative link 'case-studies/google-maps', it was left as is.
INFO    -  Doc file 'patterns/index.md' contains an unrecognized relative link 'communication/', it was left as is. Did you mean 'communication/index.md'?
INFO    -  Doc file 'patterns/index.md' contains an unrecognized relative link 'resilience/', it was left as is. Did you mean 'resilience/index.md'?
INFO    -  Doc file 'patterns/index.md' contains an unrecognized relative link 'data-management/', it was left as is. Did you mean 'data-management/index.md'?
INFO    -  Doc file 'patterns/index.md' contains an unrecognized relative link 'scaling/', it was left as is. Did you mean 'scaling/index.md'?
INFO    -  Doc file 'patterns/index.md' contains an unrecognized relative link 'architecture/', it was left as is. Did you mean 'architecture/index.md'?
INFO    -  Doc file 'patterns/index.md' contains an unrecognized relative link 'coordination/', it was left as is. Did you mean 'coordination/index.md'?
INFO    -  Doc file 'patterns/pattern-implementation-roadmap.md' contains an unrecognized relative link '../resilience/health-check/', it was left as is. Did you mean 'resilience/health-check.md'?
INFO    -  Doc file 'patterns/pattern-implementation-roadmap.md' contains an unrecognized relative link '../scaling/load-balancing/', it was left as is. Did you mean 'scaling/load-balancing.md'?
INFO    -  Doc file 'patterns/pattern-implementation-roadmap.md' contains an unrecognized relative link '../scaling/caching-strategies/', it was left as is. Did you mean 'scaling/caching-strategies.md'?
INFO    -  Doc file 'patterns/pattern-implementation-roadmap.md' contains an unrecognized relative link '../resilience/circuit-breaker/', it was left as is. Did you mean 'resilience/circuit-breaker.md'?
INFO    -  Doc file 'patterns/pattern-implementation-roadmap.md' contains an unrecognized relative link '../resilience/retry-backoff/', it was left as is. Did you mean 'resilience/retry-backoff.md'?
INFO    -  Doc file 'patterns/pattern-implementation-roadmap.md' contains an unrecognized relative link '../resilience/timeout/', it was left as is. Did you mean 'resilience/timeout.md'?
INFO    -  Doc file 'patterns/pattern-implementation-roadmap.md' contains an unrecognized relative link '../scaling/auto-scaling/', it was left as is. Did you mean 'scaling/auto-scaling.md'?
INFO    -  Doc file 'patterns/pattern-implementation-roadmap.md' contains an unrecognized relative link '../scaling/sharding/', it was left as is. Did you mean 'scaling/sharding.md'?
INFO    -  Doc file 'patterns/pattern-implementation-roadmap.md' contains an unrecognized relative link '../architecture/event-driven/', it was left as is. Did you mean 'architecture/event-driven.md'?
WARNING -  Doc file 'patterns/pattern-implementation-roadmap.md' contains a link 'roadmaps/startup-roadmap.xlsx', but the target 'patterns/roadmaps/startup-roadmap.xlsx' is not found among documentation files.
WARNING -  Doc file 'patterns/pattern-implementation-roadmap.md' contains a link 'roadmaps/scale-roadmap.xlsx', but the target 'patterns/roadmaps/scale-roadmap.xlsx' is not found among documentation files.
WARNING -  Doc file 'patterns/pattern-implementation-roadmap.md' contains a link 'roadmaps/enterprise-roadmap.xlsx', but the target 'patterns/roadmaps/enterprise-roadmap.xlsx' is not found among documentation files.
WARNING -  Doc file 'patterns/pattern-implementation-roadmap.md' contains a link 'roadmaps/migration-roadmap.xlsx', but the target 'patterns/roadmaps/migration-roadmap.xlsx' is not found among documentation files.
WARNING -  Doc file 'patterns/pattern-migration-guides.md' contains a link 'playbooks/monolith-microservices.pdf', but the target 'patterns/playbooks/monolith-microservices.pdf' is not found among documentation files.
WARNING -  Doc file 'patterns/pattern-migration-guides.md' contains a link 'playbooks/sync-async.pdf', but the target 'patterns/playbooks/sync-async.pdf' is not found among documentation files.
WARNING -  Doc file 'patterns/pattern-migration-guides.md' contains a link 'playbooks/database-split.pdf', but the target 'patterns/playbooks/database-split.pdf' is not found among documentation files.
WARNING -  Doc file 'patterns/pattern-migration-guides.md' contains a link 'playbooks/legacy-sunset.pdf', but the target 'patterns/playbooks/legacy-sunset.pdf' is not found among documentation files.
WARNING -  Doc file 'patterns/pattern-template-v2.md' contains a link '../category/pattern1.md', but the target 'category/pattern1.md' is not found among documentation files.
WARNING -  Doc file 'patterns/pattern-template-v2.md' contains a link '../category/pattern2.md', but the target 'category/pattern2.md' is not found among documentation files.
WARNING -  Doc file 'patterns/pattern-template-v2.md' contains a link '../category/pattern3.md', but the target 'category/pattern3.md' is not found among documentation files.
INFO    -  Doc file 'patterns/pattern-template-v2.md' contains an unrecognized relative link '../../part1-axioms/law1/', it was left as is.
INFO    -  Doc file 'patterns/pattern-template-v2.md' contains an unrecognized relative link '../../part1-axioms/law2/', it was left as is.
INFO    -  Doc file 'patterns/pattern-template-v2.md' contains an unrecognized relative link '../../part2-pillars/pillar1/', it was left as is.
INFO    -  Doc file 'patterns/pattern-template-v2.md' contains an unrecognized relative link '../../part2-pillars/pillar2/', it was left as is.
WARNING -  Doc file 'patterns/pattern-template-v2.md' contains a link '../../excellence/guides/pattern-setup.md', but the target '../excellence/guides/pattern-setup.md' is not found among documentation files.
WARNING -  Doc file 'patterns/pattern-template-v2.md' contains a link '../../excellence/guides/pattern-testing.md', but the target '../excellence/guides/pattern-testing.md' is not found among documentation files.
WARNING -  Doc file 'patterns/pattern-template-v2.md' contains a link '../../excellence/migrations/to-pattern.md', but the target '../excellence/migrations/to-pattern.md' is not found among documentation files.
WARNING -  Doc file 'patterns/architecture/index.md' contains a link 'architecture/event-driven.md', but the target 'patterns/architecture/architecture/event-driven.md' is not found among documentation files.
WARNING -  Doc file 'patterns/architecture/index.md' contains a link 'architecture/sidecar.md', but the target 'patterns/architecture/architecture/sidecar.md' is not found among documentation files.
INFO    -  Doc file 'patterns/architecture/index.md' contains an unrecognized relative link '../', it was left as is. Did you mean '../index.md'?
WARNING -  Doc file 'patterns/architecture/anti-corruption-layer.md' contains a link 'architecture/sidecar.md', but the target 'patterns/architecture/architecture/sidecar.md' is not found among documentation files.
WARNING -  Doc file 'patterns/architecture/cap-theorem.md' contains a link 'tunable-consistency.md', but the target 'patterns/architecture/tunable-consistency.md' is not found among documentation files.
WARNING -  Doc file 'patterns/architecture/cap-theorem.md' contains a link 'coordination/consensus.md', but the target 'patterns/architecture/coordination/consensus.md' is not found among documentation files.
WARNING -  Doc file 'patterns/architecture/cap-theorem.md' contains a link 'multi-region.md', but the target 'patterns/architecture/multi-region.md' is not found among documentation files.
INFO    -  Doc file 'patterns/architecture/cap-theorem.md' contains an unrecognized relative link '../../part1-axioms/law2/', it was left as is.
INFO    -  Doc file 'patterns/architecture/cap-theorem.md' contains an unrecognized relative link '../../part1-axioms/law3/', it was left as is.
INFO    -  Doc file 'patterns/architecture/cap-theorem.md' contains an unrecognized relative link '../../part2-pillars/state/', it was left as is.
INFO    -  Doc file 'patterns/architecture/cap-theorem.md' contains an unrecognized relative link '../../part2-pillars/truth/', it was left as is.
WARNING -  Doc file 'patterns/architecture/cap-theorem.md' contains a link '../../excellence/guides/pacelc-analysis.md', but the target 'excellence/guides/pacelc-analysis.md' is not found among documentation files.
WARNING -  Doc file 'patterns/architecture/cap-theorem.md' contains a link '../../excellence/guides/tunable-consistency.md', but the target 'excellence/guides/tunable-consistency.md' is not found among documentation files.
WARNING -  Doc file 'patterns/architecture/cap-theorem.md' contains a link '../../excellence/guides/crdt-setup.md', but the target 'excellence/guides/crdt-setup.md' is not found among documentation files.
WARNING -  Doc file 'patterns/architecture/cell-based.md' contains a link 'communication/service-mesh.md', but the target 'patterns/architecture/communication/service-mesh.md' is not found among documentation files.
WARNING -  Doc file 'patterns/architecture/choreography.md' contains a link '../coordination/saga.md', but the target 'patterns/coordination/saga.md' is not found among documentation files.
INFO    -  Doc file 'patterns/architecture/choreography.md' contains an unrecognized relative link '../../part1-axioms/law2/', it was left as is.
INFO    -  Doc file 'patterns/architecture/choreography.md' contains an unrecognized relative link '../../part1-axioms/law3/', it was left as is.
INFO    -  Doc file 'patterns/architecture/choreography.md' contains an unrecognized relative link '../../part2-pillars/control/', it was left as is.
INFO    -  Doc file 'patterns/architecture/choreography.md' contains an unrecognized relative link '../../part2-pillars/intelligence/', it was left as is.
WARNING -  Doc file 'patterns/architecture/choreography.md' contains a link '../../excellence/migrations/choreography-to-streaming.md', but the target 'excellence/migrations/choreography-to-streaming.md' is not found among documentation files.
WARNING -  Doc file 'patterns/architecture/choreography.md' contains a link '../../excellence/migrations/choreography-to-saga.md', but the target 'excellence/migrations/choreography-to-saga.md' is not found among documentation files.
WARNING -  Doc file 'patterns/architecture/choreography.md' contains a link '../../excellence/guides/event-bus-setup.md', but the target 'excellence/guides/event-bus-setup.md' is not found among documentation files.
WARNING -  Doc file 'patterns/architecture/event-driven.md' contains a link 'scaling/edge-computing.md', but the target 'patterns/architecture/scaling/edge-computing.md' is not found among documentation files.
WARNING -  Doc file 'patterns/architecture/event-driven.md' contains a link 'data-management/event-sourcing.md', but the target 'patterns/architecture/data-management/event-sourcing.md' is not found among documentation files.
WARNING -  Doc file 'patterns/architecture/event-streaming.md' contains a link 'architecture/event-driven.md', but the target 'patterns/architecture/architecture/event-driven.md' is not found among documentation files.
INFO    -  Doc file 'patterns/architecture/event-streaming.md' contains an unrecognized relative link '../../part1-axioms/law2/', it was left as is.
INFO    -  Doc file 'patterns/architecture/event-streaming.md' contains an unrecognized relative link '../../part1-axioms/law3/', it was left as is.
INFO    -  Doc file 'patterns/architecture/event-streaming.md' contains an unrecognized relative link '../../part2-pillars/work/', it was left as is.
INFO    -  Doc file 'patterns/architecture/event-streaming.md' contains an unrecognized relative link '../../part2-pillars/state/', it was left as is.
WARNING -  Doc file 'patterns/architecture/event-streaming.md' contains a link '../../excellence/guides/kafka-setup.md', but the target 'excellence/guides/kafka-setup.md' is not found among documentation files.
WARNING -  Doc file 'patterns/architecture/event-streaming.md' contains a link '../../excellence/guides/flink-best-practices.md', but the target 'excellence/guides/flink-best-practices.md' is not found among documentation files.
WARNING -  Doc file 'patterns/architecture/event-streaming.md' contains a link '../../excellence/guides/stream-testing.md', but the target 'excellence/guides/stream-testing.md' is not found among documentation files.
WARNING -  Doc file 'patterns/architecture/graphql-federation.md' contains a link '../architecture/api-gateway.md', but the target 'patterns/architecture/api-gateway.md' is not found among documentation files.
WARNING -  Doc file 'patterns/architecture/graphql-federation.md' contains a link '../architecture/service-mesh.md', but the target 'patterns/architecture/service-mesh.md' is not found among documentation files.
WARNING -  Doc file 'patterns/architecture/graphql-federation.md' contains a link '../architecture/cqrs.md', but the target 'patterns/architecture/cqrs.md' is not found among documentation files.
WARNING -  Doc file 'patterns/architecture/graphql-federation.md' contains a link '../architecture/event-sourcing.md', but the target 'patterns/architecture/event-sourcing.md' is not found among documentation files.
WARNING -  Doc file 'patterns/architecture/graphql-federation.md' contains a link '../architecture/bff.md', but the target 'patterns/architecture/bff.md' is not found among documentation files.
WARNING -  Doc file 'patterns/architecture/graphql-federation.md' contains a link '../architecture/api-gateway.md', but the target 'patterns/architecture/api-gateway.md' is not found among documentation files.
WARNING -  Doc file 'patterns/architecture/serverless-faas.md' contains a link 'data-management/saga.md', but the target 'patterns/architecture/data-management/saga.md' is not found among documentation files.
WARNING -  Doc file 'patterns/architecture/serverless-faas.md' contains a link 'communication/service-discovery.md', but the target 'patterns/architecture/communication/service-discovery.md' is not found among documentation files.
WARNING -  Doc file 'patterns/architecture/shared-nothing.md' contains a link 'scaling/sharding.md', but the target 'patterns/architecture/scaling/sharding.md' is not found among documentation files.
WARNING -  Doc file 'patterns/architecture/shared-nothing.md' contains a link 'data-management/consistent-hashing.md', but the target 'patterns/architecture/data-management/consistent-hashing.md' is not found among documentation files.
WARNING -  Doc file 'patterns/architecture/shared-nothing.md' contains a link 'communication/service-mesh.md', but the target 'patterns/architecture/communication/service-mesh.md' is not found among documentation files.
WARNING -  Doc file 'patterns/architecture/shared-nothing.md' contains a link 'resilience/bulkhead.md', but the target 'patterns/architecture/resilience/bulkhead.md' is not found among documentation files.
WARNING -  Doc file 'patterns/architecture/sidecar.md' contains a link '../architecture/service-mesh.md', but the target 'patterns/architecture/service-mesh.md' is not found among documentation files.
WARNING -  Doc file 'patterns/architecture/sidecar.md' contains a link '../architecture/api-gateway.md', but the target 'patterns/architecture/api-gateway.md' is not found among documentation files.
WARNING -  Doc file 'patterns/architecture/strangler-fig.md' contains a link 'communication/api-gateway.md', but the target 'patterns/architecture/communication/api-gateway.md' is not found among documentation files.
WARNING -  Doc file 'patterns/architecture/strangler-fig.md' contains a link 'communication/service-mesh.md', but the target 'patterns/architecture/communication/service-mesh.md' is not found among documentation files.
WARNING -  Doc file 'patterns/architecture/strangler-fig.md' contains a link 'data-management/event-sourcing.md', but the target 'patterns/architecture/data-management/event-sourcing.md' is not found among documentation files.
WARNING -  Doc file 'patterns/architecture/strangler-fig.md' contains a link 'resilience/circuit-breaker.md', but the target 'patterns/architecture/resilience/circuit-breaker.md' is not found among documentation files.
WARNING -  Doc file 'patterns/architecture/valet-key.md' contains a link '../pattern-library/communication/api-gateway.md', but the target 'patterns/pattern-library/communication/api-gateway.md' is not found among documentation files.
WARNING -  Doc file 'patterns/architecture/valet-key.md' contains a link '../pattern-library/resilience/circuit-breaker.md', but the target 'patterns/pattern-library/resilience/circuit-breaker.md' is not found among documentation files.
WARNING -  Doc file 'patterns/architecture/valet-key.md' contains a link '../pattern-library/scaling/rate-limiting.md', but the target 'patterns/pattern-library/scaling/rate-limiting.md' is not found among documentation files.
INFO    -  Doc file 'patterns/architecture/valet-key.md' contains an unrecognized relative link 'part1-axioms/law7-economics/index', it was left as is.
INFO    -  Doc file 'patterns/architecture/valet-key.md' contains an unrecognized relative link 'part2-pillars/control/index', it was left as is.
WARNING -  Doc file 'patterns/architecture/valet-key.md' contains a link '../pattern-library/scaling/edge-computing.md', but the target 'patterns/pattern-library/scaling/edge-computing.md' is not found among documentation files.
WARNING -  Doc file 'patterns/architecture/valet-key.md' contains a link '../pattern-library/distributed-storage.md#encryption', but the target 'patterns/pattern-library/distributed-storage.md' is not found among documentation files.
WARNING -  Doc file 'patterns/communication/index.md' contains a link 'communication/publish-subscribe.md', but the target 'patterns/communication/communication/publish-subscribe.md' is not found among documentation files.
WARNING -  Doc file 'patterns/communication/index.md' contains a link 'communication/websocket.md', but the target 'patterns/communication/communication/websocket.md' is not found among documentation files.
WARNING -  Doc file 'patterns/communication/index.md' contains a link 'communication/service-discovery.md', but the target 'patterns/communication/communication/service-discovery.md' is not found among documentation files.
WARNING -  Doc file 'patterns/communication/index.md' contains a link 'communication/api-gateway.md', but the target 'patterns/communication/communication/api-gateway.md' is not found among documentation files.
WARNING -  Doc file 'patterns/communication/index.md' contains a link 'communication/service-mesh.md', but the target 'patterns/communication/communication/service-mesh.md' is not found among documentation files.
WARNING -  Doc file 'patterns/communication/index.md' contains a link 'communication/publish-subscribe.md', but the target 'patterns/communication/communication/publish-subscribe.md' is not found among documentation files.
WARNING -  Doc file 'patterns/communication/index.md' contains a link 'communication/websocket.md', but the target 'patterns/communication/communication/websocket.md' is not found among documentation files.
WARNING -  Doc file 'patterns/communication/index.md' contains a link 'communication/api-gateway.md', but the target 'patterns/communication/communication/api-gateway.md' is not found among documentation files.
WARNING -  Doc file 'patterns/communication/index.md' contains a link 'communication/service-mesh.md', but the target 'patterns/communication/communication/service-mesh.md' is not found among documentation files.
WARNING -  Doc file 'patterns/communication/index.md' contains a link 'communication/service-discovery.md', but the target 'patterns/communication/communication/service-discovery.md' is not found among documentation files.
INFO    -  Doc file 'patterns/communication/index.md' contains an unrecognized relative link '../', it was left as is. Did you mean '../index.md'?
WARNING -  Doc file 'patterns/communication/api-gateway.md' contains a link 'communication/service-mesh.md', but the target 'patterns/communication/communication/service-mesh.md' is not found among documentation files.
WARNING -  Doc file 'patterns/communication/grpc.md' contains a link 'communication/websocket.md', but the target 'patterns/communication/communication/websocket.md' is not found among documentation files.
WARNING -  Doc file 'patterns/communication/request-reply.md' contains a link 'communication/websocket.md', but the target 'patterns/communication/communication/websocket.md' is not found among documentation files.
WARNING -  Doc file 'patterns/communication/request-reply.md' contains a link 'communication/publish-subscribe.md', but the target 'patterns/communication/communication/publish-subscribe.md' is not found among documentation files.
WARNING -  Doc file 'patterns/communication/service-discovery.md' contains a link 'communication/service-mesh.md', but the target 'patterns/communication/communication/service-mesh.md' is not found among documentation files.
WARNING -  Doc file 'patterns/communication/service-discovery.md' contains a link '../observability/health-check.md', but the target 'patterns/observability/health-check.md' is not found among documentation files.
WARNING -  Doc file 'patterns/communication/service-discovery.md' contains a link 'communication/api-gateway.md', but the target 'patterns/communication/communication/api-gateway.md' is not found among documentation files.
WARNING -  Doc file 'patterns/communication/service-discovery.md' contains a link '../architecture/configuration-management.md', but the target 'patterns/architecture/configuration-management.md' is not found among documentation files.
WARNING -  Doc file 'patterns/communication/service-discovery.md' contains a link 'communication/publish-subscribe.md', but the target 'patterns/communication/communication/publish-subscribe.md' is not found among documentation files.
WARNING -  Doc file 'patterns/communication/service-discovery.md' contains a link 'communication/websocket.md', but the target 'patterns/communication/communication/websocket.md' is not found among documentation files.
WARNING -  Doc file 'patterns/communication/service-registry.md' contains a link 'communication/service-discovery.md', but the target 'patterns/communication/communication/service-discovery.md' is not found among documentation files.
WARNING -  Doc file 'patterns/communication/service-registry.md' contains a link 'communication/api-gateway.md', but the target 'patterns/communication/communication/api-gateway.md' is not found among documentation files.
WARNING -  Doc file 'patterns/communication/websocket.md' contains a link 'communication/service-discovery.md', but the target 'patterns/communication/communication/service-discovery.md' is not found among documentation files.
WARNING -  Doc file 'patterns/coordination/index.md' contains a link 'coordination/consensus.md', but the target 'patterns/coordination/coordination/consensus.md' is not found among documentation files.
WARNING -  Doc file 'patterns/coordination/index.md' contains a link 'coordination/leader-election.md', but the target 'patterns/coordination/coordination/leader-election.md' is not found among documentation files.
WARNING -  Doc file 'patterns/coordination/index.md' contains a link 'coordination/logical-clocks.md', but the target 'patterns/coordination/coordination/logical-clocks.md' is not found among documentation files.
WARNING -  Doc file 'patterns/coordination/index.md' contains a link 'coordination/hlc.md', but the target 'patterns/coordination/coordination/hlc.md' is not found among documentation files.
WARNING -  Doc file 'patterns/coordination/index.md' contains a link 'coordination/clock-sync.md', but the target 'patterns/coordination/coordination/clock-sync.md' is not found among documentation files.
WARNING -  Doc file 'patterns/coordination/index.md' contains a link 'coordination/distributed-lock.md', but the target 'patterns/coordination/coordination/distributed-lock.md' is not found among documentation files.
INFO    -  Doc file 'patterns/coordination/index.md' contains an unrecognized relative link '../', it was left as is. Did you mean '../index.md'?
WARNING -  Doc file 'patterns/coordination/actor-model.md' contains a link '../architecture/service-mesh.md', but the target 'patterns/architecture/service-mesh.md' is not found among documentation files.
WARNING -  Doc file 'patterns/coordination/actor-model.md' contains a link '../architecture/service-mesh.md', but the target 'patterns/architecture/service-mesh.md' is not found among documentation files.
WARNING -  Doc file 'patterns/coordination/actor-model.md' contains a link '../scaling/serverless.md', but the target 'patterns/scaling/serverless.md' is not found among documentation files.
WARNING -  Doc file 'patterns/coordination/actor-model.md' contains a link '../architecture/cqrs.md', but the target 'patterns/architecture/cqrs.md' is not found among documentation files.
WARNING -  Doc file 'patterns/coordination/actor-model.md' contains a link '../architecture/service-mesh.md', but the target 'patterns/architecture/service-mesh.md' is not found among documentation files.
WARNING -  Doc file 'patterns/coordination/actor-model.md' contains a link '../scaling/serverless.md', but the target 'patterns/scaling/serverless.md' is not found among documentation files.
INFO    -  Doc file 'patterns/coordination/actor-model.md' contains an unrecognized relative link '../../part1-axioms/law2-asynchrony/', it was left as is.
INFO    -  Doc file 'patterns/coordination/actor-model.md' contains an unrecognized relative link '../../part1-axioms/law3-emergence/', it was left as is.
INFO    -  Doc file 'patterns/coordination/actor-model.md' contains an unrecognized relative link '../../part2-pillars/work/', it was left as is.
INFO    -  Doc file 'patterns/coordination/actor-model.md' contains an unrecognized relative link '../../part2-pillars/control/', it was left as is.
WARNING -  Doc file 'patterns/coordination/actor-model.md' contains a link '../../excellence/migrations/actor-to-service-mesh.md', but the target 'excellence/migrations/actor-to-service-mesh.md' is not found among documentation files.
WARNING -  Doc file 'patterns/coordination/actor-model.md' contains a link '../../excellence/migrations/actor-to-serverless.md', but the target 'excellence/migrations/actor-to-serverless.md' is not found among documentation files.
WARNING -  Doc file 'patterns/coordination/actor-model.md' contains a link '../../excellence/guides/modern-concurrency.md', but the target 'excellence/guides/modern-concurrency.md' is not found among documentation files.
WARNING -  Doc file 'patterns/coordination/cas.md' contains a link '../coordination/stm.md', but the target 'patterns/coordination/stm.md' is not found among documentation files.
WARNING -  Doc file 'patterns/coordination/cas.md' contains a link '../data-management/optimistic-locking.md', but the target 'patterns/data-management/optimistic-locking.md' is not found among documentation files.
WARNING -  Doc file 'patterns/coordination/cas.md' contains a link '../data-management/optimistic-locking.md', but the target 'patterns/data-management/optimistic-locking.md' is not found among documentation files.
WARNING -  Doc file 'patterns/coordination/cas.md' contains a link '../coordination/atomic-broadcast.md', but the target 'patterns/coordination/atomic-broadcast.md' is not found among documentation files.
INFO    -  Doc file 'patterns/coordination/cas.md' contains an unrecognized relative link '../../part1-axioms/law2-asynchrony/', it was left as is.
INFO    -  Doc file 'patterns/coordination/cas.md' contains an unrecognized relative link '../../part1-axioms/law4-optimization/', it was left as is.
INFO    -  Doc file 'patterns/coordination/cas.md' contains an unrecognized relative link '../../part2-pillars/work/', it was left as is.
INFO    -  Doc file 'patterns/coordination/cas.md' contains an unrecognized relative link '../../part2-pillars/state/', it was left as is.
WARNING -  Doc file 'patterns/coordination/cas.md' contains a link '../../excellence/guides/lock-free-programming.md', but the target 'excellence/guides/lock-free-programming.md' is not found among documentation files.
WARNING -  Doc file 'patterns/coordination/cas.md' contains a link '../../excellence/guides/memory-models.md', but the target 'excellence/guides/memory-models.md' is not found among documentation files.
WARNING -  Doc file 'patterns/coordination/cas.md' contains a link '../../excellence/guides/concurrency-testing.md', but the target 'excellence/guides/concurrency-testing.md' is not found among documentation files.
WARNING -  Doc file 'patterns/coordination/clock-sync.md' contains a link 'coordination/logical-clocks.md', but the target 'patterns/coordination/coordination/logical-clocks.md' is not found among documentation files.
WARNING -  Doc file 'patterns/coordination/clock-sync.md' contains a link '../data-management/vector-clocks.md', but the target 'patterns/data-management/vector-clocks.md' is not found among documentation files.
WARNING -  Doc file 'patterns/coordination/clock-sync.md' contains a link 'coordination/consensus.md', but the target 'patterns/coordination/coordination/consensus.md' is not found among documentation files.
WARNING -  Doc file 'patterns/coordination/clock-sync.md' contains a link 'coordination/distributed-lock.md', but the target 'patterns/coordination/coordination/distributed-lock.md' is not found among documentation files.
WARNING -  Doc file 'patterns/coordination/clock-sync.md' contains a link 'coordination/logical-clocks.md', but the target 'patterns/coordination/coordination/logical-clocks.md' is not found among documentation files.
WARNING -  Doc file 'patterns/coordination/clock-sync.md' contains a link 'coordination/hlc.md', but the target 'patterns/coordination/coordination/hlc.md' is not found among documentation files.
INFO    -  Doc file 'patterns/coordination/clock-sync.md' contains an unrecognized relative link '../../part1-axioms/law2-asynchrony/', it was left as is.
INFO    -  Doc file 'patterns/coordination/clock-sync.md' contains an unrecognized relative link '../../part1-axioms/law1-failure/', it was left as is.
INFO    -  Doc file 'patterns/coordination/clock-sync.md' contains an unrecognized relative link '../../part2-pillars/truth/', it was left as is.
INFO    -  Doc file 'patterns/coordination/clock-sync.md' contains an unrecognized relative link '../../part2-pillars/control/', it was left as is.
WARNING -  Doc file 'patterns/coordination/clock-sync.md' contains a link '../../excellence/guides/ntp-setup.md', but the target 'excellence/guides/ntp-setup.md' is not found among documentation files.
WARNING -  Doc file 'patterns/coordination/clock-sync.md' contains a link '../../excellence/guides/ptp-config.md', but the target 'excellence/guides/ptp-config.md' is not found among documentation files.
WARNING -  Doc file 'patterns/coordination/clock-sync.md' contains a link '../../excellence/guides/time-monitoring.md', but the target 'excellence/guides/time-monitoring.md' is not found among documentation files.
INFO    -  Doc file 'patterns/coordination/consensus.md' contains an unrecognized relative link 'part1-axioms/law1-failure/index', it was left as is.
INFO    -  Doc file 'patterns/coordination/consensus.md' contains an unrecognized relative link 'part1-axioms/law2-asynchrony/', it was left as is.
INFO    -  Doc file 'patterns/coordination/consensus.md' contains an unrecognized relative link 'part1-axioms/law3-emergence/index', it was left as is.
INFO    -  Doc file 'patterns/coordination/consensus.md' contains an unrecognized relative link 'part1-axioms/law4-tradeoffs/index', it was left as is.
INFO    -  Doc file 'patterns/coordination/consensus.md' contains an unrecognized relative link 'part1-axioms/law5-epistemology/index', it was left as is.
INFO    -  Doc file 'patterns/coordination/consensus.md' contains an unrecognized relative link 'part2-pillars/state/index', it was left as is.
INFO    -  Doc file 'patterns/coordination/consensus.md' contains an unrecognized relative link 'part2-pillars/truth/index', it was left as is.
INFO    -  Doc file 'patterns/coordination/consensus.md' contains an unrecognized relative link 'part2-pillars/control/index', it was left as is.
INFO    -  Doc file 'patterns/coordination/consensus.md' contains an unrecognized relative link 'pattern-library/leader-election', it was left as is.
INFO    -  Doc file 'patterns/coordination/consensus.md' contains an unrecognized relative link 'pattern-library/distributed-lock', it was left as is.
INFO    -  Doc file 'patterns/coordination/consensus.md' contains an unrecognized relative link 'pattern-library/two-phase-commit', it was left as is.
INFO    -  Doc file 'patterns/coordination/consensus.md' contains an unrecognized relative link 'pattern-library/circuit-breaker', it was left as is.
INFO    -  Doc file 'patterns/coordination/consensus.md' contains an unrecognized relative link 'pattern-library/saga', it was left as is.
INFO    -  Doc file 'patterns/coordination/consensus.md' contains an unrecognized relative link 'pattern-library/event-sourcing', it was left as is.
INFO    -  Doc file 'patterns/coordination/consensus.md' contains an unrecognized relative link 'pattern-library/wal', it was left as is.
INFO    -  Doc file 'patterns/coordination/consensus.md' contains an unrecognized relative link 'pattern-library/gossip-protocol', it was left as is.
INFO    -  Doc file 'patterns/coordination/consensus.md' contains an unrecognized relative link 'pattern-library/vector-clocks', it was left as is.
WARNING -  Doc file 'patterns/coordination/consensus.md' contains a link 'resilience/circuit-breaker.md', but the target 'patterns/coordination/resilience/circuit-breaker.md' is not found among documentation files.
WARNING -  Doc file 'patterns/coordination/consensus.md' contains a link 'data-management/cqrs.md', but the target 'patterns/coordination/data-management/cqrs.md' is not found among documentation files.
INFO    -  Doc file 'patterns/coordination/distributed-lock.md' contains an unrecognized relative link '../../part1-axioms/law2-async/', it was left as is.
INFO    -  Doc file 'patterns/coordination/distributed-lock.md' contains an unrecognized relative link '../../part1-axioms/law3-emergence/', it was left as is.
INFO    -  Doc file 'patterns/coordination/distributed-lock.md' contains an unrecognized relative link '../../part2-pillars/truth/', it was left as is.
INFO    -  Doc file 'patterns/coordination/distributed-lock.md' contains an unrecognized relative link '../../part2-pillars/control/', it was left as is.
WARNING -  Doc file 'patterns/coordination/distributed-lock.md' contains a link '../../excellence/guides/lock-setup.md', but the target 'excellence/guides/lock-setup.md' is not found among documentation files.
WARNING -  Doc file 'patterns/coordination/distributed-lock.md' contains a link '../../excellence/guides/distributed-testing.md', but the target 'excellence/guides/distributed-testing.md' is not found among documentation files.
WARNING -  Doc file 'patterns/coordination/distributed-lock.md' contains a link '../../excellence/migrations/redis-to-etcd.md', but the target 'excellence/migrations/redis-to-etcd.md' is not found among documentation files.
WARNING -  Doc file 'patterns/coordination/distributed-queue.md' contains a link '../coordination/saga.md', but the target 'patterns/coordination/saga.md' is not found among documentation files.
WARNING -  Doc file 'patterns/coordination/distributed-queue.md' contains a link '../coordination/saga.md', but the target 'patterns/coordination/saga.md' is not found among documentation files.
INFO    -  Doc file 'patterns/coordination/distributed-queue.md' contains an unrecognized relative link '../../part1-axioms/law2-asynchrony/', it was left as is.
INFO    -  Doc file 'patterns/coordination/distributed-queue.md' contains an unrecognized relative link '../../part1-axioms/law1-failure/', it was left as is.
INFO    -  Doc file 'patterns/coordination/distributed-queue.md' contains an unrecognized relative link '../../part2-pillars/work/', it was left as is.
INFO    -  Doc file 'patterns/coordination/distributed-queue.md' contains an unrecognized relative link '../../part2-pillars/state/', it was left as is.
WARNING -  Doc file 'patterns/coordination/distributed-queue.md' contains a link '../../excellence/guides/kafka-setup.md', but the target 'excellence/guides/kafka-setup.md' is not found among documentation files.
WARNING -  Doc file 'patterns/coordination/distributed-queue.md' contains a link '../../excellence/guides/queue-monitoring.md', but the target 'excellence/guides/queue-monitoring.md' is not found among documentation files.
WARNING -  Doc file 'patterns/coordination/distributed-queue.md' contains a link '../../excellence/guides/dlq-patterns.md', but the target 'excellence/guides/dlq-patterns.md' is not found among documentation files.
WARNING -  Doc file 'patterns/coordination/emergent-leader.md' contains a link 'coordination/consensus.md', but the target 'patterns/coordination/coordination/consensus.md' is not found among documentation files.
WARNING -  Doc file 'patterns/coordination/emergent-leader.md' contains a link 'coordination/leader-election.md', but the target 'patterns/coordination/coordination/leader-election.md' is not found among documentation files.
WARNING -  Doc file 'patterns/coordination/emergent-leader.md' contains a link 'coordination/consensus.md', but the target 'patterns/coordination/coordination/consensus.md' is not found among documentation files.
WARNING -  Doc file 'patterns/coordination/emergent-leader.md' contains a link 'coordination/leader-election.md', but the target 'patterns/coordination/coordination/leader-election.md' is not found among documentation files.
WARNING -  Doc file 'patterns/coordination/generation-clock.md' contains a link 'vector-clock.md', but the target 'patterns/coordination/vector-clock.md' is not found among documentation files.
WARNING -  Doc file 'patterns/coordination/generation-clock.md' contains a link 'coordination/clock-sync.md', but the target 'patterns/coordination/coordination/clock-sync.md' is not found among documentation files.
WARNING -  Doc file 'patterns/coordination/leader-election.md' contains a link '../communication/heartbeat.md', but the target 'patterns/communication/heartbeat.md' is not found among documentation files.
INFO    -  Doc file 'patterns/coordination/leader-election.md' contains an unrecognized relative link '../../part1-axioms/law4-tradeoffs/', it was left as is.
INFO    -  Doc file 'patterns/coordination/leader-election.md' contains an unrecognized relative link '../../part1-axioms/law2-async/', it was left as is.
INFO    -  Doc file 'patterns/coordination/leader-election.md' contains an unrecognized relative link '../../part2-pillars/control/', it was left as is.
INFO    -  Doc file 'patterns/coordination/leader-election.md' contains an unrecognized relative link '../../part2-pillars/truth/', it was left as is.
WARNING -  Doc file 'patterns/coordination/leader-election.md' contains a link '../../excellence/guides/election-setup.md', but the target 'excellence/guides/election-setup.md' is not found among documentation files.
WARNING -  Doc file 'patterns/coordination/leader-election.md' contains a link '../../excellence/guides/partition-testing.md', but the target 'excellence/guides/partition-testing.md' is not found among documentation files.
WARNING -  Doc file 'patterns/coordination/leader-election.md' contains a link '../../excellence/guides/raft-implementation.md', but the target 'excellence/guides/raft-implementation.md' is not found among documentation files.
WARNING -  Doc file 'patterns/coordination/leader-follower.md' contains a link 'coordination/leader-election.md', but the target 'patterns/coordination/coordination/leader-election.md' is not found among documentation files.
WARNING -  Doc file 'patterns/coordination/leader-follower.md' contains a link 'coordination/consensus.md', but the target 'patterns/coordination/coordination/consensus.md' is not found among documentation files.
WARNING -  Doc file 'patterns/coordination/leader-follower.md' contains a link 'primary-backup.md', but the target 'patterns/coordination/primary-backup.md' is not found among documentation files.
WARNING -  Doc file 'patterns/coordination/leader-follower.md' contains a link 'multi-master.md', but the target 'patterns/coordination/multi-master.md' is not found among documentation files.
WARNING -  Doc file 'patterns/coordination/leader-follower.md' contains a link 'chain-replication.md', but the target 'patterns/coordination/chain-replication.md' is not found among documentation files.
INFO    -  Doc file 'patterns/coordination/leader-follower.md' contains an unrecognized relative link 'part1-axioms/law1-failure/index', it was left as is.
INFO    -  Doc file 'patterns/coordination/leader-follower.md' contains an unrecognized relative link 'part1-axioms/law4-tradeoffs/index', it was left as is.
INFO    -  Doc file 'patterns/coordination/leader-follower.md' contains an unrecognized relative link 'part1-axioms/law5-epistemology/index', it was left as is.
INFO    -  Doc file 'patterns/coordination/low-high-water-marks.md' contains an unrecognized relative link 'part1-axioms/law1-failure/index', it was left as is.
INFO    -  Doc file 'patterns/coordination/low-high-water-marks.md' contains an unrecognized relative link 'part1-axioms/law2-asynchrony/', it was left as is.
INFO    -  Doc file 'patterns/coordination/low-high-water-marks.md' contains an unrecognized relative link 'part1-axioms/law3-emergence/', it was left as is.
INFO    -  Doc file 'patterns/coordination/low-high-water-marks.md' contains an unrecognized relative link 'part1-axioms/law7-economics/index', it was left as is.
INFO    -  Doc file 'patterns/coordination/low-high-water-marks.md' contains an unrecognized relative link 'part2-pillars/work/index', it was left as is.
INFO    -  Doc file 'patterns/coordination/low-high-water-marks.md' contains an unrecognized relative link 'part2-pillars/control/index', it was left as is.
INFO    -  Doc file 'patterns/coordination/low-high-water-marks.md' contains an unrecognized relative link 'part2-pillars/state/index', it was left as is.
WARNING -  Doc file 'patterns/coordination/low-high-water-marks.md' contains a link '../pattern-library/scaling/backpressure.md', but the target 'patterns/pattern-library/scaling/backpressure.md' is not found among documentation files.
WARNING -  Doc file 'patterns/coordination/low-high-water-marks.md' contains a link '../pattern-library/resilience/circuit-breaker.md', but the target 'patterns/pattern-library/resilience/circuit-breaker.md' is not found among documentation files.
WARNING -  Doc file 'patterns/coordination/low-high-water-marks.md' contains a link '../pattern-library/scaling/rate-limiting.md', but the target 'patterns/pattern-library/scaling/rate-limiting.md' is not found among documentation files.
WARNING -  Doc file 'patterns/coordination/low-high-water-marks.md' contains a link '../pattern-library/coordination/distributed-queue.md', but the target 'patterns/pattern-library/coordination/distributed-queue.md' is not found among documentation files.
WARNING -  Doc file 'patterns/coordination/low-high-water-marks.md' contains a link '../pattern-library/resilience/timeout.md', but the target 'patterns/pattern-library/resilience/timeout.md' is not found among documentation files.
WARNING -  Doc file 'patterns/coordination/low-high-water-marks.md' contains a link '../pattern-library/resilience/bulkhead.md', but the target 'patterns/pattern-library/resilience/bulkhead.md' is not found among documentation files.
WARNING -  Doc file 'patterns/coordination/low-high-water-marks.md' contains a link '../pattern-library/rate-limiting.md#admission-control', but the target 'patterns/pattern-library/rate-limiting.md' is not found among documentation files.
WARNING -  Doc file 'patterns/coordination/low-high-water-marks.md' contains a link '../pattern-library/load-shedding.md', but the target 'patterns/pattern-library/load-shedding.md' is not found among documentation files.
WARNING -  Doc file 'patterns/coordination/low-high-water-marks.md' contains a link '../pattern-library/rate-limiting.md#throttling', but the target 'patterns/pattern-library/rate-limiting.md' is not found among documentation files.
WARNING -  Doc file 'patterns/coordination/state-watch.md' contains a link 'coordination/distributed-lock.md', but the target 'patterns/coordination/coordination/distributed-lock.md' is not found among documentation files.
WARNING -  Doc file 'patterns/coordination/state-watch.md' contains a link 'coordination/leader-election.md', but the target 'patterns/coordination/coordination/leader-election.md' is not found among documentation files.
WARNING -  Doc file 'patterns/coordination/state-watch.md' contains a link 'communication/service-discovery.md', but the target 'patterns/coordination/communication/service-discovery.md' is not found among documentation files.
WARNING -  Doc file 'patterns/coordination/state-watch.md' contains a link 'coordination/consensus.md', but the target 'patterns/coordination/coordination/consensus.md' is not found among documentation files.
WARNING -  Doc file 'patterns/coordination/state-watch.md' contains a link 'data-management/event-sourcing.md', but the target 'patterns/coordination/data-management/event-sourcing.md' is not found among documentation files.
INFO    -  Doc file 'patterns/data-management/index.md' contains an unrecognized relative link '../', it was left as is. Did you mean '../index.md'?
WARNING -  Doc file 'patterns/data-management/bloom-filter.md' contains a link '../data-management/cuckoo-hashing.md', but the target 'patterns/data-management/cuckoo-hashing.md' is not found among documentation files.
INFO    -  Doc file 'patterns/data-management/bloom-filter.md' contains an unrecognized relative link '../../part1-axioms/law4-optimization/', it was left as is.
INFO    -  Doc file 'patterns/data-management/bloom-filter.md' contains an unrecognized relative link '../../part1-axioms/law5-knowledge/', it was left as is.
INFO    -  Doc file 'patterns/data-management/bloom-filter.md' contains an unrecognized relative link '../../part2-pillars/state/', it was left as is.
INFO    -  Doc file 'patterns/data-management/bloom-filter.md' contains an unrecognized relative link '../../part2-pillars/intelligence/', it was left as is.
WARNING -  Doc file 'patterns/data-management/bloom-filter.md' contains a link '../../quantitative/bloom-calculator.md', but the target 'quantitative/bloom-calculator.md' is not found among documentation files.
WARNING -  Doc file 'patterns/data-management/bloom-filter.md' contains a link '../../excellence/guides/hash-functions.md', but the target 'excellence/guides/hash-functions.md' is not found among documentation files.
WARNING -  Doc file 'patterns/data-management/bloom-filter.md' contains a link '../../excellence/guides/bloom-testing.md', but the target 'excellence/guides/bloom-testing.md' is not found among documentation files.
WARNING -  Doc file 'patterns/data-management/cdc.md' contains a link '../pattern-library/data-management/outbox.md', but the target 'patterns/pattern-library/data-management/outbox.md' is not found among documentation files.
WARNING -  Doc file 'patterns/data-management/cdc.md' contains a link '../patterns/stream-processing.md', but the target 'patterns/patterns/stream-processing.md' is not found among documentation files.
WARNING -  Doc file 'patterns/data-management/cdc.md' contains a link '../patterns/cache-invalidation.md', but the target 'patterns/patterns/cache-invalidation.md' is not found among documentation files.
WARNING -  Doc file 'patterns/data-management/cdc.md' contains a link '../patterns/etl.md', but the target 'patterns/patterns/etl.md' is not found among documentation files.
WARNING -  Doc file 'patterns/data-management/cdc.md' contains a link '../patterns/replication.md', but the target 'patterns/patterns/replication.md' is not found among documentation files.
WARNING -  Doc file 'patterns/data-management/cdc.md' contains a link '../patterns/polling.md', but the target 'patterns/patterns/polling.md' is not found among documentation files.
INFO    -  Doc file 'patterns/data-management/consistent-hashing.md' contains an absolute link '/', it was left as is. Did you mean '../../index.md'?
INFO    -  Doc file 'patterns/data-management/consistent-hashing.md' contains an unrecognized relative link '../pattern-library/', it was left as is.
WARNING -  Doc file 'patterns/data-management/consistent-hashing.md' contains a link '../patterns/index.md#data-patterns', but the target 'patterns/patterns/index.md' is not found among documentation files.
WARNING -  Doc file 'patterns/data-management/cqrs.md' contains a link '../communication/event-driven.md', but the target 'patterns/communication/event-driven.md' is not found among documentation files.
WARNING -  Doc file 'patterns/data-management/cqrs.md' contains a link '../pattern-library/data-management/materialized-view.md', but the target 'patterns/pattern-library/data-management/materialized-view.md' is not found among documentation files.
WARNING -  Doc file 'patterns/data-management/cqrs.md' contains a link '../pattern-library/scaling/caching-strategies.md.md', but the target 'patterns/pattern-library/scaling/caching-strategies.md.md' is not found among documentation files.
WARNING -  Doc file 'patterns/data-management/cqrs.md' contains a link '../patterns/database-per-service.md', but the target 'patterns/patterns/database-per-service.md' is not found among documentation files.
WARNING -  Doc file 'patterns/data-management/cqrs.md' contains a link '../patterns/read-replicas.md', but the target 'patterns/patterns/read-replicas.md' is not found among documentation files.
WARNING -  Doc file 'patterns/data-management/cqrs.md' contains a link '../pattern-library/scaling/caching-strategies.md', but the target 'patterns/pattern-library/scaling/caching-strategies.md' is not found among documentation files.
WARNING -  Doc file 'patterns/data-management/cqrs.md' contains a link '../patterns/api-composition.md', but the target 'patterns/patterns/api-composition.md' is not found among documentation files.
WARNING -  Doc file 'patterns/data-management/crdt.md' contains a link 'data-management/eventual-consistency.md', but the target 'patterns/data-management/data-management/eventual-consistency.md' is not found among documentation files.
WARNING -  Doc file 'patterns/data-management/crdt.md' contains a link 'coordination/logical-clocks.md', but the target 'patterns/data-management/coordination/logical-clocks.md' is not found among documentation files.
WARNING -  Doc file 'patterns/data-management/crdt.md' contains a link 'coordination/logical-clocks.md', but the target 'patterns/data-management/coordination/logical-clocks.md' is not found among documentation files.
WARNING -  Doc file 'patterns/data-management/data-lake.md' contains a link '../../excellence/guides/data-mesh-patterns.md', but the target 'excellence/guides/data-mesh-patterns.md' is not found among documentation files.
WARNING -  Doc file 'patterns/data-management/data-lake.md' contains a link '../../excellence/guides/lakehouse-architecture.md', but the target 'excellence/guides/lakehouse-architecture.md' is not found among documentation files.
WARNING -  Doc file 'patterns/data-management/data-lake.md' contains a link '../../excellence/guides/feature-store-design.md', but the target 'excellence/guides/feature-store-design.md' is not found among documentation files.
INFO    -  Doc file 'patterns/data-management/data-lake.md' contains an unrecognized relative link '../../part1-axioms/law4-tradeoffs/', it was left as is.
INFO    -  Doc file 'patterns/data-management/data-lake.md' contains an unrecognized relative link '../../part1-axioms/law7-economics/', it was left as is.
INFO    -  Doc file 'patterns/data-management/data-lake.md' contains an unrecognized relative link '../../part2-pillars/state/', it was left as is.
INFO    -  Doc file 'patterns/data-management/data-lake.md' contains an unrecognized relative link '../../part2-pillars/intelligence/', it was left as is.
WARNING -  Doc file 'patterns/data-management/data-lake.md' contains a link '../../excellence/migrations/data-lake-to-mesh.md', but the target 'excellence/migrations/data-lake-to-mesh.md' is not found among documentation files.
WARNING -  Doc file 'patterns/data-management/data-lake.md' contains a link '../../excellence/migrations/lake-to-lakehouse.md', but the target 'excellence/migrations/lake-to-lakehouse.md' is not found among documentation files.
WARNING -  Doc file 'patterns/data-management/data-lake.md' contains a link '../../excellence/guides/data-governance.md', but the target 'excellence/guides/data-governance.md' is not found among documentation files.
WARNING -  Doc file 'patterns/data-management/data-lake.md' contains a link '../../excellence/guides/data-mesh-patterns.md', but the target 'excellence/guides/data-mesh-patterns.md' is not found among documentation files.
INFO    -  Doc file 'patterns/data-management/deduplication.md' contains an unrecognized relative link 'pattern-library/cas', it was left as is.
INFO    -  Doc file 'patterns/data-management/deduplication.md' contains an unrecognized relative link 'pattern-library/caching-strategies', it was left as is.
INFO    -  Doc file 'patterns/data-management/deduplication.md' contains an unrecognized relative link 'case-studies/google-drive', it was left as is.
INFO    -  Doc file 'patterns/data-management/delta-sync.md' contains an unrecognized relative link '../../part1-axioms/law2-asynchrony/', it was left as is.
INFO    -  Doc file 'patterns/data-management/delta-sync.md' contains an unrecognized relative link '../../part1-axioms/law4-optimization/', it was left as is.
INFO    -  Doc file 'patterns/data-management/delta-sync.md' contains an unrecognized relative link '../../part2-pillars/state/', it was left as is.
INFO    -  Doc file 'patterns/data-management/delta-sync.md' contains an unrecognized relative link '../../part2-pillars/truth/', it was left as is.
WARNING -  Doc file 'patterns/data-management/delta-sync.md' contains a link '../../excellence/guides/delta-compression.md', but the target 'excellence/guides/delta-compression.md' is not found among documentation files.
WARNING -  Doc file 'patterns/data-management/delta-sync.md' contains a link '../../excellence/guides/conflict-resolution.md', but the target 'excellence/guides/conflict-resolution.md' is not found among documentation files.
WARNING -  Doc file 'patterns/data-management/delta-sync.md' contains a link '../../excellence/guides/sync-testing.md', but the target 'excellence/guides/sync-testing.md' is not found among documentation files.
INFO    -  Doc file 'patterns/data-management/distributed-storage.md' contains an absolute link '/', it was left as is. Did you mean '../../index.md'?
INFO    -  Doc file 'patterns/data-management/distributed-storage.md' contains an unrecognized relative link '../pattern-library/', it was left as is.
WARNING -  Doc file 'patterns/data-management/distributed-storage.md' contains a link '../patterns/index.md#data-patterns', but the target 'patterns/patterns/index.md' is not found among documentation files.
WARNING -  Doc file 'patterns/data-management/distributed-storage.md' contains a link 'data-management/consistent-hashing.md', but the target 'patterns/data-management/data-management/consistent-hashing.md' is not found among documentation files.
WARNING -  Doc file 'patterns/data-management/distributed-storage.md' contains a link 'data-management/eventual-consistency.md', but the target 'patterns/data-management/data-management/eventual-consistency.md' is not found among documentation files.
WARNING -  Doc file 'patterns/data-management/distributed-storage.md' contains a link 'data-management/crdt.md', but the target 'patterns/data-management/data-management/crdt.md' is not found among documentation files.
WARNING -  Doc file 'patterns/data-management/distributed-storage.md' contains a link 'data-management/eventual-consistency.md', but the target 'patterns/data-management/data-management/eventual-consistency.md' is not found among documentation files.
WARNING -  Doc file 'patterns/data-management/event-sourcing.md' contains a link '../communication/event-driven.md', but the target 'patterns/communication/event-driven.md' is not found among documentation files.
WARNING -  Doc file 'patterns/data-management/event-sourcing.md' contains a link '../patterns/snapshot.md', but the target 'patterns/patterns/snapshot.md' is not found among documentation files.
WARNING -  Doc file 'patterns/data-management/event-sourcing.md' contains a link '../patterns/memento.md', but the target 'patterns/patterns/memento.md' is not found among documentation files.
WARNING -  Doc file 'patterns/data-management/event-sourcing.md' contains a link '../patterns/message-store.md', but the target 'patterns/patterns/message-store.md' is not found among documentation files.
WARNING -  Doc file 'patterns/data-management/event-sourcing.md' contains a link '../patterns/audit-log.md', but the target 'patterns/patterns/audit-log.md' is not found among documentation files.
WARNING -  Doc file 'patterns/data-management/event-sourcing.md' contains a link './wal.md', but the target 'patterns/data-management/wal.md' is not found among documentation files.
WARNING -  Doc file 'patterns/data-management/eventual-consistency.md' contains a link 'data-management/crdt.md', but the target 'patterns/data-management/data-management/crdt.md' is not found among documentation files.
WARNING -  Doc file 'patterns/data-management/eventual-consistency.md' contains a link '../coordination/vector-clocks.md', but the target 'patterns/coordination/vector-clocks.md' is not found among documentation files.
INFO    -  Doc file 'patterns/data-management/eventual-consistency.md' contains an unrecognized relative link '../../part1-axioms/law1-failure/', it was left as is.
INFO    -  Doc file 'patterns/data-management/eventual-consistency.md' contains an unrecognized relative link '../../part1-axioms/law2-asynchrony/', it was left as is.
INFO    -  Doc file 'patterns/data-management/eventual-consistency.md' contains an unrecognized relative link '../../part2-pillars/state/', it was left as is.
INFO    -  Doc file 'patterns/data-management/eventual-consistency.md' contains an unrecognized relative link '../../part2-pillars/truth/', it was left as is.
WARNING -  Doc file 'patterns/data-management/eventual-consistency.md' contains a link '../../excellence/guides/consistency-testing.md', but the target 'excellence/guides/consistency-testing.md' is not found among documentation files.
WARNING -  Doc file 'patterns/data-management/eventual-consistency.md' contains a link '../../excellence/guides/conflict-resolution.md', but the target 'excellence/guides/conflict-resolution.md' is not found among documentation files.
WARNING -  Doc file 'patterns/data-management/eventual-consistency.md' contains a link '../../excellence/migrations/strong-to-eventual.md', but the target 'excellence/migrations/strong-to-eventual.md' is not found among documentation files.
WARNING -  Doc file 'patterns/data-management/eventual-consistency.md' contains a link 'data-management/crdt.md', but the target 'patterns/data-management/data-management/crdt.md' is not found among documentation files.
WARNING -  Doc file 'patterns/data-management/materialized-view.md' contains a link 'data-management/event-sourcing.md', but the target 'patterns/data-management/data-management/event-sourcing.md' is not found among documentation files.
WARNING -  Doc file 'patterns/data-management/materialized-view.md' contains a link 'data-management/cqrs.md', but the target 'patterns/data-management/data-management/cqrs.md' is not found among documentation files.
INFO    -  Doc file 'patterns/data-management/materialized-view.md' contains an unrecognized relative link '../../part1-axioms/law4-tradeoffs/', it was left as is.
INFO    -  Doc file 'patterns/data-management/materialized-view.md' contains an unrecognized relative link '../../part1-axioms/law7-economics/', it was left as is.
INFO    -  Doc file 'patterns/data-management/materialized-view.md' contains an unrecognized relative link '../../part2-pillars/state/', it was left as is.
INFO    -  Doc file 'patterns/data-management/materialized-view.md' contains an unrecognized relative link '../../part2-pillars/work/', it was left as is.
WARNING -  Doc file 'patterns/data-management/materialized-view.md' contains a link '../../excellence/guides/materialized-view-design.md', but the target 'excellence/guides/materialized-view-design.md' is not found among documentation files.
WARNING -  Doc file 'patterns/data-management/materialized-view.md' contains a link '../../excellence/guides/mv-refresh-strategies.md', but the target 'excellence/guides/mv-refresh-strategies.md' is not found among documentation files.
WARNING -  Doc file 'patterns/data-management/materialized-view.md' contains a link '../../excellence/guides/mv-performance-tuning.md', but the target 'excellence/guides/mv-performance-tuning.md' is not found among documentation files.
WARNING -  Doc file 'patterns/data-management/materialized-view.md' contains a link 'data-management/event-sourcing.md', but the target 'patterns/data-management/data-management/event-sourcing.md' is not found among documentation files.
INFO    -  Doc file 'patterns/data-management/merkle-trees.md' contains an unrecognized relative link '../../part1-axioms/law4-optimization/', it was left as is.
INFO    -  Doc file 'patterns/data-management/merkle-trees.md' contains an unrecognized relative link '../../part1-axioms/law5-knowledge/', it was left as is.
INFO    -  Doc file 'patterns/data-management/merkle-trees.md' contains an unrecognized relative link '../../part2-pillars/state/', it was left as is.
INFO    -  Doc file 'patterns/data-management/merkle-trees.md' contains an unrecognized relative link '../../part2-pillars/truth/', it was left as is.
WARNING -  Doc file 'patterns/data-management/merkle-trees.md' contains a link '../../excellence/guides/crypto-practices.md', but the target 'excellence/guides/crypto-practices.md' is not found among documentation files.
WARNING -  Doc file 'patterns/data-management/merkle-trees.md' contains a link '../../excellence/guides/tree-optimization.md', but the target 'excellence/guides/tree-optimization.md' is not found among documentation files.
WARNING -  Doc file 'patterns/data-management/merkle-trees.md' contains a link '../../excellence/guides/proof-systems.md', but the target 'excellence/guides/proof-systems.md' is not found among documentation files.
WARNING -  Doc file 'patterns/data-management/outbox.md' contains a link '../coordination/saga.md', but the target 'patterns/coordination/saga.md' is not found among documentation files.
INFO    -  Doc file 'patterns/data-management/outbox.md' contains an unrecognized relative link '../../part1-axioms/law1-failure/', it was left as is.
INFO    -  Doc file 'patterns/data-management/outbox.md' contains an unrecognized relative link '../../part1-axioms/law4-tradeoffs/', it was left as is.
INFO    -  Doc file 'patterns/data-management/outbox.md' contains an unrecognized relative link '../../part2-pillars/state/', it was left as is.
INFO    -  Doc file 'patterns/data-management/outbox.md' contains an unrecognized relative link '../../part2-pillars/truth/', it was left as is.
WARNING -  Doc file 'patterns/data-management/outbox.md' contains a link '../../excellence/guides/outbox-setup.md', but the target 'excellence/guides/outbox-setup.md' is not found among documentation files.
WARNING -  Doc file 'patterns/data-management/outbox.md' contains a link '../../excellence/guides/cdc-setup.md', but the target 'excellence/guides/cdc-setup.md' is not found among documentation files.
WARNING -  Doc file 'patterns/data-management/outbox.md' contains a link '../../excellence/guides/event-schemas.md', but the target 'excellence/guides/event-schemas.md' is not found among documentation files.
WARNING -  Doc file 'patterns/data-management/polyglot-persistence.md' contains a link 'data-management/cqrs.md', but the target 'patterns/data-management/data-management/cqrs.md' is not found among documentation files.
WARNING -  Doc file 'patterns/data-management/polyglot-persistence.md' contains a link 'data-management/event-sourcing.md', but the target 'patterns/data-management/data-management/event-sourcing.md' is not found among documentation files.
WARNING -  Doc file 'patterns/data-management/polyglot-persistence.md' contains a link 'data-management/saga.md', but the target 'patterns/data-management/data-management/saga.md' is not found among documentation files.
WARNING -  Doc file 'patterns/data-management/polyglot-persistence.md' contains a link 'architecture/backends-for-frontends.md', but the target 'patterns/data-management/architecture/backends-for-frontends.md' is not found among documentation files.
WARNING -  Doc file 'patterns/data-management/polyglot-persistence.md' contains a link 'data-management/outbox.md', but the target 'patterns/data-management/data-management/outbox.md' is not found among documentation files.
WARNING -  Doc file 'patterns/data-management/read-repair.md' contains a link '../data-management/anti-entropy.md', but the target 'patterns/data-management/anti-entropy.md' is not found among documentation files.
WARNING -  Doc file 'patterns/data-management/read-repair.md' contains a link '../data-management/vector-clocks.md', but the target 'patterns/data-management/vector-clocks.md' is not found among documentation files.
INFO    -  Doc file 'patterns/data-management/read-repair.md' contains an unrecognized relative link '../../part1-axioms/law2-async/', it was left as is.
INFO    -  Doc file 'patterns/data-management/read-repair.md' contains an unrecognized relative link '../../part1-axioms/law4-tradeoffs/', it was left as is.
INFO    -  Doc file 'patterns/data-management/read-repair.md' contains an unrecognized relative link '../../part2-pillars/state/', it was left as is.
INFO    -  Doc file 'patterns/data-management/read-repair.md' contains an unrecognized relative link '../../part2-pillars/truth/', it was left as is.
WARNING -  Doc file 'patterns/data-management/read-repair.md' contains a link '../../excellence/guides/read-repair-setup.md', but the target 'excellence/guides/read-repair-setup.md' is not found among documentation files.
WARNING -  Doc file 'patterns/data-management/read-repair.md' contains a link '../../excellence/guides/consistency-tuning.md', but the target 'excellence/guides/consistency-tuning.md' is not found among documentation files.
WARNING -  Doc file 'patterns/data-management/read-repair.md' contains a link '../../excellence/guides/repair-optimization.md', but the target 'excellence/guides/repair-optimization.md' is not found among documentation files.
WARNING -  Doc file 'patterns/data-management/saga.md' contains a link '../pattern-library/data-management/saga.md', but the target 'patterns/pattern-library/data-management/saga.md' is not found among documentation files.
WARNING -  Doc file 'patterns/data-management/saga.md' contains a link '../pattern-library/data-management/outbox.md', but the target 'patterns/pattern-library/data-management/outbox.md' is not found among documentation files.
WARNING -  Doc file 'patterns/data-management/saga.md' contains a link '../patterns/idempotent-receiver.md', but the target 'patterns/patterns/idempotent-receiver.md' is not found among documentation files.
WARNING -  Doc file 'patterns/data-management/segmented-log.md' contains a link './wal.md', but the target 'patterns/data-management/wal.md' is not found among documentation files.
WARNING -  Doc file 'patterns/data-management/segmented-log.md' contains a link '../patterns/append-only.md', but the target 'patterns/patterns/append-only.md' is not found among documentation files.
WARNING -  Doc file 'patterns/data-management/segmented-log.md' contains a link '../patterns/snapshot.md', but the target 'patterns/patterns/snapshot.md' is not found among documentation files.
WARNING -  Doc file 'patterns/data-management/segmented-log.md' contains a link '../patterns/compaction.md', but the target 'patterns/patterns/compaction.md' is not found among documentation files.
WARNING -  Doc file 'patterns/data-management/segmented-log.md' contains a link '../patterns/replication-log.md', but the target 'patterns/patterns/replication-log.md' is not found among documentation files.
WARNING -  Doc file 'patterns/data-management/segmented-log.md' contains a link '../case-studies/kafka.md', but the target 'patterns/case-studies/kafka.md' is not found among documentation files.
WARNING -  Doc file 'patterns/data-management/segmented-log.md' contains a link '../case-studies/rocksdb.md', but the target 'patterns/case-studies/rocksdb.md' is not found among documentation files.
WARNING -  Doc file 'patterns/data-management/segmented-log.md' contains a link '../case-studies/cassandra.md', but the target 'patterns/case-studies/cassandra.md' is not found among documentation files.
WARNING -  Doc file 'patterns/data-management/shared-database.md' contains a link '../excellence/migrations/shared-db-to-database-per-service.md', but the target 'patterns/excellence/migrations/shared-db-to-database-per-service.md' is not found among documentation files.
WARNING -  Doc file 'patterns/data-management/shared-database.md' contains a link '../excellence/migrations/shared-db-to-event-driven.md', but the target 'patterns/excellence/migrations/shared-db-to-event-driven.md' is not found among documentation files.
WARNING -  Doc file 'patterns/data-management/shared-database.md' contains a link '../excellence/migrations/shared-db-to-cqrs.md', but the target 'patterns/excellence/migrations/shared-db-to-cqrs.md' is not found among documentation files.
WARNING -  Doc file 'patterns/data-management/shared-database.md' contains a link '../excellence/migrations/shared-db-to-apis.md', but the target 'patterns/excellence/migrations/shared-db-to-apis.md' is not found among documentation files.
WARNING -  Doc file 'patterns/data-management/shared-database.md' contains a link '../excellence/case-studies/amazon-service-migration.md', but the target 'patterns/excellence/case-studies/amazon-service-migration.md' is not found among documentation files.
WARNING -  Doc file 'patterns/data-management/shared-database.md' contains a link '../excellence/case-studies/netflix-db-migration.md', but the target 'patterns/excellence/case-studies/netflix-db-migration.md' is not found among documentation files.
WARNING -  Doc file 'patterns/data-management/shared-database.md' contains a link '../excellence/case-studies/uber-domain-services.md', but the target 'patterns/excellence/case-studies/uber-domain-services.md' is not found among documentation files.
WARNING -  Doc file 'patterns/data-management/shared-database.md' contains a link '../excellence/tools/db-migration-toolkit.md', but the target 'patterns/excellence/tools/db-migration-toolkit.md' is not found among documentation files.
WARNING -  Doc file 'patterns/data-management/shared-database.md' contains a link '../excellence/pattern-library/service-extraction.md', but the target 'patterns/excellence/pattern-library/service-extraction.md' is not found among documentation files.
WARNING -  Doc file 'patterns/data-management/shared-database.md' contains a link '../excellence/guides/data-sync-strategies.md', but the target 'patterns/excellence/guides/data-sync-strategies.md' is not found among documentation files.
WARNING -  Doc file 'patterns/data-management/shared-database.md' contains a link 'database-per-service.md', but the target 'patterns/data-management/database-per-service.md' is not found among documentation files.
WARNING -  Doc file 'patterns/data-management/shared-database.md' contains a link 'architecture/event-driven.md', but the target 'patterns/data-management/architecture/event-driven.md' is not found among documentation files.
WARNING -  Doc file 'patterns/data-management/shared-database.md' contains a link 'communication/api-gateway.md', but the target 'patterns/data-management/communication/api-gateway.md' is not found among documentation files.
WARNING -  Doc file 'patterns/data-management/shared-database.md' contains a link 'data-management/cqrs.md', but the target 'patterns/data-management/data-management/cqrs.md' is not found among documentation files.
WARNING -  Doc file 'patterns/data-management/shared-database.md' contains a link 'data-management/saga.md', but the target 'patterns/data-management/data-management/saga.md' is not found among documentation files.
WARNING -  Doc file 'patterns/data-management/write-ahead-log.md' contains a link '../coordination/two-phase-commit.md', but the target 'patterns/coordination/two-phase-commit.md' is not found among documentation files.
INFO    -  Doc file 'patterns/data-management/write-ahead-log.md' contains an unrecognized relative link '../../part1-axioms/law1-failure/', it was left as is.
INFO    -  Doc file 'patterns/data-management/write-ahead-log.md' contains an unrecognized relative link '../../part1-axioms/law4-optimization/', it was left as is.
INFO    -  Doc file 'patterns/data-management/write-ahead-log.md' contains an unrecognized relative link '../../part2-pillars/state/', it was left as is.
INFO    -  Doc file 'patterns/data-management/write-ahead-log.md' contains an unrecognized relative link '../../part2-pillars/truth/', it was left as is.
WARNING -  Doc file 'patterns/data-management/write-ahead-log.md' contains a link '../../excellence/guides/wal-implementation.md', but the target 'excellence/guides/wal-implementation.md' is not found among documentation files.
WARNING -  Doc file 'patterns/data-management/write-ahead-log.md' contains a link '../../excellence/guides/recovery-testing.md', but the target 'excellence/guides/recovery-testing.md' is not found among documentation files.
WARNING -  Doc file 'patterns/data-management/write-ahead-log.md' contains a link '../../excellence/guides/storage-optimization.md', but the target 'excellence/guides/storage-optimization.md' is not found among documentation files.
WARNING -  Doc file 'patterns/resilience/index.md' contains a link 'resilience/circuit-breaker.md', but the target 'patterns/resilience/resilience/circuit-breaker.md' is not found among documentation files.
WARNING -  Doc file 'patterns/resilience/index.md' contains a link 'resilience/retry-backoff.md', but the target 'patterns/resilience/resilience/retry-backoff.md' is not found among documentation files.
WARNING -  Doc file 'patterns/resilience/index.md' contains a link 'resilience/timeout.md', but the target 'patterns/resilience/resilience/timeout.md' is not found among documentation files.
WARNING -  Doc file 'patterns/resilience/index.md' contains a link 'resilience/bulkhead.md', but the target 'patterns/resilience/resilience/bulkhead.md' is not found among documentation files.
WARNING -  Doc file 'patterns/resilience/index.md' contains a link 'resilience/health-check.md', but the target 'patterns/resilience/resilience/health-check.md' is not found among documentation files.
WARNING -  Doc file 'patterns/resilience/index.md' contains a link 'resilience/failover.md', but the target 'patterns/resilience/resilience/failover.md' is not found among documentation files.
WARNING -  Doc file 'patterns/resilience/index.md' contains a link 'resilience/graceful-degradation.md', but the target 'patterns/resilience/resilience/graceful-degradation.md' is not found among documentation files.
WARNING -  Doc file 'patterns/resilience/index.md' contains a link 'timeout-advanced.md', but the target 'patterns/resilience/timeout-advanced.md' is not found among documentation files.
WARNING -  Doc file 'patterns/resilience/index.md' contains a link 'resilience/circuit-breaker.md', but the target 'patterns/resilience/resilience/circuit-breaker.md' is not found among documentation files.
WARNING -  Doc file 'patterns/resilience/index.md' contains a link 'resilience/retry-backoff.md', but the target 'patterns/resilience/resilience/retry-backoff.md' is not found among documentation files.
WARNING -  Doc file 'patterns/resilience/index.md' contains a link 'resilience/bulkhead.md', but the target 'patterns/resilience/resilience/bulkhead.md' is not found among documentation files.
WARNING -  Doc file 'patterns/resilience/index.md' contains a link 'resilience/timeout.md', but the target 'patterns/resilience/resilience/timeout.md' is not found among documentation files.
WARNING -  Doc file 'patterns/resilience/index.md' contains a link 'resilience/failover.md', but the target 'patterns/resilience/resilience/failover.md' is not found among documentation files.
WARNING -  Doc file 'patterns/resilience/index.md' contains a link 'resilience/health-check.md', but the target 'patterns/resilience/resilience/health-check.md' is not found among documentation files.
WARNING -  Doc file 'patterns/resilience/index.md' contains a link 'resilience/timeout.md', but the target 'patterns/resilience/resilience/timeout.md' is not found among documentation files.
WARNING -  Doc file 'patterns/resilience/index.md' contains a link 'resilience/health-check.md', but the target 'patterns/resilience/resilience/health-check.md' is not found among documentation files.
WARNING -  Doc file 'patterns/resilience/index.md' contains a link 'resilience/circuit-breaker.md', but the target 'patterns/resilience/resilience/circuit-breaker.md' is not found among documentation files.
WARNING -  Doc file 'patterns/resilience/index.md' contains a link 'resilience/retry-backoff.md', but the target 'patterns/resilience/resilience/retry-backoff.md' is not found among documentation files.
WARNING -  Doc file 'patterns/resilience/index.md' contains a link 'resilience/bulkhead.md', but the target 'patterns/resilience/resilience/bulkhead.md' is not found among documentation files.
WARNING -  Doc file 'patterns/resilience/index.md' contains a link 'resilience/graceful-degradation.md', but the target 'patterns/resilience/resilience/graceful-degradation.md' is not found among documentation files.
INFO    -  Doc file 'patterns/resilience/index.md' contains an unrecognized relative link '../', it was left as is. Did you mean '../index.md'?
INFO    -  Doc file 'patterns/resilience/index.md' contains an unrecognized relative link '../communication/', it was left as is. Did you mean '../communication/index.md'?
INFO    -  Doc file 'patterns/resilience/bulkhead.md' contains an unrecognized relative link '../../part1-axioms/law1-failure/', it was left as is.
INFO    -  Doc file 'patterns/resilience/bulkhead.md' contains an unrecognized relative link '../../part1-axioms/law3-emergence/', it was left as is.
INFO    -  Doc file 'patterns/resilience/bulkhead.md' contains an unrecognized relative link '../../part1-axioms/law7-economics/', it was left as is.
INFO    -  Doc file 'patterns/resilience/failover.md' contains an unrecognized relative link '../../part1-axioms/law1-failure/', it was left as is.
INFO    -  Doc file 'patterns/resilience/failover.md' contains an unrecognized relative link '../../part1-axioms/law2-asynchrony/', it was left as is.
INFO    -  Doc file 'patterns/resilience/failover.md' contains an unrecognized relative link '../../part1-axioms/law5-epistemology/', it was left as is.
INFO    -  Doc file 'patterns/resilience/fault-tolerance.md' contains an unrecognized relative link '../../part1-axioms/law1-failure/', it was left as is.
INFO    -  Doc file 'patterns/resilience/fault-tolerance.md' contains an unrecognized relative link '../../part1-axioms/law3-emergence/', it was left as is.
INFO    -  Doc file 'patterns/resilience/fault-tolerance.md' contains an unrecognized relative link '../../part1-axioms/law7-economics/', it was left as is.
WARNING -  Doc file 'patterns/resilience/graceful-degradation.md' contains a link '../deployment/feature-flags.md', but the target 'patterns/deployment/feature-flags.md' is not found among documentation files.
INFO    -  Doc file 'patterns/resilience/graceful-degradation.md' contains an unrecognized relative link '../../part1-axioms/law1-failure/', it was left as is.
INFO    -  Doc file 'patterns/resilience/graceful-degradation.md' contains an unrecognized relative link '../../part1-axioms/law4-tradeoffs/', it was left as is.
INFO    -  Doc file 'patterns/resilience/graceful-degradation.md' contains an unrecognized relative link '../../part1-axioms/law7-economics/', it was left as is.
WARNING -  Doc file 'patterns/resilience/health-check.md' contains a link '../coordination/service-discovery.md', but the target 'patterns/coordination/service-discovery.md' is not found among documentation files.
WARNING -  Doc file 'patterns/resilience/health-check.md' contains a link './graceful-shutdown.md', but the target 'patterns/resilience/graceful-shutdown.md' is not found among documentation files.
WARNING -  Doc file 'patterns/resilience/health-check.md' contains a link '../observability/monitoring.md', but the target 'patterns/observability/monitoring.md' is not found among documentation files.
INFO    -  Doc file 'patterns/resilience/heartbeat.md' contains an unrecognized relative link '../../part1-axioms/law1-failure/', it was left as is.
INFO    -  Doc file 'patterns/resilience/heartbeat.md' contains an unrecognized relative link '../../part1-axioms/law2-asynchrony/', it was left as is.
INFO    -  Doc file 'patterns/resilience/heartbeat.md' contains an unrecognized relative link '../../part1-axioms/law5-epistemology/', it was left as is.
WARNING -  Doc file 'patterns/resilience/load-shedding.md' contains a link '../communication/backpressure.md', but the target 'patterns/communication/backpressure.md' is not found among documentation files.
INFO    -  Doc file 'patterns/resilience/load-shedding.md' contains an unrecognized relative link '../../part1-axioms/law1-failure/', it was left as is.
INFO    -  Doc file 'patterns/resilience/load-shedding.md' contains an unrecognized relative link '../../part1-axioms/law3-emergence/', it was left as is.
INFO    -  Doc file 'patterns/resilience/load-shedding.md' contains an unrecognized relative link '../../part1-axioms/law7-economics/', it was left as is.
WARNING -  Doc file 'patterns/resilience/split-brain.md' contains a link '../coordination/fencing.md', but the target 'patterns/coordination/fencing.md' is not found among documentation files.
INFO    -  Doc file 'patterns/resilience/split-brain.md' contains an unrecognized relative link '../../part1-axioms/law1-failure/', it was left as is.
INFO    -  Doc file 'patterns/resilience/split-brain.md' contains an unrecognized relative link '../../part1-axioms/law2-asynchrony/', it was left as is.
INFO    -  Doc file 'patterns/resilience/split-brain.md' contains an unrecognized relative link '../../part1-axioms/law5-epistemology/', it was left as is.
WARNING -  Doc file 'patterns/resilience/timeout.md' contains a link '../coordination/deadline-propagation.md', but the target 'patterns/coordination/deadline-propagation.md' is not found among documentation files.
WARNING -  Doc file 'patterns/scaling/index.md' contains a link './geographic-load-balancing.md', but the target 'patterns/scaling/geographic-load-balancing.md' is not found among documentation files.
WARNING -  Doc file 'patterns/scaling/index.md' contains a link './content-delivery-network.md', but the target 'patterns/scaling/content-delivery-network.md' is not found among documentation files.
WARNING -  Doc file 'patterns/scaling/index.md' contains a link './database-sharding.md', but the target 'patterns/scaling/database-sharding.md' is not found among documentation files.
WARNING -  Doc file 'patterns/scaling/index.md' contains a link './database-per-service.md', but the target 'patterns/scaling/database-per-service.md' is not found among documentation files.
WARNING -  Doc file 'patterns/scaling/index.md' contains a link './horizontal-pod-autoscaler.md', but the target 'patterns/scaling/horizontal-pod-autoscaler.md' is not found among documentation files.
WARNING -  Doc file 'patterns/scaling/index.md' contains a link './database-sharding.md', but the target 'patterns/scaling/database-sharding.md' is not found among documentation files.
WARNING -  Doc file 'patterns/scaling/index.md' contains a link './geographic-load-balancing.md', but the target 'patterns/scaling/geographic-load-balancing.md' is not found among documentation files.
WARNING -  Doc file 'patterns/scaling/index.md' contains a link './content-delivery-network.md', but the target 'patterns/scaling/content-delivery-network.md' is not found among documentation files.
WARNING -  Doc file 'patterns/scaling/index.md' contains a link './database-per-service.md', but the target 'patterns/scaling/database-per-service.md' is not found among documentation files.
WARNING -  Doc file 'patterns/scaling/index.md' contains a link './horizontal-pod-autoscaler.md', but the target 'patterns/scaling/horizontal-pod-autoscaler.md' is not found among documentation files.
WARNING -  Doc file 'patterns/scaling/index.md' contains a link './geographic-load-balancing.md', but the target 'patterns/scaling/geographic-load-balancing.md' is not found among documentation files.
WARNING -  Doc file 'patterns/scaling/index.md' contains a link './content-delivery-network.md', but the target 'patterns/scaling/content-delivery-network.md' is not found among documentation files.
WARNING -  Doc file 'patterns/scaling/index.md' contains a link './database-sharding.md', but the target 'patterns/scaling/database-sharding.md' is not found among documentation files.
INFO    -  Doc file 'patterns/scaling/index.md' contains an unrecognized relative link '../', it was left as is. Did you mean '../index.md'?
INFO    -  Doc file 'patterns/scaling/index.md' contains an unrecognized relative link '../data-management/', it was left as is. Did you mean '../data-management/index.md'?
WARNING -  Doc file 'patterns/scaling/analytics-scale.md' contains a link '../architecture/cqrs.md', but the target 'patterns/architecture/cqrs.md' is not found among documentation files.
WARNING -  Doc file 'patterns/scaling/analytics-scale.md' contains a link '../data-management/streaming.md', but the target 'patterns/data-management/streaming.md' is not found among documentation files.
WARNING -  Doc file 'patterns/scaling/analytics-scale.md' contains a link '../architecture/cqrs.md', but the target 'patterns/architecture/cqrs.md' is not found among documentation files.
INFO    -  Doc file 'patterns/scaling/analytics-scale.md' contains an unrecognized relative link '../../part1-axioms/law2/', it was left as is.
INFO    -  Doc file 'patterns/scaling/analytics-scale.md' contains an unrecognized relative link '../../part1-axioms/law4/', it was left as is.
INFO    -  Doc file 'patterns/scaling/analytics-scale.md' contains an unrecognized relative link '../../part2-pillars/state/', it was left as is.
INFO    -  Doc file 'patterns/scaling/analytics-scale.md' contains an unrecognized relative link '../../part2-pillars/work/', it was left as is.
WARNING -  Doc file 'patterns/scaling/analytics-scale.md' contains a link '../../excellence/guides/analytics-setup.md', but the target 'excellence/guides/analytics-setup.md' is not found among documentation files.
WARNING -  Doc file 'patterns/scaling/analytics-scale.md' contains a link '../../excellence/guides/query-optimization.md', but the target 'excellence/guides/query-optimization.md' is not found among documentation files.
WARNING -  Doc file 'patterns/scaling/analytics-scale.md' contains a link '../../excellence/guides/analytics-cost-control.md', but the target 'excellence/guides/analytics-cost-control.md' is not found among documentation files.
WARNING -  Doc file 'patterns/scaling/auto-scaling.md' contains a link 'scaling/load-balancing.md', but the target 'patterns/scaling/scaling/load-balancing.md' is not found among documentation files.
WARNING -  Doc file 'patterns/scaling/auto-scaling.md' contains a link 'scaling/load-balancing.md', but the target 'patterns/scaling/scaling/load-balancing.md' is not found among documentation files.
INFO    -  Doc file 'patterns/scaling/auto-scaling.md' contains an unrecognized relative link '../../part1-axioms/law2/', it was left as is.
INFO    -  Doc file 'patterns/scaling/auto-scaling.md' contains an unrecognized relative link '../../part1-axioms/law7/', it was left as is.
INFO    -  Doc file 'patterns/scaling/auto-scaling.md' contains an unrecognized relative link '../../part2-pillars/work/', it was left as is.
INFO    -  Doc file 'patterns/scaling/auto-scaling.md' contains an unrecognized relative link '../../part2-pillars/control/', it was left as is.
WARNING -  Doc file 'patterns/scaling/auto-scaling.md' contains a link '../../excellence/guides/autoscaling-setup.md', but the target 'excellence/guides/autoscaling-setup.md' is not found among documentation files.
WARNING -  Doc file 'patterns/scaling/auto-scaling.md' contains a link '../../excellence/guides/scaling-metrics.md', but the target 'excellence/guides/scaling-metrics.md' is not found among documentation files.
WARNING -  Doc file 'patterns/scaling/auto-scaling.md' contains a link '../../excellence/guides/scaling-cost-optimization.md', but the target 'excellence/guides/scaling-cost-optimization.md' is not found among documentation files.
WARNING -  Doc file 'patterns/scaling/backpressure.md' contains a link 'scaling/rate-limiting.md', but the target 'patterns/scaling/scaling/rate-limiting.md' is not found among documentation files.
WARNING -  Doc file 'patterns/scaling/backpressure.md' contains a link 'scaling/rate-limiting.md', but the target 'patterns/scaling/scaling/rate-limiting.md' is not found among documentation files.
INFO    -  Doc file 'patterns/scaling/backpressure.md' contains an unrecognized relative link '../../part1-axioms/law1/', it was left as is.
INFO    -  Doc file 'patterns/scaling/backpressure.md' contains an unrecognized relative link '../../part1-axioms/law2/', it was left as is.
INFO    -  Doc file 'patterns/scaling/backpressure.md' contains an unrecognized relative link '../../part2-pillars/work/', it was left as is.
INFO    -  Doc file 'patterns/scaling/backpressure.md' contains an unrecognized relative link '../../part2-pillars/control/', it was left as is.
WARNING -  Doc file 'patterns/scaling/backpressure.md' contains a link '../../excellence/guides/backpressure-setup.md', but the target 'excellence/guides/backpressure-setup.md' is not found among documentation files.
WARNING -  Doc file 'patterns/scaling/backpressure.md' contains a link '../../excellence/guides/backpressure-testing.md', but the target 'excellence/guides/backpressure-testing.md' is not found among documentation files.
WARNING -  Doc file 'patterns/scaling/backpressure.md' contains a link '../../excellence/guides/backpressure-optimization.md', but the target 'excellence/guides/backpressure-optimization.md' is not found among documentation files.
WARNING -  Doc file 'patterns/scaling/caching-strategies.md' contains a link '../architecture/cqrs.md', but the target 'patterns/architecture/cqrs.md' is not found among documentation files.
WARNING -  Doc file 'patterns/scaling/caching-strategies.md' contains a link '../infrastructure/cdn.md', but the target 'patterns/infrastructure/cdn.md' is not found among documentation files.
WARNING -  Doc file 'patterns/scaling/caching-strategies.md' contains a link '../infrastructure/cdn.md', but the target 'patterns/infrastructure/cdn.md' is not found among documentation files.
WARNING -  Doc file 'patterns/scaling/caching-strategies.md' contains a link 'scaling/sharding.md', but the target 'patterns/scaling/scaling/sharding.md' is not found among documentation files.
WARNING -  Doc file 'patterns/scaling/caching-strategies.md' contains a link '../architecture/cqrs.md', but the target 'patterns/architecture/cqrs.md' is not found among documentation files.
INFO    -  Doc file 'patterns/scaling/caching-strategies.md' contains an unrecognized relative link '../../part1-axioms/law4/', it was left as is.
INFO    -  Doc file 'patterns/scaling/caching-strategies.md' contains an unrecognized relative link '../../part1-axioms/law7/', it was left as is.
INFO    -  Doc file 'patterns/scaling/caching-strategies.md' contains an unrecognized relative link '../../part2-pillars/state/', it was left as is.
INFO    -  Doc file 'patterns/scaling/caching-strategies.md' contains an unrecognized relative link '../../part2-pillars/work/', it was left as is.
WARNING -  Doc file 'patterns/scaling/caching-strategies.md' contains a link '../../excellence/guides/cache-setup.md', but the target 'excellence/guides/cache-setup.md' is not found among documentation files.
WARNING -  Doc file 'patterns/scaling/caching-strategies.md' contains a link '../../excellence/guides/cache-optimization.md', but the target 'excellence/guides/cache-optimization.md' is not found among documentation files.
WARNING -  Doc file 'patterns/scaling/caching-strategies.md' contains a link '../../excellence/guides/cache-monitoring.md', but the target 'excellence/guides/cache-monitoring.md' is not found among documentation files.
WARNING -  Doc file 'patterns/scaling/chunking.md' contains a link '../performance/loading.md', but the target 'patterns/performance/loading.md' is not found among documentation files.
WARNING -  Doc file 'patterns/scaling/chunking.md' contains a link '../performance/batching.md', but the target 'patterns/performance/batching.md' is not found among documentation files.
WARNING -  Doc file 'patterns/scaling/chunking.md' contains a link '../performance/streaming.md', but the target 'patterns/performance/streaming.md' is not found among documentation files.
WARNING -  Doc file 'patterns/scaling/chunking.md' contains a link '../ui/pagination.md', but the target 'patterns/ui/pagination.md' is not found among documentation files.
WARNING -  Doc file 'patterns/scaling/chunking.md' contains a link '../reliability/circuit-breaker.md', but the target 'patterns/reliability/circuit-breaker.md' is not found among documentation files.
WARNING -  Doc file 'patterns/scaling/edge-computing.md' contains a link 'scaling/sharding.md', but the target 'patterns/scaling/scaling/sharding.md' is not found among documentation files.
WARNING -  Doc file 'patterns/scaling/edge-computing.md' contains a link '../architecture/gateway.md', but the target 'patterns/architecture/gateway.md' is not found among documentation files.
WARNING -  Doc file 'patterns/scaling/geo-distribution.md' contains a link '../architecture/multi-region.md', but the target 'patterns/architecture/multi-region.md' is not found among documentation files.
WARNING -  Doc file 'patterns/scaling/geo-distribution.md' contains a link 'scaling/edge-computing.md', but the target 'patterns/scaling/scaling/edge-computing.md' is not found among documentation files.
WARNING -  Doc file 'patterns/scaling/geo-distribution.md' contains a link '../performance/cdn.md', but the target 'patterns/performance/cdn.md' is not found among documentation files.
WARNING -  Doc file 'patterns/scaling/geo-distribution.md' contains a link '../data-management/replication.md', but the target 'patterns/data-management/replication.md' is not found among documentation files.
WARNING -  Doc file 'patterns/scaling/geo-distribution.md' contains a link '../architecture/global-load-balancing.md', but the target 'patterns/architecture/global-load-balancing.md' is not found among documentation files.
WARNING -  Doc file 'patterns/scaling/geo-replication.md' contains a link '../performance/cdn.md', but the target 'patterns/performance/cdn.md' is not found among documentation files.
WARNING -  Doc file 'patterns/scaling/geo-replication.md' contains a link 'scaling/id-generation-scale.md', but the target 'patterns/scaling/scaling/id-generation-scale.md' is not found among documentation files.
WARNING -  Doc file 'patterns/scaling/load-balancing.md' contains a link 'scaling/auto-scaling.md', but the target 'patterns/scaling/scaling/auto-scaling.md' is not found among documentation files.
WARNING -  Doc file 'patterns/scaling/load-balancing.md' contains a link 'scaling/auto-scaling.md', but the target 'patterns/scaling/scaling/auto-scaling.md' is not found among documentation files.
INFO    -  Doc file 'patterns/scaling/load-balancing.md' contains an unrecognized relative link '../../part1-axioms/law1/', it was left as is.
INFO    -  Doc file 'patterns/scaling/load-balancing.md' contains an unrecognized relative link '../../part1-axioms/law2/', it was left as is.
INFO    -  Doc file 'patterns/scaling/load-balancing.md' contains an unrecognized relative link '../../part2-pillars/work/', it was left as is.
INFO    -  Doc file 'patterns/scaling/load-balancing.md' contains an unrecognized relative link '../../part2-pillars/control/', it was left as is.
WARNING -  Doc file 'patterns/scaling/load-balancing.md' contains a link '../../excellence/guides/load-balancer-setup.md', but the target 'excellence/guides/load-balancer-setup.md' is not found among documentation files.
WARNING -  Doc file 'patterns/scaling/load-balancing.md' contains a link '../../excellence/guides/health-check-config.md', but the target 'excellence/guides/health-check-config.md' is not found among documentation files.
WARNING -  Doc file 'patterns/scaling/load-balancing.md' contains a link '../../excellence/guides/ssl-termination.md', but the target 'excellence/guides/ssl-termination.md' is not found among documentation files.
INFO    -  Doc file 'patterns/scaling/queues-streaming.md' contains an unrecognized relative link 'part1-axioms/law4-tradeoffs', it was left as is.
INFO    -  Doc file 'patterns/scaling/queues-streaming.md' contains an unrecognized relative link 'part1-axioms/law2-asynchrony', it was left as is.
INFO    -  Doc file 'patterns/scaling/queues-streaming.md' contains an unrecognized relative link 'part1-axioms/law1-failure', it was left as is.
INFO    -  Doc file 'patterns/scaling/queues-streaming.md' contains an unrecognized relative link 'part1-axioms/law4-tradeoffs', it was left as is.
INFO    -  Doc file 'patterns/scaling/queues-streaming.md' contains an unrecognized relative link 'part1-axioms/law5-epistemology/index', it was left as is.
WARNING -  Doc file 'patterns/scaling/queues-streaming.md' contains a link '../pattern-library/architecture/event-driven.md', but the target 'patterns/pattern-library/architecture/event-driven.md' is not found among documentation files.
WARNING -  Doc file 'patterns/scaling/queues-streaming.md' contains a link '../pattern-library/data-management/cqrs.md', but the target 'patterns/pattern-library/data-management/cqrs.md' is not found among documentation files.
WARNING -  Doc file 'patterns/scaling/queues-streaming.md' contains a link '../pattern-library/data-management/saga.md', but the target 'patterns/pattern-library/data-management/saga.md' is not found among documentation files.
WARNING -  Doc file 'patterns/scaling/queues-streaming.md' contains a link '../pattern-library/resilience/circuit-breaker.md', but the target 'patterns/pattern-library/resilience/circuit-breaker.md' is not found among documentation files.
INFO    -  Doc file 'patterns/scaling/queues-streaming.md' contains an unrecognized relative link 'part1-axioms/law4-tradeoffs', it was left as is.
INFO    -  Doc file 'patterns/scaling/queues-streaming.md' contains an unrecognized relative link 'part1-axioms/law2-asynchrony', it was left as is.
INFO    -  Doc file 'patterns/scaling/queues-streaming.md' contains an unrecognized relative link 'part1-axioms/law1-failure/index', it was left as is.
WARNING -  Doc file 'patterns/scaling/rate-limiting.md' contains a link '../architecture/api-gateway.md', but the target 'patterns/architecture/api-gateway.md' is not found among documentation files.
WARNING -  Doc file 'patterns/scaling/rate-limiting.md' contains a link '../architecture/api-gateway.md', but the target 'patterns/architecture/api-gateway.md' is not found among documentation files.
INFO    -  Doc file 'patterns/scaling/rate-limiting.md' contains an unrecognized relative link '../../part1-axioms/law1/', it was left as is.
INFO    -  Doc file 'patterns/scaling/rate-limiting.md' contains an unrecognized relative link '../../part1-axioms/law7/', it was left as is.
INFO    -  Doc file 'patterns/scaling/rate-limiting.md' contains an unrecognized relative link '../../part2-pillars/control/', it was left as is.
INFO    -  Doc file 'patterns/scaling/rate-limiting.md' contains an unrecognized relative link '../../part2-pillars/work/', it was left as is.
WARNING -  Doc file 'patterns/scaling/rate-limiting.md' contains a link '../../excellence/guides/rate-limiting-setup.md', but the target 'excellence/guides/rate-limiting-setup.md' is not found among documentation files.
WARNING -  Doc file 'patterns/scaling/rate-limiting.md' contains a link '../../excellence/guides/rate-limiting-algorithms.md', but the target 'excellence/guides/rate-limiting-algorithms.md' is not found among documentation files.
WARNING -  Doc file 'patterns/scaling/rate-limiting.md' contains a link '../../excellence/guides/rate-limiting-monitoring.md', but the target 'excellence/guides/rate-limiting-monitoring.md' is not found among documentation files.
WARNING -  Doc file 'patterns/scaling/request-batching.md' contains a link '../part2-pillars/1-work-distribution/index.md', but the target 'patterns/part2-pillars/1-work-distribution/index.md' is not found among documentation files.
WARNING -  Doc file 'patterns/scaling/request-batching.md' contains a link 'resilience/circuit-breaker.md', but the target 'patterns/scaling/resilience/circuit-breaker.md' is not found among documentation files.
WARNING -  Doc file 'patterns/scaling/request-batching.md' contains a link 'resilience/bulkhead.md', but the target 'patterns/scaling/resilience/bulkhead.md' is not found among documentation files.
WARNING -  Doc file 'patterns/scaling/request-batching.md' contains a link 'queue-load-leveling.md', but the target 'patterns/scaling/queue-load-leveling.md' is not found among documentation files.
WARNING -  Doc file 'patterns/scaling/request-batching.md' contains a link 'data-management/saga.md', but the target 'patterns/scaling/data-management/saga.md' is not found among documentation files.
WARNING -  Doc file 'patterns/scaling/request-batching.md' contains a link '../architects-handbook/quantitative-analysis/littles-law.md', but the target 'patterns/architects-handbook/quantitative-analysis/littles-law.md' is not found among documentation files.
WARNING -  Doc file 'patterns/scaling/request-batching.md' contains a link '../architects-handbook/quantitative-analysis/queueing-models.md', but the target 'patterns/architects-handbook/quantitative-analysis/queueing-models.md' is not found among documentation files.
WARNING -  Doc file 'patterns/scaling/request-batching.md' contains a link '../quantitative/capacity-planning.md', but the target 'patterns/quantitative/capacity-planning.md' is not found among documentation files.
WARNING -  Doc file 'patterns/scaling/request-batching.md' contains a link '../human-factors/performance-testing.md', but the target 'patterns/human-factors/performance-testing.md' is not found among documentation files.
WARNING -  Doc file 'patterns/scaling/scatter-gather.md' contains a link 'resilience/circuit-breaker.md', but the target 'patterns/scaling/resilience/circuit-breaker.md' is not found among documentation files.
WARNING -  Doc file 'patterns/scaling/scatter-gather.md' contains a link 'scaling/load-balancing.md', but the target 'patterns/scaling/scaling/load-balancing.md' is not found among documentation files.
WARNING -  Doc file 'patterns/scaling/scatter-gather.md' contains a link 'data-management/saga.md', but the target 'patterns/scaling/data-management/saga.md' is not found among documentation files.
WARNING -  Doc file 'patterns/scaling/scatter-gather.md' contains a link 'communication/api-gateway.md', but the target 'patterns/scaling/communication/api-gateway.md' is not found among documentation files.
WARNING -  Doc file 'patterns/scaling/sharding.md' contains a link '../scaling/consistent-hashing.md', but the target 'patterns/scaling/consistent-hashing.md' is not found among documentation files.
WARNING -  Doc file 'patterns/scaling/sharding.md' contains a link '../data/database-per-service.md', but the target 'patterns/data/database-per-service.md' is not found among documentation files.
WARNING -  Doc file 'patterns/scaling/sharding.md' contains a link '../data/cqrs.md', but the target 'patterns/data/cqrs.md' is not found among documentation files.
WARNING -  Doc file 'patterns/scaling/sharding.md' contains a link '../infrastructure/service-mesh.md', but the target 'patterns/infrastructure/service-mesh.md' is not found among documentation files.
WARNING -  Doc file 'patterns/scaling/sharding.md' contains a link '../case-studies/discord-messages.md', but the target 'patterns/case-studies/discord-messages.md' is not found among documentation files.
WARNING -  Doc file 'patterns/scaling/sharding.md' contains a link '../case-studies/pinterest-sharding.md', but the target 'patterns/case-studies/pinterest-sharding.md' is not found among documentation files.
WARNING -  Doc file 'patterns/scaling/sharding.md' contains a link '../case-studies/uber-schemaless.md', but the target 'patterns/case-studies/uber-schemaless.md' is not found among documentation files.
INFO    -  Doc file 'patterns/scaling/tile-caching.md' contains an unrecognized relative link 'pattern-library/edge-computing', it was left as is.
WARNING -  Doc file 'patterns/scaling/tile-caching.md' contains a link 'cache-aside.md', but the target 'patterns/scaling/cache-aside.md' is not found among documentation files.
INFO    -  Doc file 'patterns/scaling/tile-caching.md' contains an unrecognized relative link 'case-studies/google-maps', it was left as is.
INFO    -  Doc file 'reference/admonition-guide.md' contains an unrecognized relative link 'reference/', it was left as is.
INFO    -  Doc file 'reference/admonition-guide.md' contains an unrecognized relative link 'reference/', it was left as is.
WARNING -  Doc file 'reference/cheat-sheets.md' contains a link '../quantitative/universal-scalability.md', but the target 'quantitative/universal-scalability.md' is not found among documentation files.
WARNING -  Doc file 'reference/cheat-sheets.md' contains a link '../patterns/tools/consistency-calculator.md', but the target 'patterns/tools/consistency-calculator.md' is not found among documentation files.
INFO    -  Doc file 'reference/contributing.md' contains an absolute link '/', it was left as is. Did you mean '../index.md'?
INFO    -  Doc file 'reference/contributing.md' contains an unrecognized relative link 'reference/', it was left as is.
INFO    -  Doc file 'reference/contributing.md' contains an unrecognized relative link 'reference/recipe-cards', it was left as is.
INFO    -  Doc file 'reference/contributing.md' contains an unrecognized relative link 'reference/', it was left as is.
INFO    -  Doc file 'reference/contributing.md' contains an absolute link '/', it was left as is. Did you mean '../index.md'?
INFO    -  Doc file 'reference/formatting-guide.md' contains an unrecognized relative link 'url', it was left as is.
WARNING -  Doc file 'reference/glossary.md' contains a link '../part2-pillars/truth/index.md', but the target 'part2-pillars/truth/index.md' is not found among documentation files.
WARNING -  Doc file 'reference/glossary.md' contains a link '../case-studies/amazon-dynamo.md', but the target 'case-studies/amazon-dynamo.md' is not found among documentation files.
WARNING -  Doc file 'reference/law-mapping-guide.md' contains a link '../part1-axioms/archive-old-8-law-structure/README.md', but the target 'part1-axioms/archive-old-8-law-structure/README.md' is not found among documentation files.
INFO    -  Doc file 'reference/recipe-cards.md' contains an unrecognized relative link 'case-studies/netflix-chaos', it was left as is.
INFO    -  Doc file 'reference/recipe-cards.md' contains an unrecognized relative link 'pattern-library/circuit-breaker', it was left as is.
INFO    -  Doc file 'reference/recipe-cards.md' contains an unrecognized relative link 'case-studies/amazon-dynamo', it was left as is.
INFO    -  Doc file 'reference/recipe-cards.md' contains an unrecognized relative link 'case-studies/consistent-hashing', it was left as is.
INFO    -  Doc file 'reference/recipe-cards.md' contains an unrecognized relative link 'pattern-library/observability', it was left as is.
INFO    -  Doc file 'reference/recipe-cards.md' contains an unrecognized relative link 'pattern-library/observability', it was left as is.
INFO    -  Doc file 'reference/recipe-cards.md' contains an unrecognized relative link 'tools/capacity-calculator', it was left as is.
INFO    -  Doc file 'reference/recipe-cards.md' contains an unrecognized relative link 'tools/latency-calculator', it was left as is.
WARNING -  Doc file 'reference/recipe-cards.md' contains a link '../patterns/architects-handbook/case-studies/index.md', but the target 'patterns/architects-handbook/case-studies/index.md' is not found among documentation files.
WARNING -  Doc file 'reference/tags.md' contains a link '../patterns/core-principles/laws/index.md', but the target 'patterns/core-principles/laws/index.md' is not found among documentation files.
INFO    -  MERMAID2  - Found superfences config: {'preserve_tabs': True, 'custom_fences': [{'name': 'mermaid', 'class': 'mermaid', 'format': <function fence_code_format at 0x7e94538a7b50>}]}
